Archive member included to satisfy reference by file (symbol)

C:/ST/STM32CubeIDE_1.14.0/STM32CubeIDE/plugins/com.st.stm32cube.ide.mcu.externaltools.gnu-tools-for-stm32.12.3.rel1.win32_1.0.100.202403111256/tools/bin/../lib/gcc/arm-none-eabi/12.3.1/../../../../arm-none-eabi/lib/thumb/v7e-m+fp/hard\libc_nano.a(libc_a-exit.o)
                              C:/ST/STM32CubeIDE_1.14.0/STM32CubeIDE/plugins/com.st.stm32cube.ide.mcu.externaltools.gnu-tools-for-stm32.12.3.rel1.win32_1.0.100.202403111256/tools/bin/../lib/gcc/arm-none-eabi/12.3.1/../../../../arm-none-eabi/lib/thumb/v7e-m+fp/hard/crt0.o (exit)
C:/ST/STM32CubeIDE_1.14.0/STM32CubeIDE/plugins/com.st.stm32cube.ide.mcu.externaltools.gnu-tools-for-stm32.12.3.rel1.win32_1.0.100.202403111256/tools/bin/../lib/gcc/arm-none-eabi/12.3.1/../../../../arm-none-eabi/lib/thumb/v7e-m+fp/hard\libc_nano.a(libc_a-findfp.o)
                              C:/ST/STM32CubeIDE_1.14.0/STM32CubeIDE/plugins/com.st.stm32cube.ide.mcu.externaltools.gnu-tools-for-stm32.12.3.rel1.win32_1.0.100.202403111256/tools/bin/../lib/gcc/arm-none-eabi/12.3.1/../../../../arm-none-eabi/lib/thumb/v7e-m+fp/hard\libc_nano.a(libc_a-exit.o) (__stdio_exit_handler)
C:/ST/STM32CubeIDE_1.14.0/STM32CubeIDE/plugins/com.st.stm32cube.ide.mcu.externaltools.gnu-tools-for-stm32.12.3.rel1.win32_1.0.100.202403111256/tools/bin/../lib/gcc/arm-none-eabi/12.3.1/../../../../arm-none-eabi/lib/thumb/v7e-m+fp/hard\libc_nano.a(libc_a-fwalk.o)
                              C:/ST/STM32CubeIDE_1.14.0/STM32CubeIDE/plugins/com.st.stm32cube.ide.mcu.externaltools.gnu-tools-for-stm32.12.3.rel1.win32_1.0.100.202403111256/tools/bin/../lib/gcc/arm-none-eabi/12.3.1/../../../../arm-none-eabi/lib/thumb/v7e-m+fp/hard\libc_nano.a(libc_a-findfp.o) (_fwalk_sglue)
C:/ST/STM32CubeIDE_1.14.0/STM32CubeIDE/plugins/com.st.stm32cube.ide.mcu.externaltools.gnu-tools-for-stm32.12.3.rel1.win32_1.0.100.202403111256/tools/bin/../lib/gcc/arm-none-eabi/12.3.1/../../../../arm-none-eabi/lib/thumb/v7e-m+fp/hard\libc_nano.a(libc_a-stdio.o)
                              C:/ST/STM32CubeIDE_1.14.0/STM32CubeIDE/plugins/com.st.stm32cube.ide.mcu.externaltools.gnu-tools-for-stm32.12.3.rel1.win32_1.0.100.202403111256/tools/bin/../lib/gcc/arm-none-eabi/12.3.1/../../../../arm-none-eabi/lib/thumb/v7e-m+fp/hard\libc_nano.a(libc_a-findfp.o) (__sread)
C:/ST/STM32CubeIDE_1.14.0/STM32CubeIDE/plugins/com.st.stm32cube.ide.mcu.externaltools.gnu-tools-for-stm32.12.3.rel1.win32_1.0.100.202403111256/tools/bin/../lib/gcc/arm-none-eabi/12.3.1/../../../../arm-none-eabi/lib/thumb/v7e-m+fp/hard\libc_nano.a(libc_a-memset.o)
                              C:/ST/STM32CubeIDE_1.14.0/STM32CubeIDE/plugins/com.st.stm32cube.ide.mcu.externaltools.gnu-tools-for-stm32.12.3.rel1.win32_1.0.100.202403111256/tools/bin/../lib/gcc/arm-none-eabi/12.3.1/../../../../arm-none-eabi/lib/thumb/v7e-m+fp/hard/crt0.o (memset)
C:/ST/STM32CubeIDE_1.14.0/STM32CubeIDE/plugins/com.st.stm32cube.ide.mcu.externaltools.gnu-tools-for-stm32.12.3.rel1.win32_1.0.100.202403111256/tools/bin/../lib/gcc/arm-none-eabi/12.3.1/../../../../arm-none-eabi/lib/thumb/v7e-m+fp/hard\libc_nano.a(libc_a-closer.o)
                              C:/ST/STM32CubeIDE_1.14.0/STM32CubeIDE/plugins/com.st.stm32cube.ide.mcu.externaltools.gnu-tools-for-stm32.12.3.rel1.win32_1.0.100.202403111256/tools/bin/../lib/gcc/arm-none-eabi/12.3.1/../../../../arm-none-eabi/lib/thumb/v7e-m+fp/hard\libc_nano.a(libc_a-stdio.o) (_close_r)
C:/ST/STM32CubeIDE_1.14.0/STM32CubeIDE/plugins/com.st.stm32cube.ide.mcu.externaltools.gnu-tools-for-stm32.12.3.rel1.win32_1.0.100.202403111256/tools/bin/../lib/gcc/arm-none-eabi/12.3.1/../../../../arm-none-eabi/lib/thumb/v7e-m+fp/hard\libc_nano.a(libc_a-reent.o)
                              C:/ST/STM32CubeIDE_1.14.0/STM32CubeIDE/plugins/com.st.stm32cube.ide.mcu.externaltools.gnu-tools-for-stm32.12.3.rel1.win32_1.0.100.202403111256/tools/bin/../lib/gcc/arm-none-eabi/12.3.1/../../../../arm-none-eabi/lib/thumb/v7e-m+fp/hard\libc_nano.a(libc_a-closer.o) (errno)
C:/ST/STM32CubeIDE_1.14.0/STM32CubeIDE/plugins/com.st.stm32cube.ide.mcu.externaltools.gnu-tools-for-stm32.12.3.rel1.win32_1.0.100.202403111256/tools/bin/../lib/gcc/arm-none-eabi/12.3.1/../../../../arm-none-eabi/lib/thumb/v7e-m+fp/hard\libc_nano.a(libc_a-impure.o)
                              C:/ST/STM32CubeIDE_1.14.0/STM32CubeIDE/plugins/com.st.stm32cube.ide.mcu.externaltools.gnu-tools-for-stm32.12.3.rel1.win32_1.0.100.202403111256/tools/bin/../lib/gcc/arm-none-eabi/12.3.1/../../../../arm-none-eabi/lib/thumb/v7e-m+fp/hard\libc_nano.a(libc_a-reent.o) (_impure_ptr)
C:/ST/STM32CubeIDE_1.14.0/STM32CubeIDE/plugins/com.st.stm32cube.ide.mcu.externaltools.gnu-tools-for-stm32.12.3.rel1.win32_1.0.100.202403111256/tools/bin/../lib/gcc/arm-none-eabi/12.3.1/../../../../arm-none-eabi/lib/thumb/v7e-m+fp/hard\libc_nano.a(libc_a-lseekr.o)
[...]
Memory Configuration

Name             Origin             Length             Attributes
RAM              0x20000000         0x00018000         xrw
RAM2             0x10000000         0x00008000         xrw
FLASH            0x08000000         0x00100000         xr
*default*        0x00000000         0xffffffff

Linker script and memory map

LOAD C:/ST/STM32CubeIDE_1.14.0/STM32CubeIDE/plugins/com.st.stm32cube.ide.mcu.externaltools.gnu-tools-for-stm32.12.3.rel1.win32_1.0.100.202403111256/tools/bin/../lib/gcc/arm-none-eabi/12.3.1/thumb/v7e-m+fp/hard/crti.o
LOAD C:/ST/STM32CubeIDE_1.14.0/STM32CubeIDE/plugins/com.st.stm32cube.ide.mcu.externaltools.gnu-tools-for-stm32.12.3.rel1.win32_1.0.100.202403111256/tools/bin/../lib/gcc/arm-none-eabi/12.3.1/thumb/v7e-m+fp/hard/crtbegin.o
LOAD C:/ST/STM32CubeIDE_1.14.0/STM32CubeIDE/plugins/com.st.stm32cube.ide.mcu.externaltools.gnu-tools-for-stm32.12.3.rel1.win32_1.0.100.202403111256/tools/bin/../lib/gcc/arm-none-eabi/12.3.1/../../../../arm-none-eabi/lib/thumb/v7e-m+fp/hard/crt0.o
LOAD ./Core/Src/communication.o
LOAD ./Core/Src/main.o
LOAD ./Core/Src/stimControl.o
LOAD ./Core/Src/stm32l4xx_hal_msp.o
LOAD ./Core/Src/stm32l4xx_it.o
LOAD ./Core/Src/syscalls.o
LOAD ./Core/Src/sysmem.o
LOAD ./Core/Src/system_stm32l4xx.o
LOAD ./Core/Startup/startup_stm32l476rgtx.o
LOAD ./Drivers/STM32L4xx_HAL_Driver/Src/stm32l4xx_hal.o
LOAD ./Drivers/STM32L4xx_HAL_Driver/Src/stm32l4xx_hal_cortex.o
LOAD ./Drivers/STM32L4xx_HAL_Driver/Src/stm32l4xx_hal_dac.o
LOAD ./Drivers/STM32L4xx_HAL_Driver/Src/stm32l4xx_hal_dac_ex.o
LOAD ./Drivers/STM32L4xx_HAL_Driver/Src/stm32l4xx_hal_dma.o
LOAD ./Drivers/STM32L4xx_HAL_Driver/Src/stm32l4xx_hal_dma_ex.o
LOAD ./Drivers/STM32L4xx_HAL_Driver/Src/stm32l4xx_hal_exti.o
LOAD ./Drivers/STM32L4xx_HAL_Driver/Src/stm32l4xx_hal_flash.o
LOAD ./Drivers/STM32L4xx_HAL_Driver/Src/stm32l4xx_hal_flash_ex.o
LOAD ./Drivers/STM32L4xx_HAL_Driver/Src/stm32l4xx_hal_flash_ramfunc.o
LOAD ./Drivers/STM32L4xx_HAL_Driver/Src/stm32l4xx_hal_gpio.o
LOAD ./Drivers/STM32L4xx_HAL_Driver/Src/stm32l4xx_hal_i2c.o
LOAD ./Drivers/STM32L4xx_HAL_Driver/Src/stm32l4xx_hal_i2c_ex.o
LOAD ./Drivers/STM32L4xx_HAL_Driver/Src/stm32l4xx_hal_pwr.o
LOAD ./Drivers/STM32L4xx_HAL_Driver/Src/stm32l4xx_hal_pwr_ex.o
LOAD ./Drivers/STM32L4xx_HAL_Driver/Src/stm32l4xx_hal_rcc.o
LOAD ./Drivers/STM32L4xx_HAL_Driver/Src/stm32l4xx_hal_rcc_ex.o
LOAD ./Drivers/STM32L4xx_HAL_Driver/Src/stm32l4xx_hal_spi.o
LOAD ./Drivers/STM32L4xx_HAL_Driver/Src/stm32l4xx_hal_spi_ex.o
LOAD ./Drivers/STM32L4xx_HAL_Driver/Src/stm32l4xx_hal_tim.o
LOAD ./Drivers/STM32L4xx_HAL_Driver/Src/stm32l4xx_hal_tim_ex.o
LOAD ./Drivers/STM32L4xx_HAL_Driver/Src/stm32l4xx_hal_uart.o
LOAD ./Drivers/STM32L4xx_HAL_Driver/Src/stm32l4xx_hal_uart_ex.o
START GROUP
LOAD C:/ST/STM32CubeIDE_1.14.0/STM32CubeIDE/plugins/com.st.stm32cube.ide.mcu.externaltools.gnu-tools-for-stm32.12.3.rel1.win32_1.0.100.202403111256/tools/bin/../lib/gcc/arm-none-eabi/12.3.1/../../../../arm-none-eabi/lib/thumb/v7e-m+fp/hard\libc_nano.a
LOAD C:/ST/STM32CubeIDE_1.14.0/STM32CubeIDE/plugins/com.st.stm32cube.ide.mcu.externaltools.gnu-tools-for-stm32.12.3.rel1.win32_1.0.100.202403111256/tools/bin/../lib/gcc/arm-none-eabi/12.3.1/../../../../arm-none-eabi/lib/thumb/v7e-m+fp/hard\libm.a
END GROUP
START GROUP
LOAD C:/ST/STM32CubeIDE_1.14.0/STM32CubeIDE/plugins/com.st.stm32cube.ide.mcu.externaltools.gnu-tools-for-stm32.12.3.rel1.win32_1.0.100.202403111256/tools/bin/../lib/gcc/arm-none-eabi/12.3.1/thumb/v7e-m+fp/hard\libgcc.a
LOAD C:/ST/STM32CubeIDE_1.14.0/STM32CubeIDE/plugins/com.st.stm32cube.ide.mcu.externaltools.gnu-tools-for-stm32.12.3.rel1.win32_1.0.100.202403111256/tools/bin/../lib/gcc/arm-none-eabi/12.3.1/../../../../arm-none-eabi/lib/thumb/v7e-m+fp/hard\libc_nano.a
END GROUP
START GROUP
LOAD C:/ST/STM32CubeIDE_1.14.0/STM32CubeIDE/plugins/com.st.stm32cube.ide.mcu.externaltools.gnu-tools-for-stm32.12.3.rel1.win32_1.0.100.202403111256/tools/bin/../lib/gcc/arm-none-eabi/12.3.1/thumb/v7e-m+fp/hard\libgcc.a
LOAD C:/ST/STM32CubeIDE_1.14.0/STM32CubeIDE/plugins/com.st.stm32cube.ide.mcu.externaltools.gnu-tools-for-stm32.12.3.rel1.win32_1.0.100.202403111256/tools/bin/../lib/gcc/arm-none-eabi/12.3.1/../../../../arm-none-eabi/lib/thumb/v7e-m+fp/hard\libc_nano.a
LOAD C:/ST/STM32CubeIDE_1.14.0/STM32CubeIDE/plugins/com.st.stm32cube.ide.mcu.externaltools.gnu-tools-for-stm32.12.3.rel1.win32_1.0.100.202403111256/tools/bin/../lib/gcc/arm-none-eabi/12.3.1/../../../../arm-none-eabi/lib/thumb/v7e-m+fp/hard\libnosys.a
END GROUP
START GROUP
LOAD C:/ST/STM32CubeIDE_1.14.0/STM32CubeIDE/plugins/com.st.stm32cube.ide.mcu.externaltools.gnu-tools-for-stm32.12.3.rel1.win32_1.0.100.202403111256/tools/bin/../lib/gcc/arm-none-eabi/12.3.1/thumb/v7e-m+fp/hard\libgcc.a
LOAD C:/ST/STM32CubeIDE_1.14.0/STM32CubeIDE/plugins/com.st.stm32cube.ide.mcu.externaltools.gnu-tools-for-stm32.12.3.rel1.win32_1.0.100.202403111256/tools/bin/../lib/gcc/arm-none-eabi/12.3.1/../../../../arm-none-eabi/lib/thumb/v7e-m+fp/hard\libc_nano.a
LOAD C:/ST/STM32CubeIDE_1.14.0/STM32CubeIDE/plugins/com.st.stm32cube.ide.mcu.externaltools.gnu-tools-for-stm32.12.3.rel1.win32_1.0.100.202403111256/tools/bin/../lib/gcc/arm-none-eabi/12.3.1/../../../../arm-none-eabi/lib/thumb/v7e-m+fp/hard\libnosys.a
END GROUP
LOAD C:/ST/STM32CubeIDE_1.14.0/STM32CubeIDE/plugins/com.st.stm32cube.ide.mcu.externaltools.gnu-tools-for-stm32.12.3.rel1.win32_1.0.100.202403111256/tools/bin/../lib/gcc/arm-none-eabi/12.3.1/thumb/v7e-m+fp/hard/crtend.o
LOAD C:/ST/STM32CubeIDE_1.14.0/STM32CubeIDE/plugins/com.st.stm32cube.ide.mcu.externaltools.gnu-tools-for-stm32.12.3.rel1.win32_1.0.100.202403111256/tools/bin/../lib/gcc/arm-none-eabi/12.3.1/thumb/v7e-m+fp/hard/crtn.o
                0x20018000                        _estack = (ORIGIN (RAM) + LENGTH (RAM))
                0x00000200                        _Min_Heap_Size = 0x200
                0x00000400                        _Min_Stack_Size = 0x400

.isr_vector     0x08000000      0x188
                0x08000000                        . = ALIGN (0x4)
 *(.isr_vector)
 .isr_vector    0x08000000      0x188 ./Core/Startup/startup_stm32l476rgtx.o
                0x08000000                g_pfnVectors
                0x08000188                        . = ALIGN (0x4)

.text           0x08000188     0x762c
                0x08000188                        . = ALIGN (0x4)
 *(.text)
 .text          0x08000188       0x40 C:/ST/STM32CubeIDE_1.14.0/STM32CubeIDE/plugins/com.st.stm32cube.ide.mcu.externaltools.gnu-tools-for-stm32.12.3.rel1.win32_1.0.100.202403111256/tools/bin/../lib/gcc/arm-none-eabi/12.3.1/thumb/v7e-m+fp/hard/crtbegin.o
 .text          0x080001c8      0x378 C:/ST/STM32CubeIDE_1.14.0/STM32CubeIDE/plugins/com.st.stm32cube.ide.mcu.externaltools.gnu-tools-for-stm32.12.3.rel1.win32_1.0.100.202403111256/tools/bin/../lib/gcc/arm-none-eabi/12.3.1/thumb/v7e-m+fp/hard\libgcc.a(_arm_addsubdf3.o)
                0x080001c8                __aeabi_drsub
                0x080001d0                __aeabi_dsub
                0x080001d0                __subdf3
                0x080001d4                __aeabi_dadd
                0x080001d4                __adddf3
                0x0800044c                __floatunsidf
                0x0800044c                __aeabi_ui2d
                0x0800046c                __floatsidf
                0x0800046c                __aeabi_i2d
                0x08000490                __aeabi_f2d
                0x08000490                __extendsfdf2
                0x080004d4                __floatundidf
                0x080004d4                __aeabi_ul2d
                0x080004e4                __floatdidf
                0x080004e4                __aeabi_l2d
 .text          0x08000540      0x424 C:/ST/STM32CubeIDE_1.14.0/STM32CubeIDE/plugins/com.st.stm32cube.ide.mcu.externaltools.gnu-tools-for-stm32.12.3.rel1.win32_1.0.100.202403111256/tools/bin/../lib/gcc/arm-none-eabi/12.3.1/thumb/v7e-m+fp/hard\libgcc.a(_arm_muldivdf3.o)
                0x08000540                __aeabi_dmul
                0x08000540                __muldf3
                0x08000794                __divdf3
                0x08000794                __aeabi_ddiv
 .text          0x08000964       0x40 C:/ST/STM32CubeIDE_1.14.0/STM32CubeIDE/plugins/com.st.stm32cube.ide.mcu.externaltools.gnu-tools-for-stm32.12.3.rel1.win32_1.0.100.202403111256/tools/bin/../lib/gcc/arm-none-eabi/12.3.1/thumb/v7e-m+fp/hard\libgcc.a(_arm_fixunsdfsi.o)
                0x08000964                __aeabi_d2uiz
                0x08000964                __fixunsdfsi
 .text          0x080009a4       0x30 C:/ST/STM32CubeIDE_1.14.0/STM32CubeIDE/plugins/com.st.stm32cube.ide.mcu.externaltools.gnu-tools-for-stm32.12.3.rel1.win32_1.0.100.202403111256/tools/bin/../lib/gcc/arm-none-eabi/12.3.1/thumb/v7e-m+fp/hard\libgcc.a(_aeabi_uldivmod.o)
                0x080009a4                __aeabi_uldivmod
 .text          0x080009d4      0x2bc C:/ST/STM32CubeIDE_1.14.0/STM32CubeIDE/plugins/com.st.stm32cube.ide.mcu.externaltools.gnu-tools-for-stm32.12.3.rel1.win32_1.0.100.202403111256/tools/bin/../lib/gcc/arm-none-eabi/12.3.1/thumb/v7e-m+fp/hard\libgcc.a(_udivmoddi4.o)
                0x080009d4                __udivmoddi4
 .text          0x08000c90        0x4 C:/ST/STM32CubeIDE_1.14.0/STM32CubeIDE/plugins/com.st.stm32cube.ide.mcu.externaltools.gnu-tools-for-stm32.12.3.rel1.win32_1.0.100.202403111256/tools/bin/../lib/gcc/arm-none-eabi/12.3.1/thumb/v7e-m+fp/hard\libgcc.a(_dvmd_tls.o)
                0x08000c90                __aeabi_idiv0
                0x08000c90                __aeabi_ldiv0
 *(.text*)
 .text.__NVIC_SystemReset
                0x08000c94       0x2c ./Core/Src/communication.o
 .text.checkCRC
                0x08000cc0       0x56 ./Core/Src/communication.o
                0x08000cc0                checkCRC
 *fill*         0x08000d16        0x2 
 .text.parseUserInput
                0x08000d18      0x43c ./Core/Src/communication.o
                0x08000d18                parseUserInput
 .text.sendStimProgramInfo
                0x08001154      0x114 ./Core/Src/communication.o
                0x08001154                sendStimProgramInfo
 .text.parseBatteryInfo
                0x08001268       0x1c ./Core/Src/communication.o
                0x08001268                parseBatteryInfo
 .text.UART_handleTimeOut
                0x08001284       0x98 ./Core/Src/communication.o
                0x08001284                UART_handleTimeOut
 .text.main     0x0800131c      0x1ec ./Core/Src/main.o
                0x0800131c                main
 .text.SystemClock_Config
                0x08001508       0x9e ./Core/Src/main.o
                0x08001508                SystemClock_Config
 *fill*         0x080015a6        0x2 
 .text.MX_DAC1_Init
                0x080015a8       0x64 ./Core/Src/main.o
 .text.MX_SPI1_Init
                0x0800160c       0x7c ./Core/Src/main.o
 .text.MX_TIM2_Init
                0x08001688       0x9c ./Core/Src/main.o
 .text.MX_USART1_UART_Init
                0x08001724       0x60 ./Core/Src/main.o
 .text.MX_USART2_UART_Init
                0x08001784       0x60 ./Core/Src/main.o
 .text.MX_DMA_Init
                0x080017e4       0x3c ./Core/Src/main.o
 .text.MX_GPIO_Init
                0x08001820      0x10c ./Core/Src/main.o
 .text.HAL_UART_RxCpltCallback
                0x0800192c       0xc0 ./Core/Src/main.o
                0x0800192c                HAL_UART_RxCpltCallback
 .text.Error_Handler
                0x080019ec        0xc ./Core/Src/main.o
                0x080019ec                Error_Handler
 .text.initializeTimerSettings
                0x080019f8       0x38 ./Core/Src/stimControl.o
                0x080019f8                initializeTimerSettings
 .text.initializeStimparams
                0x08001a30       0xb0 ./Core/Src/stimControl.o
                0x08001a30                initializeStimparams
 .text.offsetData
                0x08001ae0       0xa0 ./Core/Src/stimControl.o
                0x08001ae0                offsetData
 .text.fillWithBell
                0x08001b80      0x2da ./Core/Src/stimControl.o
                0x08001b80                fillWithBell
 *fill*         0x08001e5a        0x2 
 .text.swapBits
                0x08001e5c       0x84 ./Core/Src/stimControl.o
                0x08001e5c                swapBits
 .text.generateStimulationPattern
                0x08001ee0      0x1c4 ./Core/Src/stimControl.o
                0x08001ee0                generateStimulationPattern
 .text.start_DMA
                0x080020a4       0x2c ./Core/Src/stimControl.o
                0x080020a4                start_DMA
 .text.handleStimulation
                0x080020d0      0x3cc ./Core/Src/stimControl.o
                0x080020d0                handleStimulation
 .text.HAL_MspInit
                0x0800249c       0x48 ./Core/Src/stm32l4xx_hal_msp.o
                0x0800249c                HAL_MspInit
 .text.HAL_DAC_MspInit
                0x080024e4       0x7c ./Core/Src/stm32l4xx_hal_msp.o
                0x080024e4                HAL_DAC_MspInit
 .text.HAL_SPI_MspInit
                0x08002560       0x84 ./Core/Src/stm32l4xx_hal_msp.o
                0x08002560                HAL_SPI_MspInit
 .text.HAL_TIM_Base_MspInit
                0x080025e4       0x98 ./Core/Src/stm32l4xx_hal_msp.o
                0x080025e4                HAL_TIM_Base_MspInit
 .text.HAL_UART_MspInit
                0x0800267c      0x164 ./Core/Src/stm32l4xx_hal_msp.o
                0x0800267c                HAL_UART_MspInit
 .text.NMI_Handler
                0x080027e0        0x8 ./Core/Src/stm32l4xx_it.o
                0x080027e0                NMI_Handler
 .text.HardFault_Handler
                0x080027e8        0x8 ./Core/Src/stm32l4xx_it.o
                0x080027e8                HardFault_Handler
 .text.MemManage_Handler
                0x080027f0        0x8 ./Core/Src/stm32l4xx_it.o
                0x080027f0                MemManage_Handler
 .text.BusFault_Handler
                0x080027f8        0x8 ./Core/Src/stm32l4xx_it.o
                0x080027f8                BusFault_Handler
 .text.UsageFault_Handler
                0x08002800        0x8 ./Core/Src/stm32l4xx_it.o
                0x08002800                UsageFault_Handler
 .text.SVC_Handler
                0x08002808        0xe ./Core/Src/stm32l4xx_it.o
                0x08002808                SVC_Handler
 .text.DebugMon_Handler
                0x08002816        0xe ./Core/Src/stm32l4xx_it.o
                0x08002816                DebugMon_Handler
 .text.PendSV_Handler
                0x08002824        0xe ./Core/Src/stm32l4xx_it.o
                0x08002824                PendSV_Handler
 .text.SysTick_Handler
                0x08002832        0xc ./Core/Src/stm32l4xx_it.o
                0x08002832                SysTick_Handler
 *fill*         0x0800283e        0x2 
 .text.DMA1_Channel2_IRQHandler
                0x08002840       0x38 ./Core/Src/stm32l4xx_it.o
                0x08002840                DMA1_Channel2_IRQHandler
 .text.USART1_IRQHandler
                0x08002878       0x58 ./Core/Src/stm32l4xx_it.o
                0x08002878                USART1_IRQHandler
 .text.USART2_IRQHandler
                0x080028d0       0x58 ./Core/Src/stm32l4xx_it.o
                0x080028d0                USART2_IRQHandler
 .text.SystemInit
                0x08002928       0x24 ./Core/Src/system_stm32l4xx.o
                0x08002928                SystemInit
 .text.Reset_Handler
                0x0800294c       0x50 ./Core/Startup/startup_stm32l476rgtx.o
                0x0800294c                Reset_Handler
 .text.Default_Handler
                0x0800299c        0x2 ./Core/Startup/startup_stm32l476rgtx.o
                0x0800299c                RTC_Alarm_IRQHandler
                0x0800299c                EXTI2_IRQHandler
                0x0800299c                TIM8_TRG_COM_IRQHandler
                0x0800299c                TIM8_CC_IRQHandler
                0x0800299c                TIM1_CC_IRQHandler
                0x0800299c                TSC_IRQHandler
                0x0800299c                TAMP_STAMP_IRQHandler
                0x0800299c                EXTI3_IRQHandler
                0x0800299c                LPTIM2_IRQHandler
                0x0800299c                DFSDM1_FLT1_IRQHandler
                0x0800299c                I2C3_ER_IRQHandler
                0x0800299c                DFSDM1_FLT2_IRQHandler
                0x0800299c                EXTI0_IRQHandler
                0x0800299c                I2C2_EV_IRQHandler
                0x0800299c                CAN1_RX0_IRQHandler
                0x0800299c                FPU_IRQHandler
                0x0800299c                TIM1_UP_TIM16_IRQHandler
                0x0800299c                ADC1_2_IRQHandler
                0x0800299c                SPI1_IRQHandler
                0x0800299c                TIM6_DAC_IRQHandler
                0x0800299c                TIM8_UP_IRQHandler
                0x0800299c                DMA2_Channel2_IRQHandler
                0x0800299c                DMA1_Channel4_IRQHandler
                0x0800299c                SAI2_IRQHandler
                0x0800299c                DFSDM1_FLT3_IRQHandler
                0x0800299c                USART3_IRQHandler
                0x0800299c                DMA1_Channel7_IRQHandler
                0x0800299c                CAN1_RX1_IRQHandler
                0x0800299c                LCD_IRQHandler
                0x0800299c                UART5_IRQHandler
                0x0800299c                ADC3_IRQHandler
                0x0800299c                TIM4_IRQHandler
                0x0800299c                DMA2_Channel1_IRQHandler
                0x0800299c                QUADSPI_IRQHandler
                0x0800299c                I2C1_EV_IRQHandler
                0x0800299c                DMA1_Channel6_IRQHandler
                0x0800299c                UART4_IRQHandler
                0x0800299c                DMA2_Channel4_IRQHandler
                0x0800299c                TIM3_IRQHandler
                0x0800299c                RCC_IRQHandler
                0x0800299c                DMA1_Channel1_IRQHandler
                0x0800299c                Default_Handler
                0x0800299c                DMA2_Channel7_IRQHandler
                0x0800299c                EXTI15_10_IRQHandler
                0x0800299c                TIM7_IRQHandler
                0x0800299c                SDMMC1_IRQHandler
                0x0800299c                TIM5_IRQHandler
                0x0800299c                I2C3_EV_IRQHandler
                0x0800299c                EXTI9_5_IRQHandler
                0x0800299c                RTC_WKUP_IRQHandler
                0x0800299c                PVD_PVM_IRQHandler
                0x0800299c                SPI2_IRQHandler
                0x0800299c                CAN1_TX_IRQHandler
                0x0800299c                DMA2_Channel5_IRQHandler
                0x0800299c                DMA1_Channel5_IRQHandler
                0x0800299c                EXTI4_IRQHandler
                0x0800299c                RNG_IRQHandler
                0x0800299c                TIM1_TRG_COM_TIM17_IRQHandler
                0x0800299c                DMA1_Channel3_IRQHandler
                0x0800299c                COMP_IRQHandler
                0x0800299c                WWDG_IRQHandler
                0x0800299c                LPUART1_IRQHandler
                0x0800299c                DMA2_Channel6_IRQHandler
                0x0800299c                TIM2_IRQHandler
                0x0800299c                EXTI1_IRQHandler
                0x0800299c                DFSDM1_FLT0_IRQHandler
                0x0800299c                I2C2_ER_IRQHandler
                0x0800299c                TIM8_BRK_IRQHandler
                0x0800299c                CAN1_SCE_IRQHandler
                0x0800299c                FLASH_IRQHandler
                0x0800299c                OTG_FS_IRQHandler
                0x0800299c                SPI3_IRQHandler
                0x0800299c                I2C1_ER_IRQHandler
                0x0800299c                FMC_IRQHandler
                0x0800299c                SWPMI1_IRQHandler
                0x0800299c                LPTIM1_IRQHandler
                0x0800299c                SAI1_IRQHandler
                0x0800299c                DMA2_Channel3_IRQHandler
                0x0800299c                TIM1_BRK_TIM15_IRQHandler
 .text.HAL_Init
                0x0800299e       0x30 ./Drivers/STM32L4xx_HAL_Driver/Src/stm32l4xx_hal.o
                0x0800299e                HAL_Init
 *fill*         0x080029ce        0x2 
 .text.HAL_InitTick
                0x080029d0       0x78 ./Drivers/STM32L4xx_HAL_Driver/Src/stm32l4xx_hal.o
                0x080029d0                HAL_InitTick
 .text.HAL_IncTick
                0x08002a48       0x28 ./Drivers/STM32L4xx_HAL_Driver/Src/stm32l4xx_hal.o
                0x08002a48                HAL_IncTick
 .text.HAL_GetTick
                0x08002a70       0x18 ./Drivers/STM32L4xx_HAL_Driver/Src/stm32l4xx_hal.o
                0x08002a70                HAL_GetTick
 .text.HAL_Delay
                0x08002a88       0x48 ./Drivers/STM32L4xx_HAL_Driver/Src/stm32l4xx_hal.o
                0x08002a88                HAL_Delay
 .text.__NVIC_SetPriorityGrouping
                0x08002ad0       0x48 ./Drivers/STM32L4xx_HAL_Driver/Src/stm32l4xx_hal_cortex.o
 .text.__NVIC_GetPriorityGrouping
                0x08002b18       0x1c ./Drivers/STM32L4xx_HAL_Driver/Src/stm32l4xx_hal_cortex.o
 .text.__NVIC_EnableIRQ
                0x08002b34       0x3c ./Drivers/STM32L4xx_HAL_Driver/Src/stm32l4xx_hal_cortex.o
 .text.__NVIC_SetPriority
                0x08002b70       0x54 ./Drivers/STM32L4xx_HAL_Driver/Src/stm32l4xx_hal_cortex.o
 .text.NVIC_EncodePriority
                0x08002bc4       0x66 ./Drivers/STM32L4xx_HAL_Driver/Src/stm32l4xx_hal_cortex.o
 *fill*         0x08002c2a        0x2 
 .text.SysTick_Config
                0x08002c2c       0x44 ./Drivers/STM32L4xx_HAL_Driver/Src/stm32l4xx_hal_cortex.o
 .text.HAL_NVIC_SetPriorityGrouping
                0x08002c70       0x16 ./Drivers/STM32L4xx_HAL_Driver/Src/stm32l4xx_hal_cortex.o
                0x08002c70                HAL_NVIC_SetPriorityGrouping
 .text.HAL_NVIC_SetPriority
                0x08002c86       0x38 ./Drivers/STM32L4xx_HAL_Driver/Src/stm32l4xx_hal_cortex.o
                0x08002c86                HAL_NVIC_SetPriority
 .text.HAL_NVIC_EnableIRQ
                0x08002cbe       0x1c ./Drivers/STM32L4xx_HAL_Driver/Src/stm32l4xx_hal_cortex.o
                0x08002cbe                HAL_NVIC_EnableIRQ
 .text.HAL_SYSTICK_Config
                0x08002cda       0x18 ./Drivers/STM32L4xx_HAL_Driver/Src/stm32l4xx_hal_cortex.o
                0x08002cda                HAL_SYSTICK_Config
 .text.HAL_DAC_Init
                0x08002cf2       0x44 ./Drivers/STM32L4xx_HAL_Driver/Src/stm32l4xx_hal_dac.o
                0x08002cf2                HAL_DAC_Init
 .text.HAL_DAC_Start
                0x08002d36       0x9a ./Drivers/STM32L4xx_HAL_Driver/Src/stm32l4xx_hal_dac.o
                0x08002d36                HAL_DAC_Start
 .text.HAL_DAC_ConfigChannel
                0x08002dd0      0x24e ./Drivers/STM32L4xx_HAL_Driver/Src/stm32l4xx_hal_dac.o
                0x08002dd0                HAL_DAC_ConfigChannel
 *fill*         0x0800301e        0x2 
 .text.HAL_DMA_Init
                0x08003020      0x170 ./Drivers/STM32L4xx_HAL_Driver/Src/stm32l4xx_hal_dma.o
                0x08003020                HAL_DMA_Init
 .text.HAL_DMA_Start_IT
                0x08003190       0xc0 ./Drivers/STM32L4xx_HAL_Driver/Src/stm32l4xx_hal_dma.o
                0x08003190                HAL_DMA_Start_IT
 .text.HAL_DMA_Abort
                0x08003250       0x7c ./Drivers/STM32L4xx_HAL_Driver/Src/stm32l4xx_hal_dma.o
                0x08003250                HAL_DMA_Abort
 .text.HAL_DMA_Abort_IT
                0x080032cc       0x82 ./Drivers/STM32L4xx_HAL_Driver/Src/stm32l4xx_hal_dma.o
                0x080032cc                HAL_DMA_Abort_IT
 .text.HAL_DMA_IRQHandler
                0x0800334e      0x15e ./Drivers/STM32L4xx_HAL_Driver/Src/stm32l4xx_hal_dma.o
                0x0800334e                HAL_DMA_IRQHandler
 .text.DMA_SetConfig
                0x080034ac       0x60 ./Drivers/STM32L4xx_HAL_Driver/Src/stm32l4xx_hal_dma.o
 .text.HAL_GPIO_Init
                0x0800350c      0x354 ./Drivers/STM32L4xx_HAL_Driver/Src/stm32l4xx_hal_gpio.o
                0x0800350c                HAL_GPIO_Init
 .text.HAL_GPIO_WritePin
                0x08003860       0x30 ./Drivers/STM32L4xx_HAL_Driver/Src/stm32l4xx_hal_gpio.o
                0x08003860                HAL_GPIO_WritePin
 .text.HAL_PWREx_GetVoltageRange
                0x08003890       0x1c ./Drivers/STM32L4xx_HAL_Driver/Src/stm32l4xx_hal_pwr_ex.o
                0x08003890                HAL_PWREx_GetVoltageRange
 .text.HAL_PWREx_ControlVoltageScaling
                0x080038ac       0xac ./Drivers/STM32L4xx_HAL_Driver/Src/stm32l4xx_hal_pwr_ex.o
                0x080038ac                HAL_PWREx_ControlVoltageScaling
 .text.HAL_RCC_OscConfig
                0x08003958      0x7b8 ./Drivers/STM32L4xx_HAL_Driver/Src/stm32l4xx_hal_rcc.o
                0x08003958                HAL_RCC_OscConfig
 .text.HAL_RCC_ClockConfig
                0x08004110      0x200 ./Drivers/STM32L4xx_HAL_Driver/Src/stm32l4xx_hal_rcc.o
                0x08004110                HAL_RCC_ClockConfig
 .text.HAL_RCC_GetSysClockFreq
                0x08004310      0x118 ./Drivers/STM32L4xx_HAL_Driver/Src/stm32l4xx_hal_rcc.o
                0x08004310                HAL_RCC_GetSysClockFreq
 .text.HAL_RCC_GetHCLKFreq
                0x08004428       0x18 ./Drivers/STM32L4xx_HAL_Driver/Src/stm32l4xx_hal_rcc.o
                0x08004428                HAL_RCC_GetHCLKFreq
 .text.HAL_RCC_GetPCLK1Freq
                0x08004440       0x2c ./Drivers/STM32L4xx_HAL_Driver/Src/stm32l4xx_hal_rcc.o
                0x08004440                HAL_RCC_GetPCLK1Freq
 .text.HAL_RCC_GetPCLK2Freq
                0x0800446c       0x2c ./Drivers/STM32L4xx_HAL_Driver/Src/stm32l4xx_hal_rcc.o
                0x0800446c                HAL_RCC_GetPCLK2Freq
 .text.RCC_SetFlashLatencyFromMSIRange
                0x08004498       0xc0 ./Drivers/STM32L4xx_HAL_Driver/Src/stm32l4xx_hal_rcc.o
 .text.HAL_RCCEx_PeriphCLKConfig
                0x08004558      0x5d4 ./Drivers/STM32L4xx_HAL_Driver/Src/stm32l4xx_hal_rcc_ex.o
                0x08004558                HAL_RCCEx_PeriphCLKConfig
 .text.RCCEx_PLLSAI1_Config
                0x08004b2c      0x1e8 ./Drivers/STM32L4xx_HAL_Driver/Src/stm32l4xx_hal_rcc_ex.o
 .text.RCCEx_PLLSAI2_Config
                0x08004d14      0x1bc ./Drivers/STM32L4xx_HAL_Driver/Src/stm32l4xx_hal_rcc_ex.o
 .text.HAL_SPI_Init
                0x08004ed0      0x146 ./Drivers/STM32L4xx_HAL_Driver/Src/stm32l4xx_hal_spi.o
                0x08004ed0                HAL_SPI_Init
 .text.HAL_SPI_Transmit
                0x08005016      0x2ea ./Drivers/STM32L4xx_HAL_Driver/Src/stm32l4xx_hal_spi.o
                0x08005016                HAL_SPI_Transmit
 .text.SPI_WaitFlagStateUntilTimeout
                0x08005300      0x110 ./Drivers/STM32L4xx_HAL_Driver/Src/stm32l4xx_hal_spi.o
 .text.SPI_WaitFifoStateUntilTimeout
                0x08005410      0x12c ./Drivers/STM32L4xx_HAL_Driver/Src/stm32l4xx_hal_spi.o
 .text.SPI_EndRxTxTransaction
                0x0800553c       0x8c ./Drivers/STM32L4xx_HAL_Driver/Src/stm32l4xx_hal_spi.o
 .text.HAL_TIM_Base_Init
                0x080055c8       0xae ./Drivers/STM32L4xx_HAL_Driver/Src/stm32l4xx_hal_tim.o
                0x080055c8                HAL_TIM_Base_Init
 *fill*         0x08005676        0x2 
 .text.HAL_TIM_Base_Start_IT
                0x08005678       0xe0 ./Drivers/STM32L4xx_HAL_Driver/Src/stm32l4xx_hal_tim.o
                0x08005678                HAL_TIM_Base_Start_IT
 .text.HAL_TIM_ConfigClockSource
                0x08005758      0x192 ./Drivers/STM32L4xx_HAL_Driver/Src/stm32l4xx_hal_tim.o
                0x08005758                HAL_TIM_ConfigClockSource
 *fill*         0x080058ea        0x2 
 .text.TIM_Base_SetConfig
                0x080058ec      0x134 ./Drivers/STM32L4xx_HAL_Driver/Src/stm32l4xx_hal_tim.o
                0x080058ec                TIM_Base_SetConfig
 .text.TIM_TI1_ConfigInputStage
                0x08005a20       0x5e ./Drivers/STM32L4xx_HAL_Driver/Src/stm32l4xx_hal_tim.o
 .text.TIM_TI2_ConfigInputStage
                0x08005a7e       0x60 ./Drivers/STM32L4xx_HAL_Driver/Src/stm32l4xx_hal_tim.o
 .text.TIM_ITRx_SetConfig
                0x08005ade       0x36 ./Drivers/STM32L4xx_HAL_Driver/Src/stm32l4xx_hal_tim.o
 .text.TIM_ETR_SetConfig
                0x08005b14       0x40 ./Drivers/STM32L4xx_HAL_Driver/Src/stm32l4xx_hal_tim.o
                0x08005b14                TIM_ETR_SetConfig
 .text.HAL_TIMEx_MasterConfigSynchronization
                0x08005b54      0x110 ./Drivers/STM32L4xx_HAL_Driver/Src/stm32l4xx_hal_tim_ex.o
                0x08005b54                HAL_TIMEx_MasterConfigSynchronization
 .text.HAL_UART_Init
                0x08005c64       0x9c ./Drivers/STM32L4xx_HAL_Driver/Src/stm32l4xx_hal_uart.o
                0x08005c64                HAL_UART_Init
 .text.HAL_UART_Transmit
                0x08005d00      0x112 ./Drivers/STM32L4xx_HAL_Driver/Src/stm32l4xx_hal_uart.o
                0x08005d00                HAL_UART_Transmit
 *fill*         0x08005e12        0x2 
 .text.HAL_UART_Receive_IT
                0x08005e14       0x98 ./Drivers/STM32L4xx_HAL_Driver/Src/stm32l4xx_hal_uart.o
                0x08005e14                HAL_UART_Receive_IT
 .text.HAL_UART_Abort_IT
                0x08005eac      0x250 ./Drivers/STM32L4xx_HAL_Driver/Src/stm32l4xx_hal_uart.o
                0x08005eac                HAL_UART_Abort_IT
 .text.HAL_UART_IRQHandler
                0x080060fc      0x5d4 ./Drivers/STM32L4xx_HAL_Driver/Src/stm32l4xx_hal_uart.o
                0x080060fc                HAL_UART_IRQHandler
 .text.HAL_UART_TxCpltCallback
                0x080066d0       0x14 ./Drivers/STM32L4xx_HAL_Driver/Src/stm32l4xx_hal_uart.o
                0x080066d0                HAL_UART_TxCpltCallback
 .text.HAL_UART_ErrorCallback
                0x080066e4       0x14 ./Drivers/STM32L4xx_HAL_Driver/Src/stm32l4xx_hal_uart.o
                0x080066e4                HAL_UART_ErrorCallback
 .text.HAL_UART_AbortCpltCallback
                0x080066f8       0x14 ./Drivers/STM32L4xx_HAL_Driver/Src/stm32l4xx_hal_uart.o
                0x080066f8                HAL_UART_AbortCpltCallback
 .text.HAL_UARTEx_RxEventCallback
                0x0800670c       0x18 ./Drivers/STM32L4xx_HAL_Driver/Src/stm32l4xx_hal_uart.o
                0x0800670c                HAL_UARTEx_RxEventCallback
 .text.UART_SetConfig
                0x08006724      0x570 ./Drivers/STM32L4xx_HAL_Driver/Src/stm32l4xx_hal_uart.o
                0x08006724                UART_SetConfig
 .text.UART_AdvFeatureConfig
                0x08006c94      0x144 ./Drivers/STM32L4xx_HAL_Driver/Src/stm32l4xx_hal_uart.o
                0x08006c94                UART_AdvFeatureConfig
 .text.UART_CheckIdleState
                0x08006dd8      0x150 ./Drivers/STM32L4xx_HAL_Driver/Src/stm32l4xx_hal_uart.o
                0x08006dd8                UART_CheckIdleState
 .text.UART_WaitOnFlagUntilTimeout
                0x08006f28       0xce ./Drivers/STM32L4xx_HAL_Driver/Src/stm32l4xx_hal_uart.o
                0x08006f28                UART_WaitOnFlagUntilTimeout
 *fill*         0x08006ff6        0x2 
 .text.UART_Start_Receive_IT
                0x08006ff8      0x18c ./Drivers/STM32L4xx_HAL_Driver/Src/stm32l4xx_hal_uart.o
                0x08006ff8                UART_Start_Receive_IT
 .text.UART_EndRxTransfer
                0x08007184       0xc8 ./Drivers/STM32L4xx_HAL_Driver/Src/stm32l4xx_hal_uart.o
 .text.UART_DMAAbortOnError
                0x0800724c       0x2c ./Drivers/STM32L4xx_HAL_Driver/Src/stm32l4xx_hal_uart.o
 .text.UART_DMATxAbortCallback
                0x08007278       0x6c ./Drivers/STM32L4xx_HAL_Driver/Src/stm32l4xx_hal_uart.o
 .text.UART_DMARxAbortCallback
                0x080072e4       0x80 ./Drivers/STM32L4xx_HAL_Driver/Src/stm32l4xx_hal_uart.o
 .text.UART_EndTransmit_IT
                0x08007364       0x54 ./Drivers/STM32L4xx_HAL_Driver/Src/stm32l4xx_hal_uart.o
 .text.UART_RxISR_8BIT
                0x080073b8      0x1bc ./Drivers/STM32L4xx_HAL_Driver/Src/stm32l4xx_hal_uart.o
 .text.UART_RxISR_16BIT
                0x08007574      0x1bc ./Drivers/STM32L4xx_HAL_Driver/Src/stm32l4xx_hal_uart.o
 .text.HAL_UARTEx_WakeupCallback
                0x08007730       0x14 ./Drivers/STM32L4xx_HAL_Driver/Src/stm32l4xx_hal_uart_ex.o
                0x08007730                HAL_UARTEx_WakeupCallback
 .text.memset   0x08007744       0x10 C:/ST/STM32CubeIDE_1.14.0/STM32CubeIDE/plugins/com.st.stm32cube.ide.mcu.externaltools.gnu-tools-for-stm32.12.3.rel1.win32_1.0.100.202403111256/tools/bin/../lib/gcc/arm-none-eabi/12.3.1/../../../../arm-none-eabi/lib/thumb/v7e-m+fp/hard\libc_nano.a(libc_a-memset.o)
                0x08007744                memset
 .text.__libc_init_array
                0x08007754       0x48 C:/ST/STM32CubeIDE_1.14.0/STM32CubeIDE/plugins/com.st.stm32cube.ide.mcu.externaltools.gnu-tools-for-stm32.12.3.rel1.win32_1.0.100.202403111256/tools/bin/../lib/gcc/arm-none-eabi/12.3.1/../../../../arm-none-eabi/lib/thumb/v7e-m+fp/hard\libc_nano.a(libc_a-init.o)
                0x08007754                __libc_init_array
 *(.glue_7)
 .glue_7        0x0800779c        0x0 linker stubs
 *(.glue_7t)
 .glue_7t       0x0800779c        0x0 linker stubs
 *(.eh_frame)
 .eh_frame      0x0800779c        0x0 C:/ST/STM32CubeIDE_1.14.0/STM32CubeIDE/plugins/com.st.stm32cube.ide.mcu.externaltools.gnu-tools-for-stm32.12.3.rel1.win32_1.0.100.202403111256/tools/bin/../lib/gcc/arm-none-eabi/12.3.1/thumb/v7e-m+fp/hard/crtbegin.o
 *(.init)
 .init          0x0800779c        0x4 C:/ST/STM32CubeIDE_1.14.0/STM32CubeIDE/plugins/com.st.stm32cube.ide.mcu.externaltools.gnu-tools-for-stm32.12.3.rel1.win32_1.0.100.202403111256/tools/bin/../lib/gcc/arm-none-eabi/12.3.1/thumb/v7e-m+fp/hard/crti.o
                0x0800779c                _init
 .init          0x080077a0        0x8 C:/ST/STM32CubeIDE_1.14.0/STM32CubeIDE/plugins/com.st.stm32cube.ide.mcu.externaltools.gnu-tools-for-stm32.12.3.rel1.win32_1.0.100.202403111256/tools/bin/../lib/gcc/arm-none-eabi/12.3.1/thumb/v7e-m+fp/hard/crtn.o
 *(.fini)
 .fini          0x080077a8        0x4 C:/ST/STM32CubeIDE_1.14.0/STM32CubeIDE/plugins/com.st.stm32cube.ide.mcu.externaltools.gnu-tools-for-stm32.12.3.rel1.win32_1.0.100.202403111256/tools/bin/../lib/gcc/arm-none-eabi/12.3.1/thumb/v7e-m+fp/hard/crti.o
                0x080077a8                _fini
 .fini          0x080077ac        0x8 C:/ST/STM32CubeIDE_1.14.0/STM32CubeIDE/plugins/com.st.stm32cube.ide.mcu.externaltools.gnu-tools-for-stm32.12.3.rel1.win32_1.0.100.202403111256/tools/bin/../lib/gcc/arm-none-eabi/12.3.1/thumb/v7e-m+fp/hard/crtn.o
                0x080077b4                        . = ALIGN (0x4)
                0x080077b4                        _etext = .

.vfp11_veneer   0x080077b4        0x0
 .vfp11_veneer  0x080077b4        0x0 linker stubs

.v4_bx          0x080077b4        0x0
 .v4_bx         0x080077b4        0x0 linker stubs

.iplt           0x080077b4        0x0
 .iplt          0x080077b4        0x0 C:/ST/STM32CubeIDE_1.14.0/STM32CubeIDE/plugins/com.st.stm32cube.ide.mcu.externaltools.gnu-tools-for-stm32.12.3.rel1.win32_1.0.100.202403111256/tools/bin/../lib/gcc/arm-none-eabi/12.3.1/thumb/v7e-m+fp/hard/crtbegin.o

.rodata         0x080077b4       0x58
                0x080077b4                        . = ALIGN (0x4)
 *(.rodata)
 .rodata        0x080077b4       0x10 ./Core/Src/stimControl.o
 *(.rodata*)
 .rodata.AHBPrescTable
                0x080077c4       0x10 ./Core/Src/system_stm32l4xx.o
                0x080077c4                AHBPrescTable
 .rodata.APBPrescTable
                0x080077d4        0x8 ./Core/Src/system_stm32l4xx.o
                0x080077d4                APBPrescTable
 .rodata.MSIRangeTable
                0x080077dc       0x30 ./Core/Src/system_stm32l4xx.o
                0x080077dc                MSIRangeTable
                0x0800780c                        . = ALIGN (0x4)

.ARM.extab      0x0800780c        0x0
                0x0800780c                        . = ALIGN (0x4)
 *(.ARM.extab* .gnu.linkonce.armextab.*)
                0x0800780c                        . = ALIGN (0x4)

.ARM            0x0800780c        0x8
                0x0800780c                        . = ALIGN (0x4)
                0x0800780c                        __exidx_start = .
 *(.ARM.exidx*)
 .ARM.exidx     0x0800780c        0x8 C:/ST/STM32CubeIDE_1.14.0/STM32CubeIDE/plugins/com.st.stm32cube.ide.mcu.externaltools.gnu-tools-for-stm32.12.3.rel1.win32_1.0.100.202403111256/tools/bin/../lib/gcc/arm-none-eabi/12.3.1/thumb/v7e-m+fp/hard\libgcc.a(_udivmoddi4.o)
                0x08007814                        __exidx_end = .
                0x08007814                        . = ALIGN (0x4)

.preinit_array  0x08007814        0x0
                0x08007814                        . = ALIGN (0x4)
                0x08007814                        PROVIDE (__preinit_array_start = .)
 *(.preinit_array*)
                0x08007814                        PROVIDE (__preinit_array_end = .)
                0x08007814                        . = ALIGN (0x4)

.init_array     0x08007814        0x4
                0x08007814                        . = ALIGN (0x4)
                0x08007814                        PROVIDE (__init_array_start = .)
 *(SORT_BY_NAME(.init_array.*))
 *(.init_array*)
 .init_array    0x08007814        0x4 C:/ST/STM32CubeIDE_1.14.0/STM32CubeIDE/plugins/com.st.stm32cube.ide.mcu.externaltools.gnu-tools-for-stm32.12.3.rel1.win32_1.0.100.202403111256/tools/bin/../lib/gcc/arm-none-eabi/12.3.1/thumb/v7e-m+fp/hard/crtbegin.o
                0x08007818                        PROVIDE (__init_array_end = .)
                0x08007818                        . = ALIGN (0x4)

.fini_array     0x08007818        0x4
                0x08007818                        . = ALIGN (0x4)
                [!provide]                        PROVIDE (__fini_array_start = .)
 *(SORT_BY_NAME(.fini_array.*))
 *(.fini_array*)
 .fini_array    0x08007818        0x4 C:/ST/STM32CubeIDE_1.14.0/STM32CubeIDE/plugins/com.st.stm32cube.ide.mcu.externaltools.gnu-tools-for-stm32.12.3.rel1.win32_1.0.100.202403111256/tools/bin/../lib/gcc/arm-none-eabi/12.3.1/thumb/v7e-m+fp/hard/crtbegin.o
                [!provide]                        PROVIDE (__fini_array_end = .)
                0x0800781c                        . = ALIGN (0x4)
                0x0800781c                        _sidata = LOADADDR (.data)

.rel.dyn        0x0800781c        0x0
 .rel.iplt      0x0800781c        0x0 C:/ST/STM32CubeIDE_1.14.0/STM32CubeIDE/plugins/com.st.stm32cube.ide.mcu.externaltools.gnu-tools-for-stm32.12.3.rel1.win32_1.0.100.202403111256/tools/bin/../lib/gcc/arm-none-eabi/12.3.1/thumb/v7e-m+fp/hard/crtbegin.o

.data           0x20000000        0xc load address 0x0800781c
                0x20000000                        . = ALIGN (0x4)
                0x20000000                        _sdata = .
 *(.data)
 *(.data*)
 .data.SystemCoreClock
                0x20000000        0x4 ./Core/Src/system_stm32l4xx.o
                0x20000000                SystemCoreClock
 .data.uwTickPrio
                0x20000004        0x4 ./Drivers/STM32L4xx_HAL_Driver/Src/stm32l4xx_hal.o
                0x20000004                uwTickPrio
 .data.uwTickFreq
                0x20000008        0x1 ./Drivers/STM32L4xx_HAL_Driver/Src/stm32l4xx_hal.o
                0x20000008                uwTickFreq
 *(.RamFunc)
 *(.RamFunc*)
                0x2000000c                        . = ALIGN (0x4)
 *fill*         0x20000009        0x3 
                0x2000000c                        _edata = .

.igot.plt       0x2000000c        0x0 load address 0x08007828
 .igot.plt      0x2000000c        0x0 C:/ST/STM32CubeIDE_1.14.0/STM32CubeIDE/plugins/com.st.stm32cube.ide.mcu.externaltools.gnu-tools-for-stm32.12.3.rel1.win32_1.0.100.202403111256/tools/bin/../lib/gcc/arm-none-eabi/12.3.1/thumb/v7e-m+fp/hard/crtbegin.o
                0x2000000c                        . = ALIGN (0x4)

.bss            0x2000000c      0xdb8 load address 0x08007828
                0x2000000c                        _sbss = .
                0x2000000c                        __bss_start__ = _sbss
 *(.bss)
 .bss           0x2000000c       0x1c C:/ST/STM32CubeIDE_1.14.0/STM32CubeIDE/plugins/com.st.stm32cube.ide.mcu.externaltools.gnu-tools-for-stm32.12.3.rel1.win32_1.0.100.202403111256/tools/bin/../lib/gcc/arm-none-eabi/12.3.1/thumb/v7e-m+fp/hard/crtbegin.o
 *(.bss*)
 .bss.startParseInput1
                0x20000028        0x1 ./Core/Src/communication.o
                0x20000028                startParseInput1
 .bss.startParseInput2
                0x20000029        0x1 ./Core/Src/communication.o
                0x20000029                startParseInput2
 .bss.stimulationInfoCommand
                0x2000002a        0x1 ./Core/Src/communication.o
                0x2000002a                stimulationInfoCommand
 .bss.UART_timeOutOccured
                0x2000002b        0x1 ./Core/Src/communication.o
                0x2000002b                UART_timeOutOccured
 .bss.Rx1_data  0x2000002c        0x8 ./Core/Src/communication.o
                0x2000002c                Rx1_data
 .bss.Rx2_data  0x20000034        0x3 ./Core/Src/communication.o
                0x20000034                Rx2_data
 *fill*         0x20000037        0x1 
 .bss.spiHandler
                0x20000038        0x4 ./Core/Src/communication.o
                0x20000038                spiHandler
 .bss.hdac1     0x2000003c       0x14 ./Core/Src/main.o
                0x2000003c                hdac1
 .bss.hspi1     0x20000050       0x64 ./Core/Src/main.o
                0x20000050                hspi1
 .bss.htim2     0x200000b4       0x4c ./Core/Src/main.o
                0x200000b4                htim2
 .bss.hdma_tim2_up
                0x20000100       0x48 ./Core/Src/main.o
                0x20000100                hdma_tim2_up
 .bss.huart1    0x20000148       0x88 ./Core/Src/main.o
                0x20000148                huart1
 .bss.huart2    0x200001d0       0x88 ./Core/Src/main.o
                0x200001d0                huart2
 .bss.A_wave    0x20000258      0x210 ./Core/Src/stimControl.o
                0x20000258                A_wave
 .bss.C_wave    0x20000468      0x210 ./Core/Src/stimControl.o
                0x20000468                C_wave
 .bss.Line_LUT  0x20000678      0x210 ./Core/Src/stimControl.o
                0x20000678                Line_LUT
 .bss.Dummy_Cycle
                0x20000888        0x8 ./Core/Src/stimControl.o
                0x20000888                Dummy_Cycle
 .bss.timerSetting
                0x20000890      0x320 ./Core/Src/stimControl.o
                0x20000890                timerSetting
 .bss.stimulationController
                0x20000bb0      0x210 ./Core/Src/stimControl.o
                0x20000bb0                stimulationController
 .bss.uwTick    0x20000dc0        0x4 ./Drivers/STM32L4xx_HAL_Driver/Src/stm32l4xx_hal.o
                0x20000dc0                uwTick
 *(COMMON)
                0x20000dc4                        . = ALIGN (0x4)
                0x20000dc4                        _ebss = .
                0x20000dc4                        __bss_end__ = _ebss

._user_heap_stack
                0x20000dc4      0x604 load address 0x08007828
                0x20000dc8                        . = ALIGN (0x8)
 *fill*         0x20000dc4        0x4 
                [!provide]                        PROVIDE (end = .)
                0x20000dc8                        PROVIDE (_end = .)
                0x20000fc8                        . = (. + _Min_Heap_Size)
 *fill*         0x20000dc8      0x200 
                0x200013c8                        . = (. + _Min_Stack_Size)
 *fill*         0x20000fc8      0x400 
                0x200013c8                        . = ALIGN (0x8)

/DISCARD/
 libc.a(*)
 libm.a(*)
 libgcc.a(*)

.ARM.attributes
                0x00000000       0x30
 *(.ARM.attributes)
 .ARM.attributes
                0x00000000       0x22 C:/ST/STM32CubeIDE_1.14.0/STM32CubeIDE/plugins/com.st.stm32cube.ide.mcu.externaltools.gnu-tools-for-stm32.12.3.rel1.win32_1.0.100.202403111256/tools/bin/../lib/gcc/arm-none-eabi/12.3.1/thumb/v7e-m+fp/hard/crti.o
 .ARM.attributes
                0x00000022       0x34 C:/ST/STM32CubeIDE_1.14.0/STM32CubeIDE/plugins/com.st.stm32cube.ide.mcu.externaltools.gnu-tools-for-stm32.12.3.rel1.win32_1.0.100.202403111256/tools/bin/../lib/gcc/arm-none-eabi/12.3.1/thumb/v7e-m+fp/hard/crtbegin.o
 .ARM.attributes
                0x00000056       0x34 ./Core/Src/communication.o
 .ARM.attributes
                0x0000008a       0x34 ./Core/Src/main.o
 .ARM.attributes
                0x000000be       0x34 ./Core/Src/stimControl.o
 .ARM.attributes
                0x000000f2       0x34 ./Core/Src/stm32l4xx_hal_msp.o
 .ARM.attributes
                0x00000126       0x34 ./Core/Src/stm32l4xx_it.o
 .ARM.attributes
                0x0000015a       0x34 ./Core/Src/system_stm32l4xx.o
 .ARM.attributes
                0x0000018e       0x21 ./Core/Startup/startup_stm32l476rgtx.o
 .ARM.attributes
                0x000001af       0x34 ./Drivers/STM32L4xx_HAL_Driver/Src/stm32l4xx_hal.o
 .ARM.attributes
                0x000001e3       0x34 ./Drivers/STM32L4xx_HAL_Driver/Src/stm32l4xx_hal_cortex.o
 .ARM.attributes
                0x00000217       0x34 ./Drivers/STM32L4xx_HAL_Driver/Src/stm32l4xx_hal_dac.o
 .ARM.attributes
                0x0000024b       0x34 ./Drivers/STM32L4xx_HAL_Driver/Src/stm32l4xx_hal_dma.o
 .ARM.attributes
                0x0000027f       0x34 ./Drivers/STM32L4xx_HAL_Driver/Src/stm32l4xx_hal_gpio.o
 .ARM.attributes
                0x000002b3       0x34 ./Drivers/STM32L4xx_HAL_Driver/Src/stm32l4xx_hal_pwr_ex.o
 .ARM.attributes
                0x000002e7       0x34 ./Drivers/STM32L4xx_HAL_Driver/Src/stm32l4xx_hal_rcc.o
 .ARM.attributes
                0x0000031b       0x34 ./Drivers/STM32L4xx_HAL_Driver/Src/stm32l4xx_hal_rcc_ex.o
 .ARM.attributes
                0x0000034f       0x34 ./Drivers/STM32L4xx_HAL_Driver/Src/stm32l4xx_hal_spi.o
 .ARM.attributes
                0x00000383       0x34 ./Drivers/STM32L4xx_HAL_Driver/Src/stm32l4xx_hal_tim.o
 .ARM.attributes
                0x000003b7       0x34 ./Drivers/STM32L4xx_HAL_Driver/Src/stm32l4xx_hal_tim_ex.o
 .ARM.attributes
                0x000003eb       0x34 ./Drivers/STM32L4xx_HAL_Driver/Src/stm32l4xx_hal_uart.o
 .ARM.attributes
                0x0000041f       0x34 ./Drivers/STM32L4xx_HAL_Driver/Src/stm32l4xx_hal_uart_ex.o
 .ARM.attributes
                0x00000453       0x34 C:/ST/STM32CubeIDE_1.14.0/STM32CubeIDE/plugins/com.st.stm32cube.ide.mcu.externaltools.gnu-tools-for-stm32.12.3.rel1.win32_1.0.100.202403111256/tools/bin/../lib/gcc/arm-none-eabi/12.3.1/../../../../arm-none-eabi/lib/thumb/v7e-m+fp/hard\libc_nano.a(libc_a-memset.o)
 .ARM.attributes
                0x00000487       0x34 C:/ST/STM32CubeIDE_1.14.0/STM32CubeIDE/plugins/com.st.stm32cube.ide.mcu.externaltools.gnu-tools-for-stm32.12.3.rel1.win32_1.0.100.202403111256/tools/bin/../lib/gcc/arm-none-eabi/12.3.1/../../../../arm-none-eabi/lib/thumb/v7e-m+fp/hard\libc_nano.a(libc_a-init.o)
 .ARM.attributes
                0x000004bb       0x22 C:/ST/STM32CubeIDE_1.14.0/STM32CubeIDE/plugins/com.st.stm32cube.ide.mcu.externaltools.gnu-tools-for-stm32.12.3.rel1.win32_1.0.100.202403111256/tools/bin/../lib/gcc/arm-none-eabi/12.3.1/thumb/v7e-m+fp/hard\libgcc.a(_arm_addsubdf3.o)
 .ARM.attributes
                0x000004dd       0x22 C:/ST/STM32CubeIDE_1.14.0/STM32CubeIDE/plugins/com.st.stm32cube.ide.mcu.externaltools.gnu-tools-for-stm32.12.3.rel1.win32_1.0.100.202403111256/tools/bin/../lib/gcc/arm-none-eabi/12.3.1/thumb/v7e-m+fp/hard\libgcc.a(_arm_muldivdf3.o)
 .ARM.attributes
                0x000004ff       0x22 C:/ST/STM32CubeIDE_1.14.0/STM32CubeIDE/plugins/com.st.stm32cube.ide.mcu.externaltools.gnu-tools-for-stm32.12.3.rel1.win32_1.0.100.202403111256/tools/bin/../lib/gcc/arm-none-eabi/12.3.1/thumb/v7e-m+fp/hard\libgcc.a(_arm_fixunsdfsi.o)
 .ARM.attributes
                0x00000521       0x22 C:/ST/STM32CubeIDE_1.14.0/STM32CubeIDE/plugins/com.st.stm32cube.ide.mcu.externaltools.gnu-tools-for-stm32.12.3.rel1.win32_1.0.100.202403111256/tools/bin/../lib/gcc/arm-none-eabi/12.3.1/thumb/v7e-m+fp/hard\libgcc.a(_aeabi_uldivmod.o)
 .ARM.attributes
                0x00000543       0x34 C:/ST/STM32CubeIDE_1.14.0/STM32CubeIDE/plugins/com.st.stm32cube.ide.mcu.externaltools.gnu-tools-for-stm32.12.3.rel1.win32_1.0.100.202403111256/tools/bin/../lib/gcc/arm-none-eabi/12.3.1/thumb/v7e-m+fp/hard\libgcc.a(_udivmoddi4.o)
 .ARM.attributes
                0x00000577       0x22 C:/ST/STM32CubeIDE_1.14.0/STM32CubeIDE/plugins/com.st.stm32cube.ide.mcu.externaltools.gnu-tools-for-stm32.12.3.rel1.win32_1.0.100.202403111256/tools/bin/../lib/gcc/arm-none-eabi/12.3.1/thumb/v7e-m+fp/hard\libgcc.a(_dvmd_tls.o)
 .ARM.attributes
                0x00000599       0x22 C:/ST/STM32CubeIDE_1.14.0/STM32CubeIDE/plugins/com.st.stm32cube.ide.mcu.externaltools.gnu-tools-for-stm32.12.3.rel1.win32_1.0.100.202403111256/tools/bin/../lib/gcc/arm-none-eabi/12.3.1/thumb/v7e-m+fp/hard/crtn.o
OUTPUT(stmTest.elf elf32-littlearm)
LOAD linker stubs
LOAD C:/ST/STM32CubeIDE_1.14.0/STM32CubeIDE/plugins/com.st.stm32cube.ide.mcu.externaltools.gnu-tools-for-stm32.12.3.rel1.win32_1.0.100.202403111256/tools/bin/../lib/gcc/arm-none-eabi/12.3.1/../../../../arm-none-eabi/lib/thumb/v7e-m+fp/hard\libc.a
LOAD C:/ST/STM32CubeIDE_1.14.0/STM32CubeIDE/plugins/com.st.stm32cube.ide.mcu.externaltools.gnu-tools-for-stm32.12.3.rel1.win32_1.0.100.202403111256/tools/bin/../lib/gcc/arm-none-eabi/12.3.1/../../../../arm-none-eabi/lib/thumb/v7e-m+fp/hard\libm.a
LOAD C:/ST/STM32CubeIDE_1.14.0/STM32CubeIDE/plugins/com.st.stm32cube.ide.mcu.externaltools.gnu-tools-for-stm32.12.3.rel1.win32_1.0.100.202403111256/tools/bin/../lib/gcc/arm-none-eabi/12.3.1/thumb/v7e-m+fp/hard\libgcc.a

.debug_info     0x00000000    0x15b65
 .debug_info    0x00000000     0x1233 ./Core/Src/communication.o
 .debug_info    0x00001233     0x1ca7 ./Core/Src/main.o
 .debug_info    0x00002eda      0xed1 ./Core/Src/stimControl.o
 .debug_info    0x00003dab     0x1964 ./Core/Src/stm32l4xx_hal_msp.o
 .debug_info    0x0000570f      0x907 ./Core/Src/stm32l4xx_it.o
 .debug_info    0x00006016      0x5b1 ./Core/Src/system_stm32l4xx.o
 .debug_info    0x000065c7       0x30 ./Core/Startup/startup_stm32l476rgtx.o
 .debug_info    0x000065f7      0xaeb ./Drivers/STM32L4xx_HAL_Driver/Src/stm32l4xx_hal.o
 .debug_info    0x000070e2      0xd4c ./Drivers/STM32L4xx_HAL_Driver/Src/stm32l4xx_hal_cortex.o
 .debug_info    0x00007e2e      0xa6f ./Drivers/STM32L4xx_HAL_Driver/Src/stm32l4xx_hal_dac.o
 .debug_info    0x0000889d      0x6f4 ./Drivers/STM32L4xx_HAL_Driver/Src/stm32l4xx_hal_dma.o
 .debug_info    0x00008f91      0x757 ./Drivers/STM32L4xx_HAL_Driver/Src/stm32l4xx_hal_gpio.o
 .debug_info    0x000096e8      0x99e ./Drivers/STM32L4xx_HAL_Driver/Src/stm32l4xx_hal_pwr_ex.o
 .debug_info    0x0000a086      0xc14 ./Drivers/STM32L4xx_HAL_Driver/Src/stm32l4xx_hal_rcc.o
 .debug_info    0x0000ac9a      0xe11 ./Drivers/STM32L4xx_HAL_Driver/Src/stm32l4xx_hal_rcc_ex.o
 .debug_info    0x0000baab     0x161a ./Drivers/STM32L4xx_HAL_Driver/Src/stm32l4xx_hal_spi.o
 .debug_info    0x0000d0c5     0x2a9a ./Drivers/STM32L4xx_HAL_Driver/Src/stm32l4xx_hal_tim.o
 .debug_info    0x0000fb5f     0x169e ./Drivers/STM32L4xx_HAL_Driver/Src/stm32l4xx_hal_tim_ex.o
 .debug_info    0x000111fd     0x3b69 ./Drivers/STM32L4xx_HAL_Driver/Src/stm32l4xx_hal_uart.o
 .debug_info    0x00014d66      0xdff ./Drivers/STM32L4xx_HAL_Driver/Src/stm32l4xx_hal_uart_ex.o

.debug_abbrev   0x00000000     0x2d1f
 .debug_abbrev  0x00000000      0x2ca ./Core/Src/communication.o
 .debug_abbrev  0x000002ca      0x2f5 ./Core/Src/main.o
 .debug_abbrev  0x000005bf      0x2c2 ./Core/Src/stimControl.o
 .debug_abbrev  0x00000881      0x244 ./Core/Src/stm32l4xx_hal_msp.o
 .debug_abbrev  0x00000ac5      0x18c ./Core/Src/stm32l4xx_it.o
 .debug_abbrev  0x00000c51      0x11a ./Core/Src/system_stm32l4xx.o
 .debug_abbrev  0x00000d6b       0x24 ./Core/Startup/startup_stm32l476rgtx.o
 .debug_abbrev  0x00000d8f      0x242 ./Drivers/STM32L4xx_HAL_Driver/Src/stm32l4xx_hal.o
 .debug_abbrev  0x00000fd1      0x327 ./Drivers/STM32L4xx_HAL_Driver/Src/stm32l4xx_hal_cortex.o
 .debug_abbrev  0x000012f8      0x21b ./Drivers/STM32L4xx_HAL_Driver/Src/stm32l4xx_hal_dac.o
 .debug_abbrev  0x00001513      0x1e4 ./Drivers/STM32L4xx_HAL_Driver/Src/stm32l4xx_hal_dma.o
 .debug_abbrev  0x000016f7      0x1cb ./Drivers/STM32L4xx_HAL_Driver/Src/stm32l4xx_hal_gpio.o
 .debug_abbrev  0x000018c2      0x1f9 ./Drivers/STM32L4xx_HAL_Driver/Src/stm32l4xx_hal_pwr_ex.o
 .debug_abbrev  0x00001abb      0x2cb ./Drivers/STM32L4xx_HAL_Driver/Src/stm32l4xx_hal_rcc.o
 .debug_abbrev  0x00001d86      0x2a6 ./Drivers/STM32L4xx_HAL_Driver/Src/stm32l4xx_hal_rcc_ex.o
 .debug_abbrev  0x0000202c      0x26a ./Drivers/STM32L4xx_HAL_Driver/Src/stm32l4xx_hal_spi.o
 .debug_abbrev  0x00002296      0x278 ./Drivers/STM32L4xx_HAL_Driver/Src/stm32l4xx_hal_tim.o
 .debug_abbrev  0x0000250e      0x283 ./Drivers/STM32L4xx_HAL_Driver/Src/stm32l4xx_hal_tim_ex.o
 .debug_abbrev  0x00002791      0x2d0 ./Drivers/STM32L4xx_HAL_Driver/Src/stm32l4xx_hal_uart.o
 .debug_abbrev  0x00002a61      0x2be ./Drivers/STM32L4xx_HAL_Driver/Src/stm32l4xx_hal_uart_ex.o

.debug_aranges  0x00000000     0x12b8
 .debug_aranges
                0x00000000       0x48 ./Core/Src/communication.o
 .debug_aranges
                0x00000048       0x78 ./Core/Src/main.o
 .debug_aranges
                0x000000c0       0x60 ./Core/Src/stimControl.o
 .debug_aranges
                0x00000120       0x60 ./Core/Src/stm32l4xx_hal_msp.o
 .debug_aranges
                0x00000180       0x78 ./Core/Src/stm32l4xx_it.o
 .debug_aranges
                0x000001f8       0x28 ./Core/Src/system_stm32l4xx.o
 .debug_aranges
                0x00000220       0x28 ./Core/Startup/startup_stm32l476rgtx.o
 .debug_aranges
                0x00000248      0x130 ./Drivers/STM32L4xx_HAL_Driver/Src/stm32l4xx_hal.o
 .debug_aranges
                0x00000378      0x118 ./Drivers/STM32L4xx_HAL_Driver/Src/stm32l4xx_hal_cortex.o
 .debug_aranges
                0x00000490       0xc0 ./Drivers/STM32L4xx_HAL_Driver/Src/stm32l4xx_hal_dac.o
 .debug_aranges
                0x00000550       0x80 ./Drivers/STM32L4xx_HAL_Driver/Src/stm32l4xx_hal_dma.o
 .debug_aranges
                0x000005d0       0x58 ./Drivers/STM32L4xx_HAL_Driver/Src/stm32l4xx_hal_gpio.o
 .debug_aranges
                0x00000628      0x160 ./Drivers/STM32L4xx_HAL_Driver/Src/stm32l4xx_hal_pwr_ex.o
 .debug_aranges
                0x00000788       0x90 ./Drivers/STM32L4xx_HAL_Driver/Src/stm32l4xx_hal_rcc.o
 .debug_aranges
                0x00000818       0xc0 ./Drivers/STM32L4xx_HAL_Driver/Src/stm32l4xx_hal_rcc_ex.o
 .debug_aranges
                0x000008d8      0x1d8 ./Drivers/STM32L4xx_HAL_Driver/Src/stm32l4xx_hal_spi.o
 .debug_aranges
                0x00000ab0      0x3e0 ./Drivers/STM32L4xx_HAL_Driver/Src/stm32l4xx_hal_tim.o
 .debug_aranges
                0x00000e90      0x180 ./Drivers/STM32L4xx_HAL_Driver/Src/stm32l4xx_hal_tim_ex.o
 .debug_aranges
                0x00001010      0x228 ./Drivers/STM32L4xx_HAL_Driver/Src/stm32l4xx_hal_uart.o
 .debug_aranges
                0x00001238       0x80 ./Drivers/STM32L4xx_HAL_Driver/Src/stm32l4xx_hal_uart_ex.o

.debug_rnglists
                0x00000000      0xea4
 .debug_rnglists
                0x00000000       0x34 ./Core/Src/communication.o
 .debug_rnglists
                0x00000034       0x5a ./Core/Src/main.o
 .debug_rnglists
                0x0000008e       0x49 ./Core/Src/stimControl.o
 .debug_rnglists
                0x000000d7       0x46 ./Core/Src/stm32l4xx_hal_msp.o
 .debug_rnglists
                0x0000011d       0x55 ./Core/Src/stm32l4xx_it.o
 .debug_rnglists
                0x00000172       0x1a ./Core/Src/system_stm32l4xx.o
 .debug_rnglists
                0x0000018c       0x19 ./Core/Startup/startup_stm32l476rgtx.o
 .debug_rnglists
                0x000001a5       0xdf ./Drivers/STM32L4xx_HAL_Driver/Src/stm32l4xx_hal.o
 .debug_rnglists
                0x00000284       0xce ./Drivers/STM32L4xx_HAL_Driver/Src/stm32l4xx_hal_cortex.o
 .debug_rnglists
                0x00000352       0x90 ./Drivers/STM32L4xx_HAL_Driver/Src/stm32l4xx_hal_dac.o
 .debug_rnglists
                0x000003e2       0x64 ./Drivers/STM32L4xx_HAL_Driver/Src/stm32l4xx_hal_dma.o
 .debug_rnglists
                0x00000446       0x3f ./Drivers/STM32L4xx_HAL_Driver/Src/stm32l4xx_hal_gpio.o
 .debug_rnglists
                0x00000485      0x109 ./Drivers/STM32L4xx_HAL_Driver/Src/stm32l4xx_hal_pwr_ex.o
 .debug_rnglists
                0x0000058e       0x6d ./Drivers/STM32L4xx_HAL_Driver/Src/stm32l4xx_hal_rcc.o
 .debug_rnglists
                0x000005fb       0x95 ./Drivers/STM32L4xx_HAL_Driver/Src/stm32l4xx_hal_rcc_ex.o
 .debug_rnglists
                0x00000690      0x178 ./Drivers/STM32L4xx_HAL_Driver/Src/stm32l4xx_hal_spi.o
 .debug_rnglists
                0x00000808      0x328 ./Drivers/STM32L4xx_HAL_Driver/Src/stm32l4xx_hal_tim.o
 .debug_rnglists
                0x00000b30      0x139 ./Drivers/STM32L4xx_HAL_Driver/Src/stm32l4xx_hal_tim_ex.o
 .debug_rnglists
                0x00000c69      0x1db ./Drivers/STM32L4xx_HAL_Driver/Src/stm32l4xx_hal_uart.o
 .debug_rnglists
                0x00000e44       0x60 ./Drivers/STM32L4xx_HAL_Driver/Src/stm32l4xx_hal_uart_ex.o

.debug_macro    0x00000000    0x28458
 .debug_macro   0x00000000      0x2dd ./Core/Src/communication.o
 .debug_macro   0x000002dd      0xab4 ./Core/Src/communication.o
 .debug_macro   0x00000d91      0x1b3 ./Core/Src/communication.o
 .debug_macro   0x00000f44       0x2e ./Core/Src/communication.o
 .debug_macro   0x00000f72       0x28 ./Core/Src/communication.o
 .debug_macro   0x00000f9a       0x22 ./Core/Src/communication.o
 .debug_macro   0x00000fbc       0x8e ./Core/Src/communication.o
 .debug_macro   0x0000104a       0x51 ./Core/Src/communication.o
 .debug_macro   0x0000109b      0x103 ./Core/Src/communication.o
 .debug_macro   0x0000119e       0x6a ./Core/Src/communication.o
 .debug_macro   0x00001208      0x1df ./Core/Src/communication.o
 .debug_macro   0x000013e7       0x1c ./Core/Src/communication.o
 .debug_macro   0x00001403       0x22 ./Core/Src/communication.o
 .debug_macro   0x00001425       0xfb ./Core/Src/communication.o
 .debug_macro   0x00001520     0x1011 ./Core/Src/communication.o
 .debug_macro   0x00002531      0x11f ./Core/Src/communication.o
 .debug_macro   0x00002650    0x1a17a ./Core/Src/communication.o
 .debug_macro   0x0001c7ca       0x6d ./Core/Src/communication.o
 .debug_macro   0x0001c837     0x38e6 ./Core/Src/communication.o
 .debug_macro   0x0002011d      0x189 ./Core/Src/communication.o
 .debug_macro   0x000202a6       0x5c ./Core/Src/communication.o
 .debug_macro   0x00020302     0x159e ./Core/Src/communication.o
 .debug_macro   0x000218a0      0x5a5 ./Core/Src/communication.o
 .debug_macro   0x00021e45      0x1b9 ./Core/Src/communication.o
 .debug_macro   0x00021ffe      0x18b ./Core/Src/communication.o
 .debug_macro   0x00022189      0x26b ./Core/Src/communication.o
 .debug_macro   0x000223f4      0x23d ./Core/Src/communication.o
 .debug_macro   0x00022631      0x153 ./Core/Src/communication.o
 .debug_macro   0x00022784       0xd8 ./Core/Src/communication.o
 .debug_macro   0x0002285c      0x241 ./Core/Src/communication.o
 .debug_macro   0x00022a9d      0x37c ./Core/Src/communication.o
 .debug_macro   0x00022e19       0xd6 ./Core/Src/communication.o
 .debug_macro   0x00022eef      0x122 ./Core/Src/communication.o
 .debug_macro   0x00023011      0x3ef ./Core/Src/communication.o
 .debug_macro   0x00023400      0x2fe ./Core/Src/communication.o
 .debug_macro   0x000236fe      0xa98 ./Core/Src/communication.o
 .debug_macro   0x00024196      0x1e6 ./Core/Src/communication.o
 .debug_macro   0x0002437c      0x5cf ./Core/Src/communication.o
 .debug_macro   0x0002494b       0x44 ./Core/Src/communication.o
 .debug_macro   0x0002498f      0x330 ./Core/Src/communication.o
 .debug_macro   0x00024cbf       0x61 ./Core/Src/communication.o
 .debug_macro   0x00024d20       0x2a ./Core/Src/communication.o
 .debug_macro   0x00024d4a       0x43 ./Core/Src/communication.o
 .debug_macro   0x00024d8d       0x34 ./Core/Src/communication.o
 .debug_macro   0x00024dc1       0x16 ./Core/Src/communication.o
 .debug_macro   0x00024dd7       0x35 ./Core/Src/communication.o
 .debug_macro   0x00024e0c      0x369 ./Core/Src/communication.o
 .debug_macro   0x00025175       0x10 ./Core/Src/communication.o
 .debug_macro   0x00025185       0x16 ./Core/Src/communication.o
 .debug_macro   0x0002519b       0x43 ./Core/Src/communication.o
 .debug_macro   0x000251de       0x34 ./Core/Src/communication.o
 .debug_macro   0x00025212       0x10 ./Core/Src/communication.o
 .debug_macro   0x00025222       0x58 ./Core/Src/communication.o
 .debug_macro   0x0002527a       0x8e ./Core/Src/communication.o
 .debug_macro   0x00025308       0x1c ./Core/Src/communication.o
 .debug_macro   0x00025324      0x177 ./Core/Src/communication.o
 .debug_macro   0x0002549b       0x16 ./Core/Src/communication.o
 .debug_macro   0x000254b1       0x16 ./Core/Src/communication.o
 .debug_macro   0x000254c7      0x146 ./Core/Src/communication.o
 .debug_macro   0x0002560d       0x22 ./Core/Src/communication.o
 .debug_macro   0x0002562f       0x34 ./Core/Src/communication.o
 .debug_macro   0x00025663      0x2f8 ./Core/Src/main.o
 .debug_macro   0x0002595b       0x10 ./Core/Src/main.o
 .debug_macro   0x0002596b      0x19b ./Core/Src/main.o
 .debug_macro   0x00025b06       0x1c ./Core/Src/main.o
 .debug_macro   0x00025b22       0x1c ./Core/Src/main.o
 .debug_macro   0x00025b3e      0x2e9 ./Core/Src/main.o
 .debug_macro   0x00025e27      0x2ee ./Core/Src/stimControl.o
 .debug_macro   0x00026115       0x5b ./Core/Src/stimControl.o
 .debug_macro   0x00026170       0x94 ./Core/Src/stimControl.o
 .debug_macro   0x00026204       0x57 ./Core/Src/stimControl.o
 .debug_macro   0x0002625b       0x9e ./Core/Src/stimControl.o
 .debug_macro   0x000262f9      0x10b ./Core/Src/stimControl.o
 .debug_macro   0x00026404       0x56 ./Core/Src/stimControl.o
 .debug_macro   0x0002645a      0x1f8 ./Core/Src/stm32l4xx_hal_msp.o
 .debug_macro   0x00026652      0x214 ./Core/Src/stm32l4xx_it.o
 .debug_macro   0x00026866      0x1e9 ./Core/Src/system_stm32l4xx.o
 .debug_macro   0x00026a4f      0x237 ./Drivers/STM32L4xx_HAL_Driver/Src/stm32l4xx_hal.o
 .debug_macro   0x00026c86      0x1e9 ./Drivers/STM32L4xx_HAL_Driver/Src/stm32l4xx_hal_cortex.o
 .debug_macro   0x00026e6f      0x1f8 ./Drivers/STM32L4xx_HAL_Driver/Src/stm32l4xx_hal_dac.o
 .debug_macro   0x00027067      0x1e9 ./Drivers/STM32L4xx_HAL_Driver/Src/stm32l4xx_hal_dma.o
 .debug_macro   0x00027250      0x1f0 ./Drivers/STM32L4xx_HAL_Driver/Src/stm32l4xx_hal_gpio.o
 .debug_macro   0x00027440      0x20d ./Drivers/STM32L4xx_HAL_Driver/Src/stm32l4xx_hal_pwr_ex.o
 .debug_macro   0x0002764d      0x22b ./Drivers/STM32L4xx_HAL_Driver/Src/stm32l4xx_hal_rcc.o
 .debug_macro   0x00027878      0x21f ./Drivers/STM32L4xx_HAL_Driver/Src/stm32l4xx_hal_rcc_ex.o
 .debug_macro   0x00027a97      0x1f1 ./Drivers/STM32L4xx_HAL_Driver/Src/stm32l4xx_hal_spi.o
 .debug_macro   0x00027c88      0x1ea ./Drivers/STM32L4xx_HAL_Driver/Src/stm32l4xx_hal_tim.o
 .debug_macro   0x00027e72      0x1e9 ./Drivers/STM32L4xx_HAL_Driver/Src/stm32l4xx_hal_tim_ex.o
 .debug_macro   0x0002805b      0x214 ./Drivers/STM32L4xx_HAL_Driver/Src/stm32l4xx_hal_uart.o
 .debug_macro   0x0002826f      0x1e9 ./Drivers/STM32L4xx_HAL_Driver/Src/stm32l4xx_hal_uart_ex.o

.debug_line     0x00000000    0x170a7
 .debug_line    0x00000000      0xcb0 ./Core/Src/communication.o
 .debug_line    0x00000cb0      0xc80 ./Core/Src/main.o
 .debug_line    0x00001930      0xed4 ./Core/Src/stimControl.o
 .debug_line    0x00002804      0x948 ./Core/Src/stm32l4xx_hal_msp.o
 .debug_line    0x0000314c      0x90d ./Core/Src/stm32l4xx_it.o
 .debug_line    0x00003a59      0x84c ./Core/Src/system_stm32l4xx.o
 .debug_line    0x000042a5       0x7a ./Core/Startup/startup_stm32l476rgtx.o
 .debug_line    0x0000431f      0xba7 ./Drivers/STM32L4xx_HAL_Driver/Src/stm32l4xx_hal.o
 .debug_line    0x00004ec6      0xd46 ./Drivers/STM32L4xx_HAL_Driver/Src/stm32l4xx_hal_cortex.o
 .debug_line    0x00005c0c      0xc8d ./Drivers/STM32L4xx_HAL_Driver/Src/stm32l4xx_hal_dac.o
 .debug_line    0x00006899      0xdac ./Drivers/STM32L4xx_HAL_Driver/Src/stm32l4xx_hal_dma.o
 .debug_line    0x00007645      0xc33 ./Drivers/STM32L4xx_HAL_Driver/Src/stm32l4xx_hal_gpio.o
 .debug_line    0x00008278      0xd99 ./Drivers/STM32L4xx_HAL_Driver/Src/stm32l4xx_hal_pwr_ex.o
 .debug_line    0x00009011     0x101e ./Drivers/STM32L4xx_HAL_Driver/Src/stm32l4xx_hal_rcc.o
 .debug_line    0x0000a02f     0x1592 ./Drivers/STM32L4xx_HAL_Driver/Src/stm32l4xx_hal_rcc_ex.o
 .debug_line    0x0000b5c1     0x2059 ./Drivers/STM32L4xx_HAL_Driver/Src/stm32l4xx_hal_spi.o
 .debug_line    0x0000d61a     0x3e9f ./Drivers/STM32L4xx_HAL_Driver/Src/stm32l4xx_hal_tim.o
 .debug_line    0x000114b9     0x1cb0 ./Drivers/STM32L4xx_HAL_Driver/Src/stm32l4xx_hal_tim_ex.o
 .debug_line    0x00013169     0x3291 ./Drivers/STM32L4xx_HAL_Driver/Src/stm32l4xx_hal_uart.o
 .debug_line    0x000163fa      0xcad ./Drivers/STM32L4xx_HAL_Driver/Src/stm32l4xx_hal_uart_ex.o

.debug_str      0x00000000    0xf7ed0
 .debug_str     0x00000000    0xf1333 ./Core/Src/communication.o
                              0xf170c (size before relaxing)
 .debug_str     0x000f1333     0x26f3 ./Core/Src/main.o
                              0xf3bb1 (size before relaxing)
 .debug_str     0x000f3a26       0xf6 ./Core/Src/stimControl.o
                              0xf1d4a (size before relaxing)
 .debug_str     0x000f3b1c      0x388 ./Core/Src/stm32l4xx_hal_msp.o
                              0xee816 (size before relaxing)
 .debug_str     0x000f3ea4      0x12d ./Core/Src/stm32l4xx_it.o
                              0xeda2e (size before relaxing)
 .debug_str     0x000f3fd1       0x9e ./Core/Src/system_stm32l4xx.o
                              0xed53c (size before relaxing)
 .debug_str     0x000f406f       0x44 ./Core/Startup/startup_stm32l476rgtx.o
                                 0x7f (size before relaxing)
 .debug_str     0x000f40b3      0x632 ./Drivers/STM32L4xx_HAL_Driver/Src/stm32l4xx_hal.o
                              0xee0cf (size before relaxing)
 .debug_str     0x000f46e5      0x317 ./Drivers/STM32L4xx_HAL_Driver/Src/stm32l4xx_hal_cortex.o
                              0xedd83 (size before relaxing)
 .debug_str     0x000f49fc      0x23d ./Drivers/STM32L4xx_HAL_Driver/Src/stm32l4xx_hal_dac.o
                              0xeda08 (size before relaxing)
 .debug_str     0x000f4c39      0x205 ./Drivers/STM32L4xx_HAL_Driver/Src/stm32l4xx_hal_dma.o
                              0xed7a6 (size before relaxing)
 .debug_str     0x000f4e3e      0x123 ./Drivers/STM32L4xx_HAL_Driver/Src/stm32l4xx_hal_gpio.o
                              0xed6b5 (size before relaxing)
 .debug_str     0x000f4f61      0x4e3 ./Drivers/STM32L4xx_HAL_Driver/Src/stm32l4xx_hal_pwr_ex.o
                              0xeda97 (size before relaxing)
 .debug_str     0x000f5444      0x3ac ./Drivers/STM32L4xx_HAL_Driver/Src/stm32l4xx_hal_rcc.o
                              0xedb82 (size before relaxing)
 .debug_str     0x000f57f0      0x3bf ./Drivers/STM32L4xx_HAL_Driver/Src/stm32l4xx_hal_rcc_ex.o
                              0xedcfb (size before relaxing)
 .debug_str     0x000f5baf      0x571 ./Drivers/STM32L4xx_HAL_Driver/Src/stm32l4xx_hal_spi.o
                              0xedd5d (size before relaxing)
 .debug_str     0x000f6120      0xe08 ./Drivers/STM32L4xx_HAL_Driver/Src/stm32l4xx_hal_tim.o
                              0xee87c (size before relaxing)
 .debug_str     0x000f6f28      0x588 ./Drivers/STM32L4xx_HAL_Driver/Src/stm32l4xx_hal_tim_ex.o
                              0xee190 (size before relaxing)
 .debug_str     0x000f74b0      0x829 ./Drivers/STM32L4xx_HAL_Driver/Src/stm32l4xx_hal_uart.o
                              0xee294 (size before relaxing)
 .debug_str     0x000f7cd9      0x1f7 ./Drivers/STM32L4xx_HAL_Driver/Src/stm32l4xx_hal_uart_ex.o
                              0xedac0 (size before relaxing)

.comment        0x00000000       0x43
 .comment       0x00000000       0x43 ./Core/Src/communication.o
                                 0x44 (size before relaxing)
 .comment       0x00000043       0x44 ./Core/Src/main.o
 .comment       0x00000043       0x44 ./Core/Src/stimControl.o
 .comment       0x00000043       0x44 ./Core/Src/stm32l4xx_hal_msp.o
 .comment       0x00000043       0x44 ./Core/Src/stm32l4xx_it.o
 .comment       0x00000043       0x44 ./Core/Src/system_stm32l4xx.o
 .comment       0x00000043       0x44 ./Drivers/STM32L4xx_HAL_Driver/Src/stm32l4xx_hal.o
 .comment       0x00000043       0x44 ./Drivers/STM32L4xx_HAL_Driver/Src/stm32l4xx_hal_cortex.o
 .comment       0x00000043       0x44 ./Drivers/STM32L4xx_HAL_Driver/Src/stm32l4xx_hal_dac.o
 .comment       0x00000043       0x44 ./Drivers/STM32L4xx_HAL_Driver/Src/stm32l4xx_hal_dma.o
 .comment       0x00000043       0x44 ./Drivers/STM32L4xx_HAL_Driver/Src/stm32l4xx_hal_gpio.o
 .comment       0x00000043       0x44 ./Drivers/STM32L4xx_HAL_Driver/Src/stm32l4xx_hal_pwr_ex.o
 .comment       0x00000043       0x44 ./Drivers/STM32L4xx_HAL_Driver/Src/stm32l4xx_hal_rcc.o
 .comment       0x00000043       0x44 ./Drivers/STM32L4xx_HAL_Driver/Src/stm32l4xx_hal_rcc_ex.o
 .comment       0x00000043       0x44 ./Drivers/STM32L4xx_HAL_Driver/Src/stm32l4xx_hal_spi.o
 .comment       0x00000043       0x44 ./Drivers/STM32L4xx_HAL_Driver/Src/stm32l4xx_hal_tim.o
 .comment       0x00000043       0x44 ./Drivers/STM32L4xx_HAL_Driver/Src/stm32l4xx_hal_tim_ex.o
 .comment       0x00000043       0x44 ./Drivers/STM32L4xx_HAL_Driver/Src/stm32l4xx_hal_uart.o
 .comment       0x00000043       0x44 ./Drivers/STM32L4xx_HAL_Driver/Src/stm32l4xx_hal_uart_ex.o

.debug_frame    0x00000000     0x5010
 .debug_frame   0x00000000       0xd4 ./Core/Src/communication.o
 .debug_frame   0x000000d4      0x198 ./Core/Src/main.o
 .debug_frame   0x0000026c      0x158 ./Core/Src/stimControl.o
 .debug_frame   0x000003c4      0x15c ./Core/Src/stm32l4xx_hal_msp.o
 .debug_frame   0x00000520      0x158 ./Core/Src/stm32l4xx_it.o
 .debug_frame   0x00000678       0x58 ./Core/Src/system_stm32l4xx.o
 .debug_frame   0x000006d0      0x498 ./Drivers/STM32L4xx_HAL_Driver/Src/stm32l4xx_hal.o
 .debug_frame   0x00000b68      0x498 ./Drivers/STM32L4xx_HAL_Driver/Src/stm32l4xx_hal_cortex.o
 .debug_frame   0x00001000      0x338 ./Drivers/STM32L4xx_HAL_Driver/Src/stm32l4xx_hal_dac.o
 .debug_frame   0x00001338      0x204 ./Drivers/STM32L4xx_HAL_Driver/Src/stm32l4xx_hal_dma.o
 .debug_frame   0x0000153c      0x14c ./Drivers/STM32L4xx_HAL_Driver/Src/stm32l4xx_hal_gpio.o
 .debug_frame   0x00001688      0x584 ./Drivers/STM32L4xx_HAL_Driver/Src/stm32l4xx_hal_pwr_ex.o
 .debug_frame   0x00001c0c      0x21c ./Drivers/STM32L4xx_HAL_Driver/Src/stm32l4xx_hal_rcc.o
 .debug_frame   0x00001e28      0x2fc ./Drivers/STM32L4xx_HAL_Driver/Src/stm32l4xx_hal_rcc_ex.o
 .debug_frame   0x00002124      0x860 ./Drivers/STM32L4xx_HAL_Driver/Src/stm32l4xx_hal_spi.o
 .debug_frame   0x00002984     0x1218 ./Drivers/STM32L4xx_HAL_Driver/Src/stm32l4xx_hal_tim.o
 .debug_frame   0x00003b9c      0x6b0 ./Drivers/STM32L4xx_HAL_Driver/Src/stm32l4xx_hal_tim_ex.o
 .debug_frame   0x0000424c      0x9f4 ./Drivers/STM32L4xx_HAL_Driver/Src/stm32l4xx_hal_uart.o
 .debug_frame   0x00004c40      0x204 ./Drivers/STM32L4xx_HAL_Driver/Src/stm32l4xx_hal_uart_ex.o
 .debug_frame   0x00004e44       0x20 C:/ST/STM32CubeIDE_1.14.0/STM32CubeIDE/plugins/com.st.stm32cube.ide.mcu.externaltools.gnu-tools-for-stm32.12.3.rel1.win32_1.0.100.202403111256/tools/bin/../lib/gcc/arm-none-eabi/12.3.1/../../../../arm-none-eabi/lib/thumb/v7e-m+fp/hard\libc_nano.a(libc_a-memset.o)
 .debug_frame   0x00004e64       0x2c C:/ST/STM32CubeIDE_1.14.0/STM32CubeIDE/plugins/com.st.stm32cube.ide.mcu.externaltools.gnu-tools-for-stm32.12.3.rel1.win32_1.0.100.202403111256/tools/bin/../lib/gcc/arm-none-eabi/12.3.1/../../../../arm-none-eabi/lib/thumb/v7e-m+fp/hard\libc_nano.a(libc_a-init.o)
 .debug_frame   0x00004e90       0xac C:/ST/STM32CubeIDE_1.14.0/STM32CubeIDE/plugins/com.st.stm32cube.ide.mcu.externaltools.gnu-tools-for-stm32.12.3.rel1.win32_1.0.100.202403111256/tools/bin/../lib/gcc/arm-none-eabi/12.3.1/thumb/v7e-m+fp/hard\libgcc.a(_arm_addsubdf3.o)
 .debug_frame   0x00004f3c       0x50 C:/ST/STM32CubeIDE_1.14.0/STM32CubeIDE/plugins/com.st.stm32cube.ide.mcu.externaltools.gnu-tools-for-stm32.12.3.rel1.win32_1.0.100.202403111256/tools/bin/../lib/gcc/arm-none-eabi/12.3.1/thumb/v7e-m+fp/hard\libgcc.a(_arm_muldivdf3.o)
 .debug_frame   0x00004f8c       0x24 C:/ST/STM32CubeIDE_1.14.0/STM32CubeIDE/plugins/com.st.stm32cube.ide.mcu.externaltools.gnu-tools-for-stm32.12.3.rel1.win32_1.0.100.202403111256/tools/bin/../lib/gcc/arm-none-eabi/12.3.1/thumb/v7e-m+fp/hard\libgcc.a(_arm_fixunsdfsi.o)
 .debug_frame   0x00004fb0       0x2c C:/ST/STM32CubeIDE_1.14.0/STM32CubeIDE/plugins/com.st.stm32cube.ide.mcu.externaltools.gnu-tools-for-stm32.12.3.rel1.win32_1.0.100.202403111256/tools/bin/../lib/gcc/arm-none-eabi/12.3.1/thumb/v7e-m+fp/hard\libgcc.a(_aeabi_uldivmod.o)
 .debug_frame   0x00004fdc       0x34 C:/ST/STM32CubeIDE_1.14.0/STM32CubeIDE/plugins/com.st.stm32cube.ide.mcu.externaltools.gnu-tools-for-stm32.12.3.rel1.win32_1.0.100.202403111256/tools/bin/../lib/gcc/arm-none-eabi/12.3.1/thumb/v7e-m+fp/hard\libgcc.a(_udivmoddi4.o)

.debug_line_str
                0x00000000       0x63
 .debug_line_str
                0x00000000       0x63 ./Core/Startup/startup_stm32l476rgtx.o
