Archive member included to satisfy reference by file (symbol)

C:/ST/STM32CubeIDE_1.14.0/STM32CubeIDE/plugins/com.st.stm32cube.ide.mcu.externaltools.gnu-tools-for-stm32.12.3.rel1.win32_1.0.100.202403111256/tools/bin/../lib/gcc/arm-none-eabi/12.3.1/../../../../arm-none-eabi/lib/thumb/v7e-m+fp/hard\libc_nano.a(libc_a-exit.o)
                              C:/ST/STM32CubeIDE_1.14.0/STM32CubeIDE/plugins/com.st.stm32cube.ide.mcu.externaltools.gnu-tools-for-stm32.12.3.rel1.win32_1.0.100.202403111256/tools/bin/../lib/gcc/arm-none-eabi/12.3.1/../../../../arm-none-eabi/lib/thumb/v7e-m+fp/hard/crt0.o (exit)
C:/ST/STM32CubeIDE_1.14.0/STM32CubeIDE/plugins/com.st.stm32cube.ide.mcu.externaltools.gnu-tools-for-stm32.12.3.rel1.win32_1.0.100.202403111256/tools/bin/../lib/gcc/arm-none-eabi/12.3.1/../../../../arm-none-eabi/lib/thumb/v7e-m+fp/hard\libc_nano.a(libc_a-findfp.o)
                              C:/ST/STM32CubeIDE_1.14.0/STM32CubeIDE/plugins/com.st.stm32cube.ide.mcu.externaltools.gnu-tools-for-stm32.12.3.rel1.win32_1.0.100.202403111256/tools/bin/../lib/gcc/arm-none-eabi/12.3.1/../../../../arm-none-eabi/lib/thumb/v7e-m+fp/hard\libc_nano.a(libc_a-exit.o) (__stdio_exit_handler)
C:/ST/STM32CubeIDE_1.14.0/STM32CubeIDE/plugins/com.st.stm32cube.ide.mcu.externaltools.gnu-tools-for-stm32.12.3.rel1.win32_1.0.100.202403111256/tools/bin/../lib/gcc/arm-none-eabi/12.3.1/../../../../arm-none-eabi/lib/thumb/v7e-m+fp/hard\libc_nano.a(libc_a-fwalk.o)
                              C:/ST/STM32CubeIDE_1.14.0/STM32CubeIDE/plugins/com.st.stm32cube.ide.mcu.externaltools.gnu-tools-for-stm32.12.3.rel1.win32_1.0.100.202403111256/tools/bin/../lib/gcc/arm-none-eabi/12.3.1/../../../../arm-none-eabi/lib/thumb/v7e-m+fp/hard\libc_nano.a(libc_a-findfp.o) (_fwalk_sglue)
C:/ST/STM32CubeIDE_1.14.0/STM32CubeIDE/plugins/com.st.stm32cube.ide.mcu.externaltools.gnu-tools-for-stm32.12.3.rel1.win32_1.0.100.202403111256/tools/bin/../lib/gcc/arm-none-eabi/12.3.1/../../../../arm-none-eabi/lib/thumb/v7e-m+fp/hard\libc_nano.a(libc_a-puts.o)
                              ./Core/Src/communication.o (puts)
C:/ST/STM32CubeIDE_1.14.0/STM32CubeIDE/plugins/com.st.stm32cube.ide.mcu.externaltools.gnu-tools-for-stm32.12.3.rel1.win32_1.0.100.202403111256/tools/bin/../lib/gcc/arm-none-eabi/12.3.1/../../../../arm-none-eabi/lib/thumb/v7e-m+fp/hard\libc_nano.a(libc_a-stdio.o)
                              C:/ST/STM32CubeIDE_1.14.0/STM32CubeIDE/plugins/com.st.stm32cube.ide.mcu.externaltools.gnu-tools-for-stm32.12.3.rel1.win32_1.0.100.202403111256/tools/bin/../lib/gcc/arm-none-eabi/12.3.1/../../../../arm-none-eabi/lib/thumb/v7e-m+fp/hard\libc_nano.a(libc_a-findfp.o) (__sread)
C:/ST/STM32CubeIDE_1.14.0/STM32CubeIDE/plugins/com.st.stm32cube.ide.mcu.externaltools.gnu-tools-for-stm32.12.3.rel1.win32_1.0.100.202403111256/tools/bin/../lib/gcc/arm-none-eabi/12.3.1/../../../../arm-none-eabi/lib/thumb/v7e-m+fp/hard\libc_nano.a(libc_a-wbuf.o)
                              C:/ST/STM32CubeIDE_1.14.0/STM32CubeIDE/plugins/com.st.stm32cube.ide.mcu.externaltools.gnu-tools-for-stm32.12.3.rel1.win32_1.0.100.202403111256/tools/bin/../lib/gcc/arm-none-eabi/12.3.1/../../../../arm-none-eabi/lib/thumb/v7e-m+fp/hard\libc_nano.a(libc_a-puts.o) (__swbuf_r)
C:/ST/STM32CubeIDE_1.14.0/STM32CubeIDE/plugins/com.st.stm32cube.ide.mcu.externaltools.gnu-tools-for-stm32.12.3.rel1.win32_1.0.100.202403111256/tools/bin/../lib/gcc/arm-none-eabi/12.3.1/../../../../arm-none-eabi/lib/thumb/v7e-m+fp/hard\libc_nano.a(libc_a-wsetup.o)
                              C:/ST/STM32CubeIDE_1.14.0/STM32CubeIDE/plugins/com.st.stm32cube.ide.mcu.externaltools.gnu-tools-for-stm32.12.3.rel1.win32_1.0.100.202403111256/tools/bin/../lib/gcc/arm-none-eabi/12.3.1/../../../../arm-none-eabi/lib/thumb/v7e-m+fp/hard\libc_nano.a(libc_a-puts.o) (__swsetup_r)
C:/ST/STM32CubeIDE_1.14.0/STM32CubeIDE/plugins/com.st.stm32cube.ide.mcu.externaltools.gnu-tools-for-stm32.12.3.rel1.win32_1.0.100.202403111256/tools/bin/../lib/gcc/arm-none-eabi/12.3.1/../../../../arm-none-eabi/lib/thumb/v7e-m+fp/hard\libc_nano.a(libc_a-memset.o)
                              C:/ST/STM32CubeIDE_1.14.0/STM32CubeIDE/plugins/com.st.stm32cube.ide.mcu.externaltools.gnu-tools-for-stm32.12.3.rel1.win32_1.0.100.202403111256/tools/bin/../lib/gcc/arm-none-eabi/12.3.1/../../../../arm-none-eabi/lib/thumb/v7e-m+fp/hard/crt0.o (memset)
C:/ST/STM32CubeIDE_1.14.0/STM32CubeIDE/plugins/com.st.stm32cube.ide.mcu.externaltools.gnu-tools-for-stm32.12.3.rel1.win32_1.0.100.202403111256/tools/bin/../lib/gcc/arm-none-eabi/12.3.1/../../../../arm-none-eabi/lib/thumb/v7e-m+fp/hard\libc_nano.a(libc_a-closer.o)
                              C:/ST/STM32CubeIDE_1.14.0/STM32CubeIDE/plugins/com.st.stm32cube.ide.mcu.externaltools.gnu-tools-for-stm32.12.3.rel1.win32_1.0.100.202403111256/tools/bin/../lib/gcc/arm-none-eabi/12.3.1/../../../../arm-none-eabi/lib/thumb/v7e-m+fp/hard\libc_nano.a(libc_a-stdio.o) (_close_r)
[...]
Memory Configuration

Name             Origin             Length             Attributes
RAM              0x20000000         0x00018000         xrw
RAM2             0x10000000         0x00008000         xrw
FLASH            0x08000000         0x00100000         xr
*default*        0x00000000         0xffffffff

Linker script and memory map

LOAD C:/ST/STM32CubeIDE_1.14.0/STM32CubeIDE/plugins/com.st.stm32cube.ide.mcu.externaltools.gnu-tools-for-stm32.12.3.rel1.win32_1.0.100.202403111256/tools/bin/../lib/gcc/arm-none-eabi/12.3.1/thumb/v7e-m+fp/hard/crti.o
LOAD C:/ST/STM32CubeIDE_1.14.0/STM32CubeIDE/plugins/com.st.stm32cube.ide.mcu.externaltools.gnu-tools-for-stm32.12.3.rel1.win32_1.0.100.202403111256/tools/bin/../lib/gcc/arm-none-eabi/12.3.1/thumb/v7e-m+fp/hard/crtbegin.o
LOAD C:/ST/STM32CubeIDE_1.14.0/STM32CubeIDE/plugins/com.st.stm32cube.ide.mcu.externaltools.gnu-tools-for-stm32.12.3.rel1.win32_1.0.100.202403111256/tools/bin/../lib/gcc/arm-none-eabi/12.3.1/../../../../arm-none-eabi/lib/thumb/v7e-m+fp/hard/crt0.o
LOAD ./Core/Src/communication.o
LOAD ./Core/Src/main.o
LOAD ./Core/Src/stimControl.o
LOAD ./Core/Src/stm32l4xx_hal_msp.o
LOAD ./Core/Src/stm32l4xx_it.o
LOAD ./Core/Src/syscalls.o
LOAD ./Core/Src/sysmem.o
LOAD ./Core/Src/system_stm32l4xx.o
LOAD ./Core/Startup/startup_stm32l476rgtx.o
LOAD ./Drivers/STM32L4xx_HAL_Driver/Src/stm32l4xx_hal.o
LOAD ./Drivers/STM32L4xx_HAL_Driver/Src/stm32l4xx_hal_cortex.o
LOAD ./Drivers/STM32L4xx_HAL_Driver/Src/stm32l4xx_hal_dac.o
LOAD ./Drivers/STM32L4xx_HAL_Driver/Src/stm32l4xx_hal_dac_ex.o
LOAD ./Drivers/STM32L4xx_HAL_Driver/Src/stm32l4xx_hal_dma.o
LOAD ./Drivers/STM32L4xx_HAL_Driver/Src/stm32l4xx_hal_dma_ex.o
LOAD ./Drivers/STM32L4xx_HAL_Driver/Src/stm32l4xx_hal_exti.o
LOAD ./Drivers/STM32L4xx_HAL_Driver/Src/stm32l4xx_hal_flash.o
LOAD ./Drivers/STM32L4xx_HAL_Driver/Src/stm32l4xx_hal_flash_ex.o
LOAD ./Drivers/STM32L4xx_HAL_Driver/Src/stm32l4xx_hal_flash_ramfunc.o
LOAD ./Drivers/STM32L4xx_HAL_Driver/Src/stm32l4xx_hal_gpio.o
LOAD ./Drivers/STM32L4xx_HAL_Driver/Src/stm32l4xx_hal_i2c.o
LOAD ./Drivers/STM32L4xx_HAL_Driver/Src/stm32l4xx_hal_i2c_ex.o
LOAD ./Drivers/STM32L4xx_HAL_Driver/Src/stm32l4xx_hal_pwr.o
LOAD ./Drivers/STM32L4xx_HAL_Driver/Src/stm32l4xx_hal_pwr_ex.o
LOAD ./Drivers/STM32L4xx_HAL_Driver/Src/stm32l4xx_hal_rcc.o
LOAD ./Drivers/STM32L4xx_HAL_Driver/Src/stm32l4xx_hal_rcc_ex.o
LOAD ./Drivers/STM32L4xx_HAL_Driver/Src/stm32l4xx_hal_spi.o
LOAD ./Drivers/STM32L4xx_HAL_Driver/Src/stm32l4xx_hal_spi_ex.o
LOAD ./Drivers/STM32L4xx_HAL_Driver/Src/stm32l4xx_hal_tim.o
LOAD ./Drivers/STM32L4xx_HAL_Driver/Src/stm32l4xx_hal_tim_ex.o
LOAD ./Drivers/STM32L4xx_HAL_Driver/Src/stm32l4xx_hal_uart.o
LOAD ./Drivers/STM32L4xx_HAL_Driver/Src/stm32l4xx_hal_uart_ex.o
START GROUP
LOAD C:/ST/STM32CubeIDE_1.14.0/STM32CubeIDE/plugins/com.st.stm32cube.ide.mcu.externaltools.gnu-tools-for-stm32.12.3.rel1.win32_1.0.100.202403111256/tools/bin/../lib/gcc/arm-none-eabi/12.3.1/../../../../arm-none-eabi/lib/thumb/v7e-m+fp/hard\libc_nano.a
LOAD C:/ST/STM32CubeIDE_1.14.0/STM32CubeIDE/plugins/com.st.stm32cube.ide.mcu.externaltools.gnu-tools-for-stm32.12.3.rel1.win32_1.0.100.202403111256/tools/bin/../lib/gcc/arm-none-eabi/12.3.1/../../../../arm-none-eabi/lib/thumb/v7e-m+fp/hard\libm.a
END GROUP
START GROUP
LOAD C:/ST/STM32CubeIDE_1.14.0/STM32CubeIDE/plugins/com.st.stm32cube.ide.mcu.externaltools.gnu-tools-for-stm32.12.3.rel1.win32_1.0.100.202403111256/tools/bin/../lib/gcc/arm-none-eabi/12.3.1/thumb/v7e-m+fp/hard\libgcc.a
LOAD C:/ST/STM32CubeIDE_1.14.0/STM32CubeIDE/plugins/com.st.stm32cube.ide.mcu.externaltools.gnu-tools-for-stm32.12.3.rel1.win32_1.0.100.202403111256/tools/bin/../lib/gcc/arm-none-eabi/12.3.1/../../../../arm-none-eabi/lib/thumb/v7e-m+fp/hard\libc_nano.a
END GROUP
START GROUP
LOAD C:/ST/STM32CubeIDE_1.14.0/STM32CubeIDE/plugins/com.st.stm32cube.ide.mcu.externaltools.gnu-tools-for-stm32.12.3.rel1.win32_1.0.100.202403111256/tools/bin/../lib/gcc/arm-none-eabi/12.3.1/thumb/v7e-m+fp/hard\libgcc.a
LOAD C:/ST/STM32CubeIDE_1.14.0/STM32CubeIDE/plugins/com.st.stm32cube.ide.mcu.externaltools.gnu-tools-for-stm32.12.3.rel1.win32_1.0.100.202403111256/tools/bin/../lib/gcc/arm-none-eabi/12.3.1/../../../../arm-none-eabi/lib/thumb/v7e-m+fp/hard\libc_nano.a
LOAD C:/ST/STM32CubeIDE_1.14.0/STM32CubeIDE/plugins/com.st.stm32cube.ide.mcu.externaltools.gnu-tools-for-stm32.12.3.rel1.win32_1.0.100.202403111256/tools/bin/../lib/gcc/arm-none-eabi/12.3.1/../../../../arm-none-eabi/lib/thumb/v7e-m+fp/hard\libnosys.a
END GROUP
START GROUP
LOAD C:/ST/STM32CubeIDE_1.14.0/STM32CubeIDE/plugins/com.st.stm32cube.ide.mcu.externaltools.gnu-tools-for-stm32.12.3.rel1.win32_1.0.100.202403111256/tools/bin/../lib/gcc/arm-none-eabi/12.3.1/thumb/v7e-m+fp/hard\libgcc.a
LOAD C:/ST/STM32CubeIDE_1.14.0/STM32CubeIDE/plugins/com.st.stm32cube.ide.mcu.externaltools.gnu-tools-for-stm32.12.3.rel1.win32_1.0.100.202403111256/tools/bin/../lib/gcc/arm-none-eabi/12.3.1/../../../../arm-none-eabi/lib/thumb/v7e-m+fp/hard\libc_nano.a
LOAD C:/ST/STM32CubeIDE_1.14.0/STM32CubeIDE/plugins/com.st.stm32cube.ide.mcu.externaltools.gnu-tools-for-stm32.12.3.rel1.win32_1.0.100.202403111256/tools/bin/../lib/gcc/arm-none-eabi/12.3.1/../../../../arm-none-eabi/lib/thumb/v7e-m+fp/hard\libnosys.a
END GROUP
LOAD C:/ST/STM32CubeIDE_1.14.0/STM32CubeIDE/plugins/com.st.stm32cube.ide.mcu.externaltools.gnu-tools-for-stm32.12.3.rel1.win32_1.0.100.202403111256/tools/bin/../lib/gcc/arm-none-eabi/12.3.1/thumb/v7e-m+fp/hard/crtend.o
LOAD C:/ST/STM32CubeIDE_1.14.0/STM32CubeIDE/plugins/com.st.stm32cube.ide.mcu.externaltools.gnu-tools-for-stm32.12.3.rel1.win32_1.0.100.202403111256/tools/bin/../lib/gcc/arm-none-eabi/12.3.1/thumb/v7e-m+fp/hard/crtn.o
                0x20018000                        _estack = (ORIGIN (RAM) + LENGTH (RAM))
                0x00000200                        _Min_Heap_Size = 0x200
                0x00000400                        _Min_Stack_Size = 0x400

.isr_vector     0x08000000      0x188
                0x08000000                        . = ALIGN (0x4)
 *(.isr_vector)
 .isr_vector    0x08000000      0x188 ./Core/Startup/startup_stm32l476rgtx.o
                0x08000000                g_pfnVectors
                0x08000188                        . = ALIGN (0x4)

.text           0x08000188     0x7cf4
                0x08000188                        . = ALIGN (0x4)
 *(.text)
 .text          0x08000188       0x40 C:/ST/STM32CubeIDE_1.14.0/STM32CubeIDE/plugins/com.st.stm32cube.ide.mcu.externaltools.gnu-tools-for-stm32.12.3.rel1.win32_1.0.100.202403111256/tools/bin/../lib/gcc/arm-none-eabi/12.3.1/thumb/v7e-m+fp/hard/crtbegin.o
 .text          0x080001c8      0x378 C:/ST/STM32CubeIDE_1.14.0/STM32CubeIDE/plugins/com.st.stm32cube.ide.mcu.externaltools.gnu-tools-for-stm32.12.3.rel1.win32_1.0.100.202403111256/tools/bin/../lib/gcc/arm-none-eabi/12.3.1/thumb/v7e-m+fp/hard\libgcc.a(_arm_addsubdf3.o)
                0x080001c8                __aeabi_drsub
                0x080001d0                __aeabi_dsub
                0x080001d0                __subdf3
                0x080001d4                __aeabi_dadd
                0x080001d4                __adddf3
                0x0800044c                __floatunsidf
                0x0800044c                __aeabi_ui2d
                0x0800046c                __floatsidf
                0x0800046c                __aeabi_i2d
                0x08000490                __aeabi_f2d
                0x08000490                __extendsfdf2
                0x080004d4                __floatundidf
                0x080004d4                __aeabi_ul2d
                0x080004e4                __floatdidf
                0x080004e4                __aeabi_l2d
 .text          0x08000540      0x424 C:/ST/STM32CubeIDE_1.14.0/STM32CubeIDE/plugins/com.st.stm32cube.ide.mcu.externaltools.gnu-tools-for-stm32.12.3.rel1.win32_1.0.100.202403111256/tools/bin/../lib/gcc/arm-none-eabi/12.3.1/thumb/v7e-m+fp/hard\libgcc.a(_arm_muldivdf3.o)
                0x08000540                __aeabi_dmul
                0x08000540                __muldf3
                0x08000794                __divdf3
                0x08000794                __aeabi_ddiv
 .text          0x08000964       0x40 C:/ST/STM32CubeIDE_1.14.0/STM32CubeIDE/plugins/com.st.stm32cube.ide.mcu.externaltools.gnu-tools-for-stm32.12.3.rel1.win32_1.0.100.202403111256/tools/bin/../lib/gcc/arm-none-eabi/12.3.1/thumb/v7e-m+fp/hard\libgcc.a(_arm_fixunsdfsi.o)
                0x08000964                __aeabi_d2uiz
                0x08000964                __fixunsdfsi
 .text          0x080009a4       0x30 C:/ST/STM32CubeIDE_1.14.0/STM32CubeIDE/plugins/com.st.stm32cube.ide.mcu.externaltools.gnu-tools-for-stm32.12.3.rel1.win32_1.0.100.202403111256/tools/bin/../lib/gcc/arm-none-eabi/12.3.1/thumb/v7e-m+fp/hard\libgcc.a(_aeabi_uldivmod.o)
                0x080009a4                __aeabi_uldivmod
 .text          0x080009d4      0x2bc C:/ST/STM32CubeIDE_1.14.0/STM32CubeIDE/plugins/com.st.stm32cube.ide.mcu.externaltools.gnu-tools-for-stm32.12.3.rel1.win32_1.0.100.202403111256/tools/bin/../lib/gcc/arm-none-eabi/12.3.1/thumb/v7e-m+fp/hard\libgcc.a(_udivmoddi4.o)
                0x080009d4                __udivmoddi4
 .text          0x08000c90        0x4 C:/ST/STM32CubeIDE_1.14.0/STM32CubeIDE/plugins/com.st.stm32cube.ide.mcu.externaltools.gnu-tools-for-stm32.12.3.rel1.win32_1.0.100.202403111256/tools/bin/../lib/gcc/arm-none-eabi/12.3.1/thumb/v7e-m+fp/hard\libgcc.a(_dvmd_tls.o)
                0x08000c90                __aeabi_idiv0
                0x08000c90                __aeabi_ldiv0
 *(.text*)
 .text.__NVIC_SystemReset
                0x08000c94       0x2c ./Core/Src/communication.o
 .text.checkCRC
                0x08000cc0       0x4c ./Core/Src/communication.o
                0x08000cc0                checkCRC
 .text.parseUserInput
                0x08000d0c      0x40c ./Core/Src/communication.o
                0x08000d0c                parseUserInput
 .text.UART_handleTimeOut
                0x08001118       0x60 ./Core/Src/communication.o
                0x08001118                UART_handleTimeOut
 .text.__io_putchar
                0x08001178       0x24 ./Core/Src/main.o
                0x08001178                __io_putchar
 .text.main     0x0800119c      0x188 ./Core/Src/main.o
                0x0800119c                main
 .text.SystemClock_Config
                0x08001324       0x9e ./Core/Src/main.o
                0x08001324                SystemClock_Config
 *fill*         0x080013c2        0x2 
 .text.MX_DAC1_Init
                0x080013c4       0x64 ./Core/Src/main.o
 .text.MX_SPI1_Init
                0x08001428       0x7c ./Core/Src/main.o
 .text.MX_TIM2_Init
                0x080014a4       0x9c ./Core/Src/main.o
 .text.MX_USART2_UART_Init
                0x08001540       0x60 ./Core/Src/main.o
 .text.MX_DMA_Init
                0x080015a0       0x3c ./Core/Src/main.o
 .text.MX_GPIO_Init
                0x080015dc      0x10c ./Core/Src/main.o
 .text.HAL_UART_RxCpltCallback
                0x080016e8       0x7c ./Core/Src/main.o
                0x080016e8                HAL_UART_RxCpltCallback
 .text.Error_Handler
                0x08001764        0xc ./Core/Src/main.o
                0x08001764                Error_Handler
 .text.initializeTimerSettings
                0x08001770       0x38 ./Core/Src/stimControl.o
                0x08001770                initializeTimerSettings
 .text.initializeStimparams
                0x080017a8       0xb0 ./Core/Src/stimControl.o
                0x080017a8                initializeStimparams
 .text.offsetData
                0x08001858       0xa0 ./Core/Src/stimControl.o
                0x08001858                offsetData
 .text.fillWithBell
                0x080018f8      0x2da ./Core/Src/stimControl.o
                0x080018f8                fillWithBell
 *fill*         0x08001bd2        0x2 
 .text.swapBits
                0x08001bd4       0x84 ./Core/Src/stimControl.o
                0x08001bd4                swapBits
 .text.generateStimulationPattern
                0x08001c58      0x1c4 ./Core/Src/stimControl.o
                0x08001c58                generateStimulationPattern
 .text.start_DMA
                0x08001e1c       0x2c ./Core/Src/stimControl.o
                0x08001e1c                start_DMA
 .text.enablePanel
                0x08001e48       0x16 ./Core/Src/stimControl.o
                0x08001e48                enablePanel
 *fill*         0x08001e5e        0x2 
 .text.handleStimulation
                0x08001e60      0x3b0 ./Core/Src/stimControl.o
                0x08001e60                handleStimulation
 .text.HAL_MspInit
                0x08002210       0x48 ./Core/Src/stm32l4xx_hal_msp.o
                0x08002210                HAL_MspInit
 .text.HAL_DAC_MspInit
                0x08002258       0x7c ./Core/Src/stm32l4xx_hal_msp.o
                0x08002258                HAL_DAC_MspInit
 .text.HAL_SPI_MspInit
                0x080022d4       0x84 ./Core/Src/stm32l4xx_hal_msp.o
                0x080022d4                HAL_SPI_MspInit
 .text.HAL_TIM_Base_MspInit
                0x08002358       0x98 ./Core/Src/stm32l4xx_hal_msp.o
                0x08002358                HAL_TIM_Base_MspInit
 .text.HAL_UART_MspInit
                0x080023f0       0xc8 ./Core/Src/stm32l4xx_hal_msp.o
                0x080023f0                HAL_UART_MspInit
 .text.NMI_Handler
                0x080024b8        0x8 ./Core/Src/stm32l4xx_it.o
                0x080024b8                NMI_Handler
 .text.HardFault_Handler
                0x080024c0        0x8 ./Core/Src/stm32l4xx_it.o
                0x080024c0                HardFault_Handler
 .text.MemManage_Handler
                0x080024c8        0x8 ./Core/Src/stm32l4xx_it.o
                0x080024c8                MemManage_Handler
 .text.BusFault_Handler
                0x080024d0        0x8 ./Core/Src/stm32l4xx_it.o
                0x080024d0                BusFault_Handler
 .text.UsageFault_Handler
                0x080024d8        0x8 ./Core/Src/stm32l4xx_it.o
                0x080024d8                UsageFault_Handler
 .text.SVC_Handler
                0x080024e0        0xe ./Core/Src/stm32l4xx_it.o
                0x080024e0                SVC_Handler
 .text.DebugMon_Handler
                0x080024ee        0xe ./Core/Src/stm32l4xx_it.o
                0x080024ee                DebugMon_Handler
 .text.PendSV_Handler
                0x080024fc        0xe ./Core/Src/stm32l4xx_it.o
                0x080024fc                PendSV_Handler
 .text.SysTick_Handler
                0x0800250a        0xc ./Core/Src/stm32l4xx_it.o
                0x0800250a                SysTick_Handler
 *fill*         0x08002516        0x2 
 .text.DMA1_Channel2_IRQHandler
                0x08002518       0x38 ./Core/Src/stm32l4xx_it.o
                0x08002518                DMA1_Channel2_IRQHandler
 .text.USART2_IRQHandler
                0x08002550       0x58 ./Core/Src/stm32l4xx_it.o
                0x08002550                USART2_IRQHandler
 .text._read    0x080025a8       0x3a ./Core/Src/syscalls.o
                0x080025a8                _read
 .text._write   0x080025e2       0x38 ./Core/Src/syscalls.o
                0x080025e2                _write
 .text._close   0x0800261a       0x18 ./Core/Src/syscalls.o
                0x0800261a                _close
 .text._fstat   0x08002632       0x20 ./Core/Src/syscalls.o
                0x08002632                _fstat
 .text._isatty  0x08002652       0x16 ./Core/Src/syscalls.o
                0x08002652                _isatty
 .text._lseek   0x08002668       0x1a ./Core/Src/syscalls.o
                0x08002668                _lseek
 *fill*         0x08002682        0x2 
 .text._sbrk    0x08002684       0x6c ./Core/Src/sysmem.o
                0x08002684                _sbrk
 .text.SystemInit
                0x080026f0       0x24 ./Core/Src/system_stm32l4xx.o
                0x080026f0                SystemInit
 .text.Reset_Handler
                0x08002714       0x50 ./Core/Startup/startup_stm32l476rgtx.o
                0x08002714                Reset_Handler
 .text.Default_Handler
                0x08002764        0x2 ./Core/Startup/startup_stm32l476rgtx.o
                0x08002764                RTC_Alarm_IRQHandler
                0x08002764                EXTI2_IRQHandler
                0x08002764                TIM8_TRG_COM_IRQHandler
                0x08002764                TIM8_CC_IRQHandler
                0x08002764                TIM1_CC_IRQHandler
                0x08002764                TSC_IRQHandler
                0x08002764                TAMP_STAMP_IRQHandler
                0x08002764                EXTI3_IRQHandler
                0x08002764                LPTIM2_IRQHandler
                0x08002764                DFSDM1_FLT1_IRQHandler
                0x08002764                I2C3_ER_IRQHandler
                0x08002764                DFSDM1_FLT2_IRQHandler
                0x08002764                EXTI0_IRQHandler
                0x08002764                I2C2_EV_IRQHandler
                0x08002764                CAN1_RX0_IRQHandler
                0x08002764                FPU_IRQHandler
                0x08002764                TIM1_UP_TIM16_IRQHandler
                0x08002764                ADC1_2_IRQHandler
                0x08002764                SPI1_IRQHandler
                0x08002764                TIM6_DAC_IRQHandler
                0x08002764                TIM8_UP_IRQHandler
                0x08002764                DMA2_Channel2_IRQHandler
                0x08002764                DMA1_Channel4_IRQHandler
                0x08002764                SAI2_IRQHandler
                0x08002764                DFSDM1_FLT3_IRQHandler
                0x08002764                USART3_IRQHandler
                0x08002764                DMA1_Channel7_IRQHandler
                0x08002764                CAN1_RX1_IRQHandler
                0x08002764                LCD_IRQHandler
                0x08002764                UART5_IRQHandler
                0x08002764                ADC3_IRQHandler
                0x08002764                TIM4_IRQHandler
                0x08002764                DMA2_Channel1_IRQHandler
                0x08002764                QUADSPI_IRQHandler
                0x08002764                I2C1_EV_IRQHandler
                0x08002764                DMA1_Channel6_IRQHandler
                0x08002764                UART4_IRQHandler
                0x08002764                DMA2_Channel4_IRQHandler
                0x08002764                TIM3_IRQHandler
                0x08002764                RCC_IRQHandler
                0x08002764                DMA1_Channel1_IRQHandler
                0x08002764                Default_Handler
                0x08002764                DMA2_Channel7_IRQHandler
                0x08002764                EXTI15_10_IRQHandler
                0x08002764                TIM7_IRQHandler
                0x08002764                SDMMC1_IRQHandler
                0x08002764                TIM5_IRQHandler
                0x08002764                I2C3_EV_IRQHandler
                0x08002764                EXTI9_5_IRQHandler
                0x08002764                RTC_WKUP_IRQHandler
                0x08002764                PVD_PVM_IRQHandler
                0x08002764                SPI2_IRQHandler
                0x08002764                CAN1_TX_IRQHandler
                0x08002764                DMA2_Channel5_IRQHandler
                0x08002764                DMA1_Channel5_IRQHandler
                0x08002764                EXTI4_IRQHandler
                0x08002764                RNG_IRQHandler
                0x08002764                TIM1_TRG_COM_TIM17_IRQHandler
                0x08002764                DMA1_Channel3_IRQHandler
                0x08002764                COMP_IRQHandler
                0x08002764                WWDG_IRQHandler
                0x08002764                LPUART1_IRQHandler
                0x08002764                DMA2_Channel6_IRQHandler
                0x08002764                TIM2_IRQHandler
                0x08002764                EXTI1_IRQHandler
                0x08002764                DFSDM1_FLT0_IRQHandler
                0x08002764                I2C2_ER_IRQHandler
                0x08002764                TIM8_BRK_IRQHandler
                0x08002764                CAN1_SCE_IRQHandler
                0x08002764                FLASH_IRQHandler
                0x08002764                USART1_IRQHandler
                0x08002764                OTG_FS_IRQHandler
                0x08002764                SPI3_IRQHandler
                0x08002764                I2C1_ER_IRQHandler
                0x08002764                FMC_IRQHandler
                0x08002764                SWPMI1_IRQHandler
                0x08002764                LPTIM1_IRQHandler
                0x08002764                SAI1_IRQHandler
                0x08002764                DMA2_Channel3_IRQHandler
                0x08002764                TIM1_BRK_TIM15_IRQHandler
 .text.HAL_Init
                0x08002766       0x30 ./Drivers/STM32L4xx_HAL_Driver/Src/stm32l4xx_hal.o
                0x08002766                HAL_Init
 *fill*         0x08002796        0x2 
 .text.HAL_InitTick
                0x08002798       0x78 ./Drivers/STM32L4xx_HAL_Driver/Src/stm32l4xx_hal.o
                0x08002798                HAL_InitTick
 .text.HAL_IncTick
                0x08002810       0x28 ./Drivers/STM32L4xx_HAL_Driver/Src/stm32l4xx_hal.o
                0x08002810                HAL_IncTick
 .text.HAL_GetTick
                0x08002838       0x18 ./Drivers/STM32L4xx_HAL_Driver/Src/stm32l4xx_hal.o
                0x08002838                HAL_GetTick
 .text.HAL_Delay
                0x08002850       0x48 ./Drivers/STM32L4xx_HAL_Driver/Src/stm32l4xx_hal.o
                0x08002850                HAL_Delay
 .text.__NVIC_SetPriorityGrouping
                0x08002898       0x48 ./Drivers/STM32L4xx_HAL_Driver/Src/stm32l4xx_hal_cortex.o
 .text.__NVIC_GetPriorityGrouping
                0x080028e0       0x1c ./Drivers/STM32L4xx_HAL_Driver/Src/stm32l4xx_hal_cortex.o
 .text.__NVIC_EnableIRQ
                0x080028fc       0x3c ./Drivers/STM32L4xx_HAL_Driver/Src/stm32l4xx_hal_cortex.o
 .text.__NVIC_SetPriority
                0x08002938       0x54 ./Drivers/STM32L4xx_HAL_Driver/Src/stm32l4xx_hal_cortex.o
 .text.NVIC_EncodePriority
                0x0800298c       0x66 ./Drivers/STM32L4xx_HAL_Driver/Src/stm32l4xx_hal_cortex.o
 *fill*         0x080029f2        0x2 
 .text.SysTick_Config
                0x080029f4       0x44 ./Drivers/STM32L4xx_HAL_Driver/Src/stm32l4xx_hal_cortex.o
 .text.HAL_NVIC_SetPriorityGrouping
                0x08002a38       0x16 ./Drivers/STM32L4xx_HAL_Driver/Src/stm32l4xx_hal_cortex.o
                0x08002a38                HAL_NVIC_SetPriorityGrouping
 .text.HAL_NVIC_SetPriority
                0x08002a4e       0x38 ./Drivers/STM32L4xx_HAL_Driver/Src/stm32l4xx_hal_cortex.o
                0x08002a4e                HAL_NVIC_SetPriority
 .text.HAL_NVIC_EnableIRQ
                0x08002a86       0x1c ./Drivers/STM32L4xx_HAL_Driver/Src/stm32l4xx_hal_cortex.o
                0x08002a86                HAL_NVIC_EnableIRQ
 .text.HAL_SYSTICK_Config
                0x08002aa2       0x18 ./Drivers/STM32L4xx_HAL_Driver/Src/stm32l4xx_hal_cortex.o
                0x08002aa2                HAL_SYSTICK_Config
 .text.HAL_DAC_Init
                0x08002aba       0x44 ./Drivers/STM32L4xx_HAL_Driver/Src/stm32l4xx_hal_dac.o
                0x08002aba                HAL_DAC_Init
 .text.HAL_DAC_Start
                0x08002afe       0x9a ./Drivers/STM32L4xx_HAL_Driver/Src/stm32l4xx_hal_dac.o
                0x08002afe                HAL_DAC_Start
 .text.HAL_DAC_ConfigChannel
                0x08002b98      0x24e ./Drivers/STM32L4xx_HAL_Driver/Src/stm32l4xx_hal_dac.o
                0x08002b98                HAL_DAC_ConfigChannel
 *fill*         0x08002de6        0x2 
 .text.HAL_DMA_Init
                0x08002de8      0x170 ./Drivers/STM32L4xx_HAL_Driver/Src/stm32l4xx_hal_dma.o
                0x08002de8                HAL_DMA_Init
 .text.HAL_DMA_Start_IT
                0x08002f58       0xc0 ./Drivers/STM32L4xx_HAL_Driver/Src/stm32l4xx_hal_dma.o
                0x08002f58                HAL_DMA_Start_IT
 .text.HAL_DMA_Abort
                0x08003018       0x7c ./Drivers/STM32L4xx_HAL_Driver/Src/stm32l4xx_hal_dma.o
                0x08003018                HAL_DMA_Abort
 .text.HAL_DMA_Abort_IT
                0x08003094       0x82 ./Drivers/STM32L4xx_HAL_Driver/Src/stm32l4xx_hal_dma.o
                0x08003094                HAL_DMA_Abort_IT
 .text.HAL_DMA_IRQHandler
                0x08003116      0x15e ./Drivers/STM32L4xx_HAL_Driver/Src/stm32l4xx_hal_dma.o
                0x08003116                HAL_DMA_IRQHandler
 .text.DMA_SetConfig
                0x08003274       0x60 ./Drivers/STM32L4xx_HAL_Driver/Src/stm32l4xx_hal_dma.o
 .text.HAL_GPIO_Init
                0x080032d4      0x354 ./Drivers/STM32L4xx_HAL_Driver/Src/stm32l4xx_hal_gpio.o
                0x080032d4                HAL_GPIO_Init
 .text.HAL_GPIO_WritePin
                0x08003628       0x30 ./Drivers/STM32L4xx_HAL_Driver/Src/stm32l4xx_hal_gpio.o
                0x08003628                HAL_GPIO_WritePin
 .text.HAL_PWREx_GetVoltageRange
                0x08003658       0x1c ./Drivers/STM32L4xx_HAL_Driver/Src/stm32l4xx_hal_pwr_ex.o
                0x08003658                HAL_PWREx_GetVoltageRange
 .text.HAL_PWREx_ControlVoltageScaling
                0x08003674       0xac ./Drivers/STM32L4xx_HAL_Driver/Src/stm32l4xx_hal_pwr_ex.o
                0x08003674                HAL_PWREx_ControlVoltageScaling
 .text.HAL_RCC_OscConfig
                0x08003720      0x7b8 ./Drivers/STM32L4xx_HAL_Driver/Src/stm32l4xx_hal_rcc.o
                0x08003720                HAL_RCC_OscConfig
 .text.HAL_RCC_ClockConfig
                0x08003ed8      0x200 ./Drivers/STM32L4xx_HAL_Driver/Src/stm32l4xx_hal_rcc.o
                0x08003ed8                HAL_RCC_ClockConfig
 .text.HAL_RCC_GetSysClockFreq
                0x080040d8      0x118 ./Drivers/STM32L4xx_HAL_Driver/Src/stm32l4xx_hal_rcc.o
                0x080040d8                HAL_RCC_GetSysClockFreq
 .text.HAL_RCC_GetHCLKFreq
                0x080041f0       0x18 ./Drivers/STM32L4xx_HAL_Driver/Src/stm32l4xx_hal_rcc.o
                0x080041f0                HAL_RCC_GetHCLKFreq
 .text.HAL_RCC_GetPCLK1Freq
                0x08004208       0x2c ./Drivers/STM32L4xx_HAL_Driver/Src/stm32l4xx_hal_rcc.o
                0x08004208                HAL_RCC_GetPCLK1Freq
 .text.HAL_RCC_GetPCLK2Freq
                0x08004234       0x2c ./Drivers/STM32L4xx_HAL_Driver/Src/stm32l4xx_hal_rcc.o
                0x08004234                HAL_RCC_GetPCLK2Freq
 .text.RCC_SetFlashLatencyFromMSIRange
                0x08004260       0xc0 ./Drivers/STM32L4xx_HAL_Driver/Src/stm32l4xx_hal_rcc.o
 .text.HAL_RCCEx_PeriphCLKConfig
                0x08004320      0x5d4 ./Drivers/STM32L4xx_HAL_Driver/Src/stm32l4xx_hal_rcc_ex.o
                0x08004320                HAL_RCCEx_PeriphCLKConfig
 .text.RCCEx_PLLSAI1_Config
                0x080048f4      0x1e8 ./Drivers/STM32L4xx_HAL_Driver/Src/stm32l4xx_hal_rcc_ex.o
 .text.RCCEx_PLLSAI2_Config
                0x08004adc      0x1bc ./Drivers/STM32L4xx_HAL_Driver/Src/stm32l4xx_hal_rcc_ex.o
 .text.HAL_SPI_Init
                0x08004c98      0x146 ./Drivers/STM32L4xx_HAL_Driver/Src/stm32l4xx_hal_spi.o
                0x08004c98                HAL_SPI_Init
 .text.HAL_SPI_Transmit
                0x08004dde      0x2ea ./Drivers/STM32L4xx_HAL_Driver/Src/stm32l4xx_hal_spi.o
                0x08004dde                HAL_SPI_Transmit
 .text.SPI_WaitFlagStateUntilTimeout
                0x080050c8      0x110 ./Drivers/STM32L4xx_HAL_Driver/Src/stm32l4xx_hal_spi.o
 .text.SPI_WaitFifoStateUntilTimeout
                0x080051d8      0x12c ./Drivers/STM32L4xx_HAL_Driver/Src/stm32l4xx_hal_spi.o
 .text.SPI_EndRxTxTransaction
                0x08005304       0x8c ./Drivers/STM32L4xx_HAL_Driver/Src/stm32l4xx_hal_spi.o
 .text.HAL_TIM_Base_Init
                0x08005390       0xae ./Drivers/STM32L4xx_HAL_Driver/Src/stm32l4xx_hal_tim.o
                0x08005390                HAL_TIM_Base_Init
 *fill*         0x0800543e        0x2 
 .text.HAL_TIM_Base_Start_IT
                0x08005440       0xe0 ./Drivers/STM32L4xx_HAL_Driver/Src/stm32l4xx_hal_tim.o
                0x08005440                HAL_TIM_Base_Start_IT
 .text.HAL_TIM_ConfigClockSource
                0x08005520      0x192 ./Drivers/STM32L4xx_HAL_Driver/Src/stm32l4xx_hal_tim.o
                0x08005520                HAL_TIM_ConfigClockSource
 *fill*         0x080056b2        0x2 
 .text.TIM_Base_SetConfig
                0x080056b4      0x134 ./Drivers/STM32L4xx_HAL_Driver/Src/stm32l4xx_hal_tim.o
                0x080056b4                TIM_Base_SetConfig
 .text.TIM_TI1_ConfigInputStage
                0x080057e8       0x5e ./Drivers/STM32L4xx_HAL_Driver/Src/stm32l4xx_hal_tim.o
 .text.TIM_TI2_ConfigInputStage
                0x08005846       0x60 ./Drivers/STM32L4xx_HAL_Driver/Src/stm32l4xx_hal_tim.o
 .text.TIM_ITRx_SetConfig
                0x080058a6       0x36 ./Drivers/STM32L4xx_HAL_Driver/Src/stm32l4xx_hal_tim.o
 .text.TIM_ETR_SetConfig
                0x080058dc       0x40 ./Drivers/STM32L4xx_HAL_Driver/Src/stm32l4xx_hal_tim.o
                0x080058dc                TIM_ETR_SetConfig
 .text.HAL_TIMEx_MasterConfigSynchronization
                0x0800591c      0x110 ./Drivers/STM32L4xx_HAL_Driver/Src/stm32l4xx_hal_tim_ex.o
                0x0800591c                HAL_TIMEx_MasterConfigSynchronization
 .text.HAL_UART_Init
                0x08005a2c       0x9c ./Drivers/STM32L4xx_HAL_Driver/Src/stm32l4xx_hal_uart.o
                0x08005a2c                HAL_UART_Init
 .text.HAL_UART_Transmit
                0x08005ac8      0x112 ./Drivers/STM32L4xx_HAL_Driver/Src/stm32l4xx_hal_uart.o
                0x08005ac8                HAL_UART_Transmit
 *fill*         0x08005bda        0x2 
 .text.HAL_UART_Receive_IT
                0x08005bdc       0x98 ./Drivers/STM32L4xx_HAL_Driver/Src/stm32l4xx_hal_uart.o
                0x08005bdc                HAL_UART_Receive_IT
 .text.HAL_UART_Abort_IT
                0x08005c74      0x250 ./Drivers/STM32L4xx_HAL_Driver/Src/stm32l4xx_hal_uart.o
                0x08005c74                HAL_UART_Abort_IT
 .text.HAL_UART_IRQHandler
                0x08005ec4      0x5d4 ./Drivers/STM32L4xx_HAL_Driver/Src/stm32l4xx_hal_uart.o
                0x08005ec4                HAL_UART_IRQHandler
 .text.HAL_UART_TxCpltCallback
                0x08006498       0x14 ./Drivers/STM32L4xx_HAL_Driver/Src/stm32l4xx_hal_uart.o
                0x08006498                HAL_UART_TxCpltCallback
 .text.HAL_UART_ErrorCallback
                0x080064ac       0x14 ./Drivers/STM32L4xx_HAL_Driver/Src/stm32l4xx_hal_uart.o
                0x080064ac                HAL_UART_ErrorCallback
 .text.HAL_UART_AbortCpltCallback
                0x080064c0       0x14 ./Drivers/STM32L4xx_HAL_Driver/Src/stm32l4xx_hal_uart.o
                0x080064c0                HAL_UART_AbortCpltCallback
 .text.HAL_UARTEx_RxEventCallback
                0x080064d4       0x18 ./Drivers/STM32L4xx_HAL_Driver/Src/stm32l4xx_hal_uart.o
                0x080064d4                HAL_UARTEx_RxEventCallback
 .text.UART_SetConfig
                0x080064ec      0x570 ./Drivers/STM32L4xx_HAL_Driver/Src/stm32l4xx_hal_uart.o
                0x080064ec                UART_SetConfig
 .text.UART_AdvFeatureConfig
                0x08006a5c      0x144 ./Drivers/STM32L4xx_HAL_Driver/Src/stm32l4xx_hal_uart.o
                0x08006a5c                UART_AdvFeatureConfig
 .text.UART_CheckIdleState
                0x08006ba0      0x150 ./Drivers/STM32L4xx_HAL_Driver/Src/stm32l4xx_hal_uart.o
                0x08006ba0                UART_CheckIdleState
 .text.UART_WaitOnFlagUntilTimeout
                0x08006cf0       0xce ./Drivers/STM32L4xx_HAL_Driver/Src/stm32l4xx_hal_uart.o
                0x08006cf0                UART_WaitOnFlagUntilTimeout
 *fill*         0x08006dbe        0x2 
 .text.UART_Start_Receive_IT
                0x08006dc0      0x18c ./Drivers/STM32L4xx_HAL_Driver/Src/stm32l4xx_hal_uart.o
                0x08006dc0                UART_Start_Receive_IT
 .text.UART_EndRxTransfer
                0x08006f4c       0xc8 ./Drivers/STM32L4xx_HAL_Driver/Src/stm32l4xx_hal_uart.o
 .text.UART_DMAAbortOnError
                0x08007014       0x2c ./Drivers/STM32L4xx_HAL_Driver/Src/stm32l4xx_hal_uart.o
 .text.UART_DMATxAbortCallback
                0x08007040       0x6c ./Drivers/STM32L4xx_HAL_Driver/Src/stm32l4xx_hal_uart.o
 .text.UART_DMARxAbortCallback
                0x080070ac       0x80 ./Drivers/STM32L4xx_HAL_Driver/Src/stm32l4xx_hal_uart.o
 .text.UART_EndTransmit_IT
                0x0800712c       0x54 ./Drivers/STM32L4xx_HAL_Driver/Src/stm32l4xx_hal_uart.o
 .text.UART_RxISR_8BIT
                0x08007180      0x1bc ./Drivers/STM32L4xx_HAL_Driver/Src/stm32l4xx_hal_uart.o
 .text.UART_RxISR_16BIT
                0x0800733c      0x1bc ./Drivers/STM32L4xx_HAL_Driver/Src/stm32l4xx_hal_uart.o
 .text.HAL_UARTEx_WakeupCallback
                0x080074f8       0x14 ./Drivers/STM32L4xx_HAL_Driver/Src/stm32l4xx_hal_uart_ex.o
                0x080074f8                HAL_UARTEx_WakeupCallback
 .text.std      0x0800750c       0x6c C:/ST/STM32CubeIDE_1.14.0/STM32CubeIDE/plugins/com.st.stm32cube.ide.mcu.externaltools.gnu-tools-for-stm32.12.3.rel1.win32_1.0.100.202403111256/tools/bin/../lib/gcc/arm-none-eabi/12.3.1/../../../../arm-none-eabi/lib/thumb/v7e-m+fp/hard\libc_nano.a(libc_a-findfp.o)
 .text.stdio_exit_handler
                0x08007578       0x18 C:/ST/STM32CubeIDE_1.14.0/STM32CubeIDE/plugins/com.st.stm32cube.ide.mcu.externaltools.gnu-tools-for-stm32.12.3.rel1.win32_1.0.100.202403111256/tools/bin/../lib/gcc/arm-none-eabi/12.3.1/../../../../arm-none-eabi/lib/thumb/v7e-m+fp/hard\libc_nano.a(libc_a-findfp.o)
 .text.cleanup_stdio
                0x08007590       0x40 C:/ST/STM32CubeIDE_1.14.0/STM32CubeIDE/plugins/com.st.stm32cube.ide.mcu.externaltools.gnu-tools-for-stm32.12.3.rel1.win32_1.0.100.202403111256/tools/bin/../lib/gcc/arm-none-eabi/12.3.1/../../../../arm-none-eabi/lib/thumb/v7e-m+fp/hard\libc_nano.a(libc_a-findfp.o)
 .text.global_stdio_init.part.0
                0x080075d0       0x3c C:/ST/STM32CubeIDE_1.14.0/STM32CubeIDE/plugins/com.st.stm32cube.ide.mcu.externaltools.gnu-tools-for-stm32.12.3.rel1.win32_1.0.100.202403111256/tools/bin/../lib/gcc/arm-none-eabi/12.3.1/../../../../arm-none-eabi/lib/thumb/v7e-m+fp/hard\libc_nano.a(libc_a-findfp.o)
 .text.__sfp_lock_acquire
                0x0800760c        0xc C:/ST/STM32CubeIDE_1.14.0/STM32CubeIDE/plugins/com.st.stm32cube.ide.mcu.externaltools.gnu-tools-for-stm32.12.3.rel1.win32_1.0.100.202403111256/tools/bin/../lib/gcc/arm-none-eabi/12.3.1/../../../../arm-none-eabi/lib/thumb/v7e-m+fp/hard\libc_nano.a(libc_a-findfp.o)
                0x0800760c                __sfp_lock_acquire
 .text.__sfp_lock_release
                0x08007618        0xc C:/ST/STM32CubeIDE_1.14.0/STM32CubeIDE/plugins/com.st.stm32cube.ide.mcu.externaltools.gnu-tools-for-stm32.12.3.rel1.win32_1.0.100.202403111256/tools/bin/../lib/gcc/arm-none-eabi/12.3.1/../../../../arm-none-eabi/lib/thumb/v7e-m+fp/hard\libc_nano.a(libc_a-findfp.o)
                0x08007618                __sfp_lock_release
 .text.__sinit  0x08007624       0x30 C:/ST/STM32CubeIDE_1.14.0/STM32CubeIDE/plugins/com.st.stm32cube.ide.mcu.externaltools.gnu-tools-for-stm32.12.3.rel1.win32_1.0.100.202403111256/tools/bin/../lib/gcc/arm-none-eabi/12.3.1/../../../../arm-none-eabi/lib/thumb/v7e-m+fp/hard\libc_nano.a(libc_a-findfp.o)
                0x08007624                __sinit
 .text._fwalk_sglue
                0x08007654       0x3c C:/ST/STM32CubeIDE_1.14.0/STM32CubeIDE/plugins/com.st.stm32cube.ide.mcu.externaltools.gnu-tools-for-stm32.12.3.rel1.win32_1.0.100.202403111256/tools/bin/../lib/gcc/arm-none-eabi/12.3.1/../../../../arm-none-eabi/lib/thumb/v7e-m+fp/hard\libc_nano.a(libc_a-fwalk.o)
                0x08007654                _fwalk_sglue
 .text._puts_r  0x08007690       0xaa C:/ST/STM32CubeIDE_1.14.0/STM32CubeIDE/plugins/com.st.stm32cube.ide.mcu.externaltools.gnu-tools-for-stm32.12.3.rel1.win32_1.0.100.202403111256/tools/bin/../lib/gcc/arm-none-eabi/12.3.1/../../../../arm-none-eabi/lib/thumb/v7e-m+fp/hard\libc_nano.a(libc_a-puts.o)
                0x08007690                _puts_r
 *fill*         0x0800773a        0x2 
 .text.puts     0x0800773c       0x10 C:/ST/STM32CubeIDE_1.14.0/STM32CubeIDE/plugins/com.st.stm32cube.ide.mcu.externaltools.gnu-tools-for-stm32.12.3.rel1.win32_1.0.100.202403111256/tools/bin/../lib/gcc/arm-none-eabi/12.3.1/../../../../arm-none-eabi/lib/thumb/v7e-m+fp/hard\libc_nano.a(libc_a-puts.o)
                0x0800773c                puts
 .text.__sread  0x0800774c       0x22 C:/ST/STM32CubeIDE_1.14.0/STM32CubeIDE/plugins/com.st.stm32cube.ide.mcu.externaltools.gnu-tools-for-stm32.12.3.rel1.win32_1.0.100.202403111256/tools/bin/../lib/gcc/arm-none-eabi/12.3.1/../../../../arm-none-eabi/lib/thumb/v7e-m+fp/hard\libc_nano.a(libc_a-stdio.o)
                0x0800774c                __sread
 .text.__swrite
                0x0800776e       0x38 C:/ST/STM32CubeIDE_1.14.0/STM32CubeIDE/plugins/com.st.stm32cube.ide.mcu.externaltools.gnu-tools-for-stm32.12.3.rel1.win32_1.0.100.202403111256/tools/bin/../lib/gcc/arm-none-eabi/12.3.1/../../../../arm-none-eabi/lib/thumb/v7e-m+fp/hard\libc_nano.a(libc_a-stdio.o)
                0x0800776e                __swrite
 .text.__sseek  0x080077a6       0x24 C:/ST/STM32CubeIDE_1.14.0/STM32CubeIDE/plugins/com.st.stm32cube.ide.mcu.externaltools.gnu-tools-for-stm32.12.3.rel1.win32_1.0.100.202403111256/tools/bin/../lib/gcc/arm-none-eabi/12.3.1/../../../../arm-none-eabi/lib/thumb/v7e-m+fp/hard\libc_nano.a(libc_a-stdio.o)
                0x080077a6                __sseek
 .text.__sclose
                0x080077ca        0x8 C:/ST/STM32CubeIDE_1.14.0/STM32CubeIDE/plugins/com.st.stm32cube.ide.mcu.externaltools.gnu-tools-for-stm32.12.3.rel1.win32_1.0.100.202403111256/tools/bin/../lib/gcc/arm-none-eabi/12.3.1/../../../../arm-none-eabi/lib/thumb/v7e-m+fp/hard\libc_nano.a(libc_a-stdio.o)
                0x080077ca                __sclose
 .text.__swbuf_r
                0x080077d2       0x7c C:/ST/STM32CubeIDE_1.14.0/STM32CubeIDE/plugins/com.st.stm32cube.ide.mcu.externaltools.gnu-tools-for-stm32.12.3.rel1.win32_1.0.100.202403111256/tools/bin/../lib/gcc/arm-none-eabi/12.3.1/../../../../arm-none-eabi/lib/thumb/v7e-m+fp/hard\libc_nano.a(libc_a-wbuf.o)
                0x080077d2                __swbuf_r
 *fill*         0x0800784e        0x2 
 .text.__swsetup_r
                0x08007850       0xac C:/ST/STM32CubeIDE_1.14.0/STM32CubeIDE/plugins/com.st.stm32cube.ide.mcu.externaltools.gnu-tools-for-stm32.12.3.rel1.win32_1.0.100.202403111256/tools/bin/../lib/gcc/arm-none-eabi/12.3.1/../../../../arm-none-eabi/lib/thumb/v7e-m+fp/hard\libc_nano.a(libc_a-wsetup.o)
                0x08007850                __swsetup_r
 .text.memset   0x080078fc       0x10 C:/ST/STM32CubeIDE_1.14.0/STM32CubeIDE/plugins/com.st.stm32cube.ide.mcu.externaltools.gnu-tools-for-stm32.12.3.rel1.win32_1.0.100.202403111256/tools/bin/../lib/gcc/arm-none-eabi/12.3.1/../../../../arm-none-eabi/lib/thumb/v7e-m+fp/hard\libc_nano.a(libc_a-memset.o)
                0x080078fc                memset
 .text._close_r
                0x0800790c       0x20 C:/ST/STM32CubeIDE_1.14.0/STM32CubeIDE/plugins/com.st.stm32cube.ide.mcu.externaltools.gnu-tools-for-stm32.12.3.rel1.win32_1.0.100.202403111256/tools/bin/../lib/gcc/arm-none-eabi/12.3.1/../../../../arm-none-eabi/lib/thumb/v7e-m+fp/hard\libc_nano.a(libc_a-closer.o)
                0x0800790c                _close_r
 .text._lseek_r
                0x0800792c       0x24 C:/ST/STM32CubeIDE_1.14.0/STM32CubeIDE/plugins/com.st.stm32cube.ide.mcu.externaltools.gnu-tools-for-stm32.12.3.rel1.win32_1.0.100.202403111256/tools/bin/../lib/gcc/arm-none-eabi/12.3.1/../../../../arm-none-eabi/lib/thumb/v7e-m+fp/hard\libc_nano.a(libc_a-lseekr.o)
                0x0800792c                _lseek_r
 .text._read_r  0x08007950       0x24 C:/ST/STM32CubeIDE_1.14.0/STM32CubeIDE/plugins/com.st.stm32cube.ide.mcu.externaltools.gnu-tools-for-stm32.12.3.rel1.win32_1.0.100.202403111256/tools/bin/../lib/gcc/arm-none-eabi/12.3.1/../../../../arm-none-eabi/lib/thumb/v7e-m+fp/hard\libc_nano.a(libc_a-readr.o)
                0x08007950                _read_r
 .text._write_r
                0x08007974       0x24 C:/ST/STM32CubeIDE_1.14.0/STM32CubeIDE/plugins/com.st.stm32cube.ide.mcu.externaltools.gnu-tools-for-stm32.12.3.rel1.win32_1.0.100.202403111256/tools/bin/../lib/gcc/arm-none-eabi/12.3.1/../../../../arm-none-eabi/lib/thumb/v7e-m+fp/hard\libc_nano.a(libc_a-writer.o)
                0x08007974                _write_r
 .text.__errno  0x08007998        0xc C:/ST/STM32CubeIDE_1.14.0/STM32CubeIDE/plugins/com.st.stm32cube.ide.mcu.externaltools.gnu-tools-for-stm32.12.3.rel1.win32_1.0.100.202403111256/tools/bin/../lib/gcc/arm-none-eabi/12.3.1/../../../../arm-none-eabi/lib/thumb/v7e-m+fp/hard\libc_nano.a(libc_a-errno.o)
                0x08007998                __errno
 .text.__libc_init_array
                0x080079a4       0x48 C:/ST/STM32CubeIDE_1.14.0/STM32CubeIDE/plugins/com.st.stm32cube.ide.mcu.externaltools.gnu-tools-for-stm32.12.3.rel1.win32_1.0.100.202403111256/tools/bin/../lib/gcc/arm-none-eabi/12.3.1/../../../../arm-none-eabi/lib/thumb/v7e-m+fp/hard\libc_nano.a(libc_a-init.o)
                0x080079a4                __libc_init_array
 .text.__retarget_lock_init_recursive
                0x080079ec        0x2 C:/ST/STM32CubeIDE_1.14.0/STM32CubeIDE/plugins/com.st.stm32cube.ide.mcu.externaltools.gnu-tools-for-stm32.12.3.rel1.win32_1.0.100.202403111256/tools/bin/../lib/gcc/arm-none-eabi/12.3.1/../../../../arm-none-eabi/lib/thumb/v7e-m+fp/hard\libc_nano.a(libc_a-lock.o)
                0x080079ec                __retarget_lock_init_recursive
 .text.__retarget_lock_acquire_recursive
                0x080079ee        0x2 C:/ST/STM32CubeIDE_1.14.0/STM32CubeIDE/plugins/com.st.stm32cube.ide.mcu.externaltools.gnu-tools-for-stm32.12.3.rel1.win32_1.0.100.202403111256/tools/bin/../lib/gcc/arm-none-eabi/12.3.1/../../../../arm-none-eabi/lib/thumb/v7e-m+fp/hard\libc_nano.a(libc_a-lock.o)
                0x080079ee                __retarget_lock_acquire_recursive
 .text.__retarget_lock_release_recursive
                0x080079f0        0x2 C:/ST/STM32CubeIDE_1.14.0/STM32CubeIDE/plugins/com.st.stm32cube.ide.mcu.externaltools.gnu-tools-for-stm32.12.3.rel1.win32_1.0.100.202403111256/tools/bin/../lib/gcc/arm-none-eabi/12.3.1/../../../../arm-none-eabi/lib/thumb/v7e-m+fp/hard\libc_nano.a(libc_a-lock.o)
                0x080079f0                __retarget_lock_release_recursive
 *fill*         0x080079f2        0x2 
 .text._free_r  0x080079f4       0x94 C:/ST/STM32CubeIDE_1.14.0/STM32CubeIDE/plugins/com.st.stm32cube.ide.mcu.externaltools.gnu-tools-for-stm32.12.3.rel1.win32_1.0.100.202403111256/tools/bin/../lib/gcc/arm-none-eabi/12.3.1/../../../../arm-none-eabi/lib/thumb/v7e-m+fp/hard\libc_nano.a(libc_a-freer.o)
                0x080079f4                _free_r
 .text.sbrk_aligned
                0x08007a88       0x44 C:/ST/STM32CubeIDE_1.14.0/STM32CubeIDE/plugins/com.st.stm32cube.ide.mcu.externaltools.gnu-tools-for-stm32.12.3.rel1.win32_1.0.100.202403111256/tools/bin/../lib/gcc/arm-none-eabi/12.3.1/../../../../arm-none-eabi/lib/thumb/v7e-m+fp/hard\libc_nano.a(libc_a-mallocr.o)
 .text._malloc_r
                0x08007acc      0x100 C:/ST/STM32CubeIDE_1.14.0/STM32CubeIDE/plugins/com.st.stm32cube.ide.mcu.externaltools.gnu-tools-for-stm32.12.3.rel1.win32_1.0.100.202403111256/tools/bin/../lib/gcc/arm-none-eabi/12.3.1/../../../../arm-none-eabi/lib/thumb/v7e-m+fp/hard\libc_nano.a(libc_a-mallocr.o)
                0x08007acc                _malloc_r
 .text.__malloc_lock
                0x08007bcc        0xc C:/ST/STM32CubeIDE_1.14.0/STM32CubeIDE/plugins/com.st.stm32cube.ide.mcu.externaltools.gnu-tools-for-stm32.12.3.rel1.win32_1.0.100.202403111256/tools/bin/../lib/gcc/arm-none-eabi/12.3.1/../../../../arm-none-eabi/lib/thumb/v7e-m+fp/hard\libc_nano.a(libc_a-mlock.o)
                0x08007bcc                __malloc_lock
 .text.__malloc_unlock
                0x08007bd8        0xc C:/ST/STM32CubeIDE_1.14.0/STM32CubeIDE/plugins/com.st.stm32cube.ide.mcu.externaltools.gnu-tools-for-stm32.12.3.rel1.win32_1.0.100.202403111256/tools/bin/../lib/gcc/arm-none-eabi/12.3.1/../../../../arm-none-eabi/lib/thumb/v7e-m+fp/hard\libc_nano.a(libc_a-mlock.o)
                0x08007bd8                __malloc_unlock
 .text.__sflush_r
                0x08007be4      0x108 C:/ST/STM32CubeIDE_1.14.0/STM32CubeIDE/plugins/com.st.stm32cube.ide.mcu.externaltools.gnu-tools-for-stm32.12.3.rel1.win32_1.0.100.202403111256/tools/bin/../lib/gcc/arm-none-eabi/12.3.1/../../../../arm-none-eabi/lib/thumb/v7e-m+fp/hard\libc_nano.a(libc_a-fflush.o)
                0x08007be4                __sflush_r
 .text._fflush_r
                0x08007cec       0x50 C:/ST/STM32CubeIDE_1.14.0/STM32CubeIDE/plugins/com.st.stm32cube.ide.mcu.externaltools.gnu-tools-for-stm32.12.3.rel1.win32_1.0.100.202403111256/tools/bin/../lib/gcc/arm-none-eabi/12.3.1/../../../../arm-none-eabi/lib/thumb/v7e-m+fp/hard\libc_nano.a(libc_a-fflush.o)
                0x08007cec                _fflush_r
 .text.__swhatbuf_r
                0x08007d3c       0x4c C:/ST/STM32CubeIDE_1.14.0/STM32CubeIDE/plugins/com.st.stm32cube.ide.mcu.externaltools.gnu-tools-for-stm32.12.3.rel1.win32_1.0.100.202403111256/tools/bin/../lib/gcc/arm-none-eabi/12.3.1/../../../../arm-none-eabi/lib/thumb/v7e-m+fp/hard\libc_nano.a(libc_a-makebuf.o)
                0x08007d3c                __swhatbuf_r
 .text.__smakebuf_r
                0x08007d88       0x78 C:/ST/STM32CubeIDE_1.14.0/STM32CubeIDE/plugins/com.st.stm32cube.ide.mcu.externaltools.gnu-tools-for-stm32.12.3.rel1.win32_1.0.100.202403111256/tools/bin/../lib/gcc/arm-none-eabi/12.3.1/../../../../arm-none-eabi/lib/thumb/v7e-m+fp/hard\libc_nano.a(libc_a-makebuf.o)
                0x08007d88                __smakebuf_r
 .text._fstat_r
                0x08007e00       0x24 C:/ST/STM32CubeIDE_1.14.0/STM32CubeIDE/plugins/com.st.stm32cube.ide.mcu.externaltools.gnu-tools-for-stm32.12.3.rel1.win32_1.0.100.202403111256/tools/bin/../lib/gcc/arm-none-eabi/12.3.1/../../../../arm-none-eabi/lib/thumb/v7e-m+fp/hard\libc_nano.a(libc_a-fstatr.o)
                0x08007e00                _fstat_r
 .text._isatty_r
                0x08007e24       0x20 C:/ST/STM32CubeIDE_1.14.0/STM32CubeIDE/plugins/com.st.stm32cube.ide.mcu.externaltools.gnu-tools-for-stm32.12.3.rel1.win32_1.0.100.202403111256/tools/bin/../lib/gcc/arm-none-eabi/12.3.1/../../../../arm-none-eabi/lib/thumb/v7e-m+fp/hard\libc_nano.a(libc_a-isattyr.o)
                0x08007e24                _isatty_r
 .text._sbrk_r  0x08007e44       0x20 C:/ST/STM32CubeIDE_1.14.0/STM32CubeIDE/plugins/com.st.stm32cube.ide.mcu.externaltools.gnu-tools-for-stm32.12.3.rel1.win32_1.0.100.202403111256/tools/bin/../lib/gcc/arm-none-eabi/12.3.1/../../../../arm-none-eabi/lib/thumb/v7e-m+fp/hard\libc_nano.a(libc_a-sbrkr.o)
                0x08007e44                _sbrk_r
 *(.glue_7)
 .glue_7        0x08007e64        0x0 linker stubs
 *(.glue_7t)
 .glue_7t       0x08007e64        0x0 linker stubs
 *(.eh_frame)
 .eh_frame      0x08007e64        0x0 C:/ST/STM32CubeIDE_1.14.0/STM32CubeIDE/plugins/com.st.stm32cube.ide.mcu.externaltools.gnu-tools-for-stm32.12.3.rel1.win32_1.0.100.202403111256/tools/bin/../lib/gcc/arm-none-eabi/12.3.1/thumb/v7e-m+fp/hard/crtbegin.o
 *(.init)
 .init          0x08007e64        0x4 C:/ST/STM32CubeIDE_1.14.0/STM32CubeIDE/plugins/com.st.stm32cube.ide.mcu.externaltools.gnu-tools-for-stm32.12.3.rel1.win32_1.0.100.202403111256/tools/bin/../lib/gcc/arm-none-eabi/12.3.1/thumb/v7e-m+fp/hard/crti.o
                0x08007e64                _init
 .init          0x08007e68        0x8 C:/ST/STM32CubeIDE_1.14.0/STM32CubeIDE/plugins/com.st.stm32cube.ide.mcu.externaltools.gnu-tools-for-stm32.12.3.rel1.win32_1.0.100.202403111256/tools/bin/../lib/gcc/arm-none-eabi/12.3.1/thumb/v7e-m+fp/hard/crtn.o
 *(.fini)
 .fini          0x08007e70        0x4 C:/ST/STM32CubeIDE_1.14.0/STM32CubeIDE/plugins/com.st.stm32cube.ide.mcu.externaltools.gnu-tools-for-stm32.12.3.rel1.win32_1.0.100.202403111256/tools/bin/../lib/gcc/arm-none-eabi/12.3.1/thumb/v7e-m+fp/hard/crti.o
                0x08007e70                _fini
 .fini          0x08007e74        0x8 C:/ST/STM32CubeIDE_1.14.0/STM32CubeIDE/plugins/com.st.stm32cube.ide.mcu.externaltools.gnu-tools-for-stm32.12.3.rel1.win32_1.0.100.202403111256/tools/bin/../lib/gcc/arm-none-eabi/12.3.1/thumb/v7e-m+fp/hard/crtn.o
                0x08007e7c                        . = ALIGN (0x4)
                0x08007e7c                        _etext = .

.vfp11_veneer   0x08007e7c        0x0
 .vfp11_veneer  0x08007e7c        0x0 linker stubs

.v4_bx          0x08007e7c        0x0
 .v4_bx         0x08007e7c        0x0 linker stubs

.iplt           0x08007e7c        0x0
 .iplt          0x08007e7c        0x0 C:/ST/STM32CubeIDE_1.14.0/STM32CubeIDE/plugins/com.st.stm32cube.ide.mcu.externaltools.gnu-tools-for-stm32.12.3.rel1.win32_1.0.100.202403111256/tools/bin/../lib/gcc/arm-none-eabi/12.3.1/thumb/v7e-m+fp/hard/crtbegin.o

.rodata         0x08007e7c      0x114
                0x08007e7c                        . = ALIGN (0x4)
 *(.rodata)
 .rodata        0x08007e7c       0xa6 ./Core/Src/communication.o
 *fill*         0x08007f22        0x2 
 .rodata        0x08007f24       0x13 ./Core/Src/main.o
 *fill*         0x08007f37        0x1 
 .rodata        0x08007f38       0x10 ./Core/Src/stimControl.o
 *(.rodata*)
 .rodata.AHBPrescTable
                0x08007f48       0x10 ./Core/Src/system_stm32l4xx.o
                0x08007f48                AHBPrescTable
 .rodata.APBPrescTable
                0x08007f58        0x8 ./Core/Src/system_stm32l4xx.o
                0x08007f58                APBPrescTable
 .rodata.MSIRangeTable
                0x08007f60       0x30 ./Core/Src/system_stm32l4xx.o
                0x08007f60                MSIRangeTable
                0x08007f90                        . = ALIGN (0x4)

.ARM.extab      0x08007f90        0x0
                0x08007f90                        . = ALIGN (0x4)
 *(.ARM.extab* .gnu.linkonce.armextab.*)
                0x08007f90                        . = ALIGN (0x4)

.ARM            0x08007f90        0x8
                0x08007f90                        . = ALIGN (0x4)
                0x08007f90                        __exidx_start = .
 *(.ARM.exidx*)
 .ARM.exidx     0x08007f90        0x8 C:/ST/STM32CubeIDE_1.14.0/STM32CubeIDE/plugins/com.st.stm32cube.ide.mcu.externaltools.gnu-tools-for-stm32.12.3.rel1.win32_1.0.100.202403111256/tools/bin/../lib/gcc/arm-none-eabi/12.3.1/thumb/v7e-m+fp/hard\libgcc.a(_udivmoddi4.o)
                0x08007f98                        __exidx_end = .
                0x08007f98                        . = ALIGN (0x4)

.preinit_array  0x08007f98        0x0
                0x08007f98                        . = ALIGN (0x4)
                0x08007f98                        PROVIDE (__preinit_array_start = .)
 *(.preinit_array*)
                0x08007f98                        PROVIDE (__preinit_array_end = .)
                0x08007f98                        . = ALIGN (0x4)

.init_array     0x08007f98        0x4
                0x08007f98                        . = ALIGN (0x4)
                0x08007f98                        PROVIDE (__init_array_start = .)
 *(SORT_BY_NAME(.init_array.*))
 *(.init_array*)
 .init_array    0x08007f98        0x4 C:/ST/STM32CubeIDE_1.14.0/STM32CubeIDE/plugins/com.st.stm32cube.ide.mcu.externaltools.gnu-tools-for-stm32.12.3.rel1.win32_1.0.100.202403111256/tools/bin/../lib/gcc/arm-none-eabi/12.3.1/thumb/v7e-m+fp/hard/crtbegin.o
                0x08007f9c                        PROVIDE (__init_array_end = .)
                0x08007f9c                        . = ALIGN (0x4)

.fini_array     0x08007f9c        0x4
                0x08007f9c                        . = ALIGN (0x4)
                [!provide]                        PROVIDE (__fini_array_start = .)
 *(SORT_BY_NAME(.fini_array.*))
 *(.fini_array*)
 .fini_array    0x08007f9c        0x4 C:/ST/STM32CubeIDE_1.14.0/STM32CubeIDE/plugins/com.st.stm32cube.ide.mcu.externaltools.gnu-tools-for-stm32.12.3.rel1.win32_1.0.100.202403111256/tools/bin/../lib/gcc/arm-none-eabi/12.3.1/thumb/v7e-m+fp/hard/crtbegin.o
                [!provide]                        PROVIDE (__fini_array_end = .)
                0x08007fa0                        . = ALIGN (0x4)
                0x08007fa0                        _sidata = LOADADDR (.data)

.rel.dyn        0x08007fa0        0x0
 .rel.iplt      0x08007fa0        0x0 C:/ST/STM32CubeIDE_1.14.0/STM32CubeIDE/plugins/com.st.stm32cube.ide.mcu.externaltools.gnu-tools-for-stm32.12.3.rel1.win32_1.0.100.202403111256/tools/bin/../lib/gcc/arm-none-eabi/12.3.1/thumb/v7e-m+fp/hard/crtbegin.o

.data           0x20000000       0x68 load address 0x08007fa0
                0x20000000                        . = ALIGN (0x4)
                0x20000000                        _sdata = .
 *(.data)
 *(.data*)
 .data.SystemCoreClock
                0x20000000        0x4 ./Core/Src/system_stm32l4xx.o
                0x20000000                SystemCoreClock
 .data.uwTickPrio
                0x20000004        0x4 ./Drivers/STM32L4xx_HAL_Driver/Src/stm32l4xx_hal.o
                0x20000004                uwTickPrio
 .data.uwTickFreq
                0x20000008        0x1 ./Drivers/STM32L4xx_HAL_Driver/Src/stm32l4xx_hal.o
                0x20000008                uwTickFreq
 *fill*         0x20000009        0x3 
 .data.__sglue  0x2000000c        0xc C:/ST/STM32CubeIDE_1.14.0/STM32CubeIDE/plugins/com.st.stm32cube.ide.mcu.externaltools.gnu-tools-for-stm32.12.3.rel1.win32_1.0.100.202403111256/tools/bin/../lib/gcc/arm-none-eabi/12.3.1/../../../../arm-none-eabi/lib/thumb/v7e-m+fp/hard\libc_nano.a(libc_a-findfp.o)
                0x2000000c                __sglue
 .data._impure_ptr
                0x20000018        0x4 C:/ST/STM32CubeIDE_1.14.0/STM32CubeIDE/plugins/com.st.stm32cube.ide.mcu.externaltools.gnu-tools-for-stm32.12.3.rel1.win32_1.0.100.202403111256/tools/bin/../lib/gcc/arm-none-eabi/12.3.1/../../../../arm-none-eabi/lib/thumb/v7e-m+fp/hard\libc_nano.a(libc_a-impure.o)
                0x20000018                _impure_ptr
 .data._impure_data
                0x2000001c       0x4c C:/ST/STM32CubeIDE_1.14.0/STM32CubeIDE/plugins/com.st.stm32cube.ide.mcu.externaltools.gnu-tools-for-stm32.12.3.rel1.win32_1.0.100.202403111256/tools/bin/../lib/gcc/arm-none-eabi/12.3.1/../../../../arm-none-eabi/lib/thumb/v7e-m+fp/hard\libc_nano.a(libc_a-impure.o)
                0x2000001c                _impure_data
 *(.RamFunc)
 *(.RamFunc*)
                0x20000068                        . = ALIGN (0x4)
                0x20000068                        _edata = .

.igot.plt       0x20000068        0x0 load address 0x08008008
 .igot.plt      0x20000068        0x0 C:/ST/STM32CubeIDE_1.14.0/STM32CubeIDE/plugins/com.st.stm32cube.ide.mcu.externaltools.gnu-tools-for-stm32.12.3.rel1.win32_1.0.100.202403111256/tools/bin/../lib/gcc/arm-none-eabi/12.3.1/thumb/v7e-m+fp/hard/crtbegin.o
                0x20000068                        . = ALIGN (0x4)

.bss            0x20000068      0xe7c load address 0x08008008
                0x20000068                        _sbss = .
                0x20000068                        __bss_start__ = _sbss
 *(.bss)
 .bss           0x20000068       0x1c C:/ST/STM32CubeIDE_1.14.0/STM32CubeIDE/plugins/com.st.stm32cube.ide.mcu.externaltools.gnu-tools-for-stm32.12.3.rel1.win32_1.0.100.202403111256/tools/bin/../lib/gcc/arm-none-eabi/12.3.1/thumb/v7e-m+fp/hard/crtbegin.o
 *(.bss*)
 .bss.startParseInput
                0x20000084        0x1 ./Core/Src/communication.o
                0x20000084                startParseInput
 .bss.UART_timeOutOccured
                0x20000085        0x1 ./Core/Src/communication.o
                0x20000085                UART_timeOutOccured
 *fill*         0x20000086        0x2 
 .bss.Rx_data   0x20000088        0x8 ./Core/Src/communication.o
                0x20000088                Rx_data
 .bss.spiHandler
                0x20000090        0x4 ./Core/Src/communication.o
                0x20000090                spiHandler
 .bss.hdac1     0x20000094       0x14 ./Core/Src/main.o
                0x20000094                hdac1
 .bss.hspi1     0x200000a8       0x64 ./Core/Src/main.o
                0x200000a8                hspi1
 .bss.htim2     0x2000010c       0x4c ./Core/Src/main.o
                0x2000010c                htim2
 .bss.hdma_tim2_up
                0x20000158       0x48 ./Core/Src/main.o
                0x20000158                hdma_tim2_up
 .bss.huart2    0x200001a0       0x88 ./Core/Src/main.o
                0x200001a0                huart2
 .bss.A_wave    0x20000228      0x210 ./Core/Src/stimControl.o
                0x20000228                A_wave
 .bss.C_wave    0x20000438      0x210 ./Core/Src/stimControl.o
                0x20000438                C_wave
 .bss.Line_LUT  0x20000648      0x210 ./Core/Src/stimControl.o
                0x20000648                Line_LUT
 .bss.Dummy_Cycle
                0x20000858        0x8 ./Core/Src/stimControl.o
                0x20000858                Dummy_Cycle
 .bss.timerSetting
                0x20000860      0x320 ./Core/Src/stimControl.o
                0x20000860                timerSetting
 .bss.stimulationController
                0x20000b80      0x210 ./Core/Src/stimControl.o
                0x20000b80                stimulationController
 .bss.__sbrk_heap_end
                0x20000d90        0x4 ./Core/Src/sysmem.o
 .bss.uwTick    0x20000d94        0x4 ./Drivers/STM32L4xx_HAL_Driver/Src/stm32l4xx_hal.o
                0x20000d94                uwTick
 .bss.__sf      0x20000d98      0x138 C:/ST/STM32CubeIDE_1.14.0/STM32CubeIDE/plugins/com.st.stm32cube.ide.mcu.externaltools.gnu-tools-for-stm32.12.3.rel1.win32_1.0.100.202403111256/tools/bin/../lib/gcc/arm-none-eabi/12.3.1/../../../../arm-none-eabi/lib/thumb/v7e-m+fp/hard\libc_nano.a(libc_a-findfp.o)
                0x20000d98                __sf
 .bss.__stdio_exit_handler
                0x20000ed0        0x4 C:/ST/STM32CubeIDE_1.14.0/STM32CubeIDE/plugins/com.st.stm32cube.ide.mcu.externaltools.gnu-tools-for-stm32.12.3.rel1.win32_1.0.100.202403111256/tools/bin/../lib/gcc/arm-none-eabi/12.3.1/../../../../arm-none-eabi/lib/thumb/v7e-m+fp/hard\libc_nano.a(libc_a-findfp.o)
                0x20000ed0                __stdio_exit_handler
 .bss.errno     0x20000ed4        0x4 C:/ST/STM32CubeIDE_1.14.0/STM32CubeIDE/plugins/com.st.stm32cube.ide.mcu.externaltools.gnu-tools-for-stm32.12.3.rel1.win32_1.0.100.202403111256/tools/bin/../lib/gcc/arm-none-eabi/12.3.1/../../../../arm-none-eabi/lib/thumb/v7e-m+fp/hard\libc_nano.a(libc_a-reent.o)
                0x20000ed4                errno
 .bss.__lock___malloc_recursive_mutex
                0x20000ed8        0x1 C:/ST/STM32CubeIDE_1.14.0/STM32CubeIDE/plugins/com.st.stm32cube.ide.mcu.externaltools.gnu-tools-for-stm32.12.3.rel1.win32_1.0.100.202403111256/tools/bin/../lib/gcc/arm-none-eabi/12.3.1/../../../../arm-none-eabi/lib/thumb/v7e-m+fp/hard\libc_nano.a(libc_a-lock.o)
                0x20000ed8                __lock___malloc_recursive_mutex
 .bss.__lock___sfp_recursive_mutex
                0x20000ed9        0x1 C:/ST/STM32CubeIDE_1.14.0/STM32CubeIDE/plugins/com.st.stm32cube.ide.mcu.externaltools.gnu-tools-for-stm32.12.3.rel1.win32_1.0.100.202403111256/tools/bin/../lib/gcc/arm-none-eabi/12.3.1/../../../../arm-none-eabi/lib/thumb/v7e-m+fp/hard\libc_nano.a(libc_a-lock.o)
                0x20000ed9                __lock___sfp_recursive_mutex
 *fill*         0x20000eda        0x2 
 .bss.__malloc_sbrk_start
                0x20000edc        0x4 C:/ST/STM32CubeIDE_1.14.0/STM32CubeIDE/plugins/com.st.stm32cube.ide.mcu.externaltools.gnu-tools-for-stm32.12.3.rel1.win32_1.0.100.202403111256/tools/bin/../lib/gcc/arm-none-eabi/12.3.1/../../../../arm-none-eabi/lib/thumb/v7e-m+fp/hard\libc_nano.a(libc_a-mallocr.o)
                0x20000edc                __malloc_sbrk_start
 .bss.__malloc_free_list
                0x20000ee0        0x4 C:/ST/STM32CubeIDE_1.14.0/STM32CubeIDE/plugins/com.st.stm32cube.ide.mcu.externaltools.gnu-tools-for-stm32.12.3.rel1.win32_1.0.100.202403111256/tools/bin/../lib/gcc/arm-none-eabi/12.3.1/../../../../arm-none-eabi/lib/thumb/v7e-m+fp/hard\libc_nano.a(libc_a-mallocr.o)
                0x20000ee0                __malloc_free_list
 *(COMMON)
                0x20000ee4                        . = ALIGN (0x4)
                0x20000ee4                        _ebss = .
                0x20000ee4                        __bss_end__ = _ebss

._user_heap_stack
                0x20000ee4      0x604 load address 0x08008008
                0x20000ee8                        . = ALIGN (0x8)
 *fill*         0x20000ee4        0x4 
                [!provide]                        PROVIDE (end = .)
                0x20000ee8                        PROVIDE (_end = .)
                0x200010e8                        . = (. + _Min_Heap_Size)
 *fill*         0x20000ee8      0x200 
                0x200014e8                        . = (. + _Min_Stack_Size)
 *fill*         0x200010e8      0x400 
                0x200014e8                        . = ALIGN (0x8)

/DISCARD/
 libc.a(*)
 libm.a(*)
 libgcc.a(*)

.ARM.attributes
                0x00000000       0x30
 *(.ARM.attributes)
 .ARM.attributes
                0x00000000       0x22 C:/ST/STM32CubeIDE_1.14.0/STM32CubeIDE/plugins/com.st.stm32cube.ide.mcu.externaltools.gnu-tools-for-stm32.12.3.rel1.win32_1.0.100.202403111256/tools/bin/../lib/gcc/arm-none-eabi/12.3.1/thumb/v7e-m+fp/hard/crti.o
 .ARM.attributes
                0x00000022       0x34 C:/ST/STM32CubeIDE_1.14.0/STM32CubeIDE/plugins/com.st.stm32cube.ide.mcu.externaltools.gnu-tools-for-stm32.12.3.rel1.win32_1.0.100.202403111256/tools/bin/../lib/gcc/arm-none-eabi/12.3.1/thumb/v7e-m+fp/hard/crtbegin.o
 .ARM.attributes
                0x00000056       0x34 ./Core/Src/communication.o
 .ARM.attributes
                0x0000008a       0x34 ./Core/Src/main.o
 .ARM.attributes
                0x000000be       0x34 ./Core/Src/stimControl.o
 .ARM.attributes
                0x000000f2       0x34 ./Core/Src/stm32l4xx_hal_msp.o
 .ARM.attributes
                0x00000126       0x34 ./Core/Src/stm32l4xx_it.o
 .ARM.attributes
                0x0000015a       0x34 ./Core/Src/syscalls.o
 .ARM.attributes
                0x0000018e       0x34 ./Core/Src/sysmem.o
 .ARM.attributes
                0x000001c2       0x34 ./Core/Src/system_stm32l4xx.o
 .ARM.attributes
                0x000001f6       0x21 ./Core/Startup/startup_stm32l476rgtx.o
 .ARM.attributes
                0x00000217       0x34 ./Drivers/STM32L4xx_HAL_Driver/Src/stm32l4xx_hal.o
 .ARM.attributes
                0x0000024b       0x34 ./Drivers/STM32L4xx_HAL_Driver/Src/stm32l4xx_hal_cortex.o
 .ARM.attributes
                0x0000027f       0x34 ./Drivers/STM32L4xx_HAL_Driver/Src/stm32l4xx_hal_dac.o
 .ARM.attributes
                0x000002b3       0x34 ./Drivers/STM32L4xx_HAL_Driver/Src/stm32l4xx_hal_dma.o
 .ARM.attributes
                0x000002e7       0x34 ./Drivers/STM32L4xx_HAL_Driver/Src/stm32l4xx_hal_gpio.o
 .ARM.attributes
                0x0000031b       0x34 ./Drivers/STM32L4xx_HAL_Driver/Src/stm32l4xx_hal_pwr_ex.o
 .ARM.attributes
                0x0000034f       0x34 ./Drivers/STM32L4xx_HAL_Driver/Src/stm32l4xx_hal_rcc.o
 .ARM.attributes
                0x00000383       0x34 ./Drivers/STM32L4xx_HAL_Driver/Src/stm32l4xx_hal_rcc_ex.o
 .ARM.attributes
                0x000003b7       0x34 ./Drivers/STM32L4xx_HAL_Driver/Src/stm32l4xx_hal_spi.o
 .ARM.attributes
                0x000003eb       0x34 ./Drivers/STM32L4xx_HAL_Driver/Src/stm32l4xx_hal_tim.o
 .ARM.attributes
                0x0000041f       0x34 ./Drivers/STM32L4xx_HAL_Driver/Src/stm32l4xx_hal_tim_ex.o
 .ARM.attributes
                0x00000453       0x34 ./Drivers/STM32L4xx_HAL_Driver/Src/stm32l4xx_hal_uart.o
 .ARM.attributes
                0x00000487       0x34 ./Drivers/STM32L4xx_HAL_Driver/Src/stm32l4xx_hal_uart_ex.o
 .ARM.attributes
                0x000004bb       0x34 C:/ST/STM32CubeIDE_1.14.0/STM32CubeIDE/plugins/com.st.stm32cube.ide.mcu.externaltools.gnu-tools-for-stm32.12.3.rel1.win32_1.0.100.202403111256/tools/bin/../lib/gcc/arm-none-eabi/12.3.1/../../../../arm-none-eabi/lib/thumb/v7e-m+fp/hard\libc_nano.a(libc_a-findfp.o)
 .ARM.attributes
                0x000004ef       0x34 C:/ST/STM32CubeIDE_1.14.0/STM32CubeIDE/plugins/com.st.stm32cube.ide.mcu.externaltools.gnu-tools-for-stm32.12.3.rel1.win32_1.0.100.202403111256/tools/bin/../lib/gcc/arm-none-eabi/12.3.1/../../../../arm-none-eabi/lib/thumb/v7e-m+fp/hard\libc_nano.a(libc_a-fwalk.o)
 .ARM.attributes
                0x00000523       0x34 C:/ST/STM32CubeIDE_1.14.0/STM32CubeIDE/plugins/com.st.stm32cube.ide.mcu.externaltools.gnu-tools-for-stm32.12.3.rel1.win32_1.0.100.202403111256/tools/bin/../lib/gcc/arm-none-eabi/12.3.1/../../../../arm-none-eabi/lib/thumb/v7e-m+fp/hard\libc_nano.a(libc_a-puts.o)
 .ARM.attributes
                0x00000557       0x34 C:/ST/STM32CubeIDE_1.14.0/STM32CubeIDE/plugins/com.st.stm32cube.ide.mcu.externaltools.gnu-tools-for-stm32.12.3.rel1.win32_1.0.100.202403111256/tools/bin/../lib/gcc/arm-none-eabi/12.3.1/../../../../arm-none-eabi/lib/thumb/v7e-m+fp/hard\libc_nano.a(libc_a-stdio.o)
 .ARM.attributes
                0x0000058b       0x34 C:/ST/STM32CubeIDE_1.14.0/STM32CubeIDE/plugins/com.st.stm32cube.ide.mcu.externaltools.gnu-tools-for-stm32.12.3.rel1.win32_1.0.100.202403111256/tools/bin/../lib/gcc/arm-none-eabi/12.3.1/../../../../arm-none-eabi/lib/thumb/v7e-m+fp/hard\libc_nano.a(libc_a-wbuf.o)
 .ARM.attributes
                0x000005bf       0x34 C:/ST/STM32CubeIDE_1.14.0/STM32CubeIDE/plugins/com.st.stm32cube.ide.mcu.externaltools.gnu-tools-for-stm32.12.3.rel1.win32_1.0.100.202403111256/tools/bin/../lib/gcc/arm-none-eabi/12.3.1/../../../../arm-none-eabi/lib/thumb/v7e-m+fp/hard\libc_nano.a(libc_a-wsetup.o)
 .ARM.attributes
                0x000005f3       0x34 C:/ST/STM32CubeIDE_1.14.0/STM32CubeIDE/plugins/com.st.stm32cube.ide.mcu.externaltools.gnu-tools-for-stm32.12.3.rel1.win32_1.0.100.202403111256/tools/bin/../lib/gcc/arm-none-eabi/12.3.1/../../../../arm-none-eabi/lib/thumb/v7e-m+fp/hard\libc_nano.a(libc_a-memset.o)
 .ARM.attributes
                0x00000627       0x34 C:/ST/STM32CubeIDE_1.14.0/STM32CubeIDE/plugins/com.st.stm32cube.ide.mcu.externaltools.gnu-tools-for-stm32.12.3.rel1.win32_1.0.100.202403111256/tools/bin/../lib/gcc/arm-none-eabi/12.3.1/../../../../arm-none-eabi/lib/thumb/v7e-m+fp/hard\libc_nano.a(libc_a-closer.o)
 .ARM.attributes
                0x0000065b       0x34 C:/ST/STM32CubeIDE_1.14.0/STM32CubeIDE/plugins/com.st.stm32cube.ide.mcu.externaltools.gnu-tools-for-stm32.12.3.rel1.win32_1.0.100.202403111256/tools/bin/../lib/gcc/arm-none-eabi/12.3.1/../../../../arm-none-eabi/lib/thumb/v7e-m+fp/hard\libc_nano.a(libc_a-reent.o)
 .ARM.attributes
                0x0000068f       0x34 C:/ST/STM32CubeIDE_1.14.0/STM32CubeIDE/plugins/com.st.stm32cube.ide.mcu.externaltools.gnu-tools-for-stm32.12.3.rel1.win32_1.0.100.202403111256/tools/bin/../lib/gcc/arm-none-eabi/12.3.1/../../../../arm-none-eabi/lib/thumb/v7e-m+fp/hard\libc_nano.a(libc_a-impure.o)
 .ARM.attributes
                0x000006c3       0x34 C:/ST/STM32CubeIDE_1.14.0/STM32CubeIDE/plugins/com.st.stm32cube.ide.mcu.externaltools.gnu-tools-for-stm32.12.3.rel1.win32_1.0.100.202403111256/tools/bin/../lib/gcc/arm-none-eabi/12.3.1/../../../../arm-none-eabi/lib/thumb/v7e-m+fp/hard\libc_nano.a(libc_a-lseekr.o)
 .ARM.attributes
                0x000006f7       0x34 C:/ST/STM32CubeIDE_1.14.0/STM32CubeIDE/plugins/com.st.stm32cube.ide.mcu.externaltools.gnu-tools-for-stm32.12.3.rel1.win32_1.0.100.202403111256/tools/bin/../lib/gcc/arm-none-eabi/12.3.1/../../../../arm-none-eabi/lib/thumb/v7e-m+fp/hard\libc_nano.a(libc_a-readr.o)
 .ARM.attributes
                0x0000072b       0x34 C:/ST/STM32CubeIDE_1.14.0/STM32CubeIDE/plugins/com.st.stm32cube.ide.mcu.externaltools.gnu-tools-for-stm32.12.3.rel1.win32_1.0.100.202403111256/tools/bin/../lib/gcc/arm-none-eabi/12.3.1/../../../../arm-none-eabi/lib/thumb/v7e-m+fp/hard\libc_nano.a(libc_a-writer.o)
 .ARM.attributes
                0x0000075f       0x34 C:/ST/STM32CubeIDE_1.14.0/STM32CubeIDE/plugins/com.st.stm32cube.ide.mcu.externaltools.gnu-tools-for-stm32.12.3.rel1.win32_1.0.100.202403111256/tools/bin/../lib/gcc/arm-none-eabi/12.3.1/../../../../arm-none-eabi/lib/thumb/v7e-m+fp/hard\libc_nano.a(libc_a-errno.o)
 .ARM.attributes
                0x00000793       0x34 C:/ST/STM32CubeIDE_1.14.0/STM32CubeIDE/plugins/com.st.stm32cube.ide.mcu.externaltools.gnu-tools-for-stm32.12.3.rel1.win32_1.0.100.202403111256/tools/bin/../lib/gcc/arm-none-eabi/12.3.1/../../../../arm-none-eabi/lib/thumb/v7e-m+fp/hard\libc_nano.a(libc_a-init.o)
 .ARM.attributes
                0x000007c7       0x34 C:/ST/STM32CubeIDE_1.14.0/STM32CubeIDE/plugins/com.st.stm32cube.ide.mcu.externaltools.gnu-tools-for-stm32.12.3.rel1.win32_1.0.100.202403111256/tools/bin/../lib/gcc/arm-none-eabi/12.3.1/../../../../arm-none-eabi/lib/thumb/v7e-m+fp/hard\libc_nano.a(libc_a-lock.o)
 .ARM.attributes
                0x000007fb       0x34 C:/ST/STM32CubeIDE_1.14.0/STM32CubeIDE/plugins/com.st.stm32cube.ide.mcu.externaltools.gnu-tools-for-stm32.12.3.rel1.win32_1.0.100.202403111256/tools/bin/../lib/gcc/arm-none-eabi/12.3.1/../../../../arm-none-eabi/lib/thumb/v7e-m+fp/hard\libc_nano.a(libc_a-freer.o)
 .ARM.attributes
                0x0000082f       0x34 C:/ST/STM32CubeIDE_1.14.0/STM32CubeIDE/plugins/com.st.stm32cube.ide.mcu.externaltools.gnu-tools-for-stm32.12.3.rel1.win32_1.0.100.202403111256/tools/bin/../lib/gcc/arm-none-eabi/12.3.1/../../../../arm-none-eabi/lib/thumb/v7e-m+fp/hard\libc_nano.a(libc_a-mallocr.o)
 .ARM.attributes
                0x00000863       0x34 C:/ST/STM32CubeIDE_1.14.0/STM32CubeIDE/plugins/com.st.stm32cube.ide.mcu.externaltools.gnu-tools-for-stm32.12.3.rel1.win32_1.0.100.202403111256/tools/bin/../lib/gcc/arm-none-eabi/12.3.1/../../../../arm-none-eabi/lib/thumb/v7e-m+fp/hard\libc_nano.a(libc_a-mlock.o)
 .ARM.attributes
                0x00000897       0x34 C:/ST/STM32CubeIDE_1.14.0/STM32CubeIDE/plugins/com.st.stm32cube.ide.mcu.externaltools.gnu-tools-for-stm32.12.3.rel1.win32_1.0.100.202403111256/tools/bin/../lib/gcc/arm-none-eabi/12.3.1/../../../../arm-none-eabi/lib/thumb/v7e-m+fp/hard\libc_nano.a(libc_a-fflush.o)
 .ARM.attributes
                0x000008cb       0x34 C:/ST/STM32CubeIDE_1.14.0/STM32CubeIDE/plugins/com.st.stm32cube.ide.mcu.externaltools.gnu-tools-for-stm32.12.3.rel1.win32_1.0.100.202403111256/tools/bin/../lib/gcc/arm-none-eabi/12.3.1/../../../../arm-none-eabi/lib/thumb/v7e-m+fp/hard\libc_nano.a(libc_a-makebuf.o)
 .ARM.attributes
                0x000008ff       0x34 C:/ST/STM32CubeIDE_1.14.0/STM32CubeIDE/plugins/com.st.stm32cube.ide.mcu.externaltools.gnu-tools-for-stm32.12.3.rel1.win32_1.0.100.202403111256/tools/bin/../lib/gcc/arm-none-eabi/12.3.1/../../../../arm-none-eabi/lib/thumb/v7e-m+fp/hard\libc_nano.a(libc_a-fstatr.o)
 .ARM.attributes
                0x00000933       0x34 C:/ST/STM32CubeIDE_1.14.0/STM32CubeIDE/plugins/com.st.stm32cube.ide.mcu.externaltools.gnu-tools-for-stm32.12.3.rel1.win32_1.0.100.202403111256/tools/bin/../lib/gcc/arm-none-eabi/12.3.1/../../../../arm-none-eabi/lib/thumb/v7e-m+fp/hard\libc_nano.a(libc_a-isattyr.o)
 .ARM.attributes
                0x00000967       0x34 C:/ST/STM32CubeIDE_1.14.0/STM32CubeIDE/plugins/com.st.stm32cube.ide.mcu.externaltools.gnu-tools-for-stm32.12.3.rel1.win32_1.0.100.202403111256/tools/bin/../lib/gcc/arm-none-eabi/12.3.1/../../../../arm-none-eabi/lib/thumb/v7e-m+fp/hard\libc_nano.a(libc_a-sbrkr.o)
 .ARM.attributes
                0x0000099b       0x22 C:/ST/STM32CubeIDE_1.14.0/STM32CubeIDE/plugins/com.st.stm32cube.ide.mcu.externaltools.gnu-tools-for-stm32.12.3.rel1.win32_1.0.100.202403111256/tools/bin/../lib/gcc/arm-none-eabi/12.3.1/thumb/v7e-m+fp/hard\libgcc.a(_arm_addsubdf3.o)
 .ARM.attributes
                0x000009bd       0x22 C:/ST/STM32CubeIDE_1.14.0/STM32CubeIDE/plugins/com.st.stm32cube.ide.mcu.externaltools.gnu-tools-for-stm32.12.3.rel1.win32_1.0.100.202403111256/tools/bin/../lib/gcc/arm-none-eabi/12.3.1/thumb/v7e-m+fp/hard\libgcc.a(_arm_muldivdf3.o)
 .ARM.attributes
                0x000009df       0x22 C:/ST/STM32CubeIDE_1.14.0/STM32CubeIDE/plugins/com.st.stm32cube.ide.mcu.externaltools.gnu-tools-for-stm32.12.3.rel1.win32_1.0.100.202403111256/tools/bin/../lib/gcc/arm-none-eabi/12.3.1/thumb/v7e-m+fp/hard\libgcc.a(_arm_fixunsdfsi.o)
 .ARM.attributes
                0x00000a01       0x22 C:/ST/STM32CubeIDE_1.14.0/STM32CubeIDE/plugins/com.st.stm32cube.ide.mcu.externaltools.gnu-tools-for-stm32.12.3.rel1.win32_1.0.100.202403111256/tools/bin/../lib/gcc/arm-none-eabi/12.3.1/thumb/v7e-m+fp/hard\libgcc.a(_aeabi_uldivmod.o)
 .ARM.attributes
                0x00000a23       0x34 C:/ST/STM32CubeIDE_1.14.0/STM32CubeIDE/plugins/com.st.stm32cube.ide.mcu.externaltools.gnu-tools-for-stm32.12.3.rel1.win32_1.0.100.202403111256/tools/bin/../lib/gcc/arm-none-eabi/12.3.1/thumb/v7e-m+fp/hard\libgcc.a(_udivmoddi4.o)
 .ARM.attributes
                0x00000a57       0x22 C:/ST/STM32CubeIDE_1.14.0/STM32CubeIDE/plugins/com.st.stm32cube.ide.mcu.externaltools.gnu-tools-for-stm32.12.3.rel1.win32_1.0.100.202403111256/tools/bin/../lib/gcc/arm-none-eabi/12.3.1/thumb/v7e-m+fp/hard\libgcc.a(_dvmd_tls.o)
 .ARM.attributes
                0x00000a79       0x22 C:/ST/STM32CubeIDE_1.14.0/STM32CubeIDE/plugins/com.st.stm32cube.ide.mcu.externaltools.gnu-tools-for-stm32.12.3.rel1.win32_1.0.100.202403111256/tools/bin/../lib/gcc/arm-none-eabi/12.3.1/thumb/v7e-m+fp/hard/crtn.o
OUTPUT(stmTest.elf elf32-littlearm)
LOAD linker stubs
LOAD C:/ST/STM32CubeIDE_1.14.0/STM32CubeIDE/plugins/com.st.stm32cube.ide.mcu.externaltools.gnu-tools-for-stm32.12.3.rel1.win32_1.0.100.202403111256/tools/bin/../lib/gcc/arm-none-eabi/12.3.1/../../../../arm-none-eabi/lib/thumb/v7e-m+fp/hard\libc.a
LOAD C:/ST/STM32CubeIDE_1.14.0/STM32CubeIDE/plugins/com.st.stm32cube.ide.mcu.externaltools.gnu-tools-for-stm32.12.3.rel1.win32_1.0.100.202403111256/tools/bin/../lib/gcc/arm-none-eabi/12.3.1/../../../../arm-none-eabi/lib/thumb/v7e-m+fp/hard\libm.a
LOAD C:/ST/STM32CubeIDE_1.14.0/STM32CubeIDE/plugins/com.st.stm32cube.ide.mcu.externaltools.gnu-tools-for-stm32.12.3.rel1.win32_1.0.100.202403111256/tools/bin/../lib/gcc/arm-none-eabi/12.3.1/thumb/v7e-m+fp/hard\libgcc.a

.debug_info     0x00000000    0x1633b
 .debug_info    0x00000000     0x12d2 ./Core/Src/communication.o
 .debug_info    0x000012d2     0x1c35 ./Core/Src/main.o
 .debug_info    0x00002f07      0xec6 ./Core/Src/stimControl.o
 .debug_info    0x00003dcd     0x1928 ./Core/Src/stm32l4xx_hal_msp.o
 .debug_info    0x000056f5      0x8ec ./Core/Src/stm32l4xx_it.o
 .debug_info    0x00005fe1      0x6a3 ./Core/Src/syscalls.o
 .debug_info    0x00006684      0x168 ./Core/Src/sysmem.o
 .debug_info    0x000067ec      0x5b1 ./Core/Src/system_stm32l4xx.o
 .debug_info    0x00006d9d       0x30 ./Core/Startup/startup_stm32l476rgtx.o
 .debug_info    0x00006dcd      0xaeb ./Drivers/STM32L4xx_HAL_Driver/Src/stm32l4xx_hal.o
 .debug_info    0x000078b8      0xd4c ./Drivers/STM32L4xx_HAL_Driver/Src/stm32l4xx_hal_cortex.o
 .debug_info    0x00008604      0xa6f ./Drivers/STM32L4xx_HAL_Driver/Src/stm32l4xx_hal_dac.o
 .debug_info    0x00009073      0x6f4 ./Drivers/STM32L4xx_HAL_Driver/Src/stm32l4xx_hal_dma.o
 .debug_info    0x00009767      0x757 ./Drivers/STM32L4xx_HAL_Driver/Src/stm32l4xx_hal_gpio.o
 .debug_info    0x00009ebe      0x99e ./Drivers/STM32L4xx_HAL_Driver/Src/stm32l4xx_hal_pwr_ex.o
 .debug_info    0x0000a85c      0xc14 ./Drivers/STM32L4xx_HAL_Driver/Src/stm32l4xx_hal_rcc.o
 .debug_info    0x0000b470      0xe11 ./Drivers/STM32L4xx_HAL_Driver/Src/stm32l4xx_hal_rcc_ex.o
 .debug_info    0x0000c281     0x161a ./Drivers/STM32L4xx_HAL_Driver/Src/stm32l4xx_hal_spi.o
 .debug_info    0x0000d89b     0x2a9a ./Drivers/STM32L4xx_HAL_Driver/Src/stm32l4xx_hal_tim.o
 .debug_info    0x00010335     0x169e ./Drivers/STM32L4xx_HAL_Driver/Src/stm32l4xx_hal_tim_ex.o
 .debug_info    0x000119d3     0x3b69 ./Drivers/STM32L4xx_HAL_Driver/Src/stm32l4xx_hal_uart.o
 .debug_info    0x0001553c      0xdff ./Drivers/STM32L4xx_HAL_Driver/Src/stm32l4xx_hal_uart_ex.o

.debug_abbrev   0x00000000     0x2f4b
 .debug_abbrev  0x00000000      0x26d ./Core/Src/communication.o
 .debug_abbrev  0x0000026d      0x30c ./Core/Src/main.o
 .debug_abbrev  0x00000579      0x2c2 ./Core/Src/stimControl.o
 .debug_abbrev  0x0000083b      0x244 ./Core/Src/stm32l4xx_hal_msp.o
 .debug_abbrev  0x00000a7f      0x18c ./Core/Src/stm32l4xx_it.o
 .debug_abbrev  0x00000c0b      0x1b6 ./Core/Src/syscalls.o
 .debug_abbrev  0x00000dc1       0xbc ./Core/Src/sysmem.o
 .debug_abbrev  0x00000e7d      0x11a ./Core/Src/system_stm32l4xx.o
 .debug_abbrev  0x00000f97       0x24 ./Core/Startup/startup_stm32l476rgtx.o
 .debug_abbrev  0x00000fbb      0x242 ./Drivers/STM32L4xx_HAL_Driver/Src/stm32l4xx_hal.o
 .debug_abbrev  0x000011fd      0x327 ./Drivers/STM32L4xx_HAL_Driver/Src/stm32l4xx_hal_cortex.o
 .debug_abbrev  0x00001524      0x21b ./Drivers/STM32L4xx_HAL_Driver/Src/stm32l4xx_hal_dac.o
 .debug_abbrev  0x0000173f      0x1e4 ./Drivers/STM32L4xx_HAL_Driver/Src/stm32l4xx_hal_dma.o
 .debug_abbrev  0x00001923      0x1cb ./Drivers/STM32L4xx_HAL_Driver/Src/stm32l4xx_hal_gpio.o
 .debug_abbrev  0x00001aee      0x1f9 ./Drivers/STM32L4xx_HAL_Driver/Src/stm32l4xx_hal_pwr_ex.o
 .debug_abbrev  0x00001ce7      0x2cb ./Drivers/STM32L4xx_HAL_Driver/Src/stm32l4xx_hal_rcc.o
 .debug_abbrev  0x00001fb2      0x2a6 ./Drivers/STM32L4xx_HAL_Driver/Src/stm32l4xx_hal_rcc_ex.o
 .debug_abbrev  0x00002258      0x26a ./Drivers/STM32L4xx_HAL_Driver/Src/stm32l4xx_hal_spi.o
 .debug_abbrev  0x000024c2      0x278 ./Drivers/STM32L4xx_HAL_Driver/Src/stm32l4xx_hal_tim.o
 .debug_abbrev  0x0000273a      0x283 ./Drivers/STM32L4xx_HAL_Driver/Src/stm32l4xx_hal_tim_ex.o
 .debug_abbrev  0x000029bd      0x2d0 ./Drivers/STM32L4xx_HAL_Driver/Src/stm32l4xx_hal_uart.o
 .debug_abbrev  0x00002c8d      0x2be ./Drivers/STM32L4xx_HAL_Driver/Src/stm32l4xx_hal_uart_ex.o

.debug_aranges  0x00000000     0x1360
 .debug_aranges
                0x00000000       0x38 ./Core/Src/communication.o
 .debug_aranges
                0x00000038       0x70 ./Core/Src/main.o
 .debug_aranges
                0x000000a8       0x60 ./Core/Src/stimControl.o
 .debug_aranges
                0x00000108       0x60 ./Core/Src/stm32l4xx_hal_msp.o
 .debug_aranges
                0x00000168       0x70 ./Core/Src/stm32l4xx_it.o
 .debug_aranges
                0x000001d8       0xa8 ./Core/Src/syscalls.o
 .debug_aranges
                0x00000280       0x20 ./Core/Src/sysmem.o
 .debug_aranges
                0x000002a0       0x28 ./Core/Src/system_stm32l4xx.o
 .debug_aranges
                0x000002c8       0x28 ./Core/Startup/startup_stm32l476rgtx.o
 .debug_aranges
                0x000002f0      0x130 ./Drivers/STM32L4xx_HAL_Driver/Src/stm32l4xx_hal.o
 .debug_aranges
                0x00000420      0x118 ./Drivers/STM32L4xx_HAL_Driver/Src/stm32l4xx_hal_cortex.o
 .debug_aranges
                0x00000538       0xc0 ./Drivers/STM32L4xx_HAL_Driver/Src/stm32l4xx_hal_dac.o
 .debug_aranges
                0x000005f8       0x80 ./Drivers/STM32L4xx_HAL_Driver/Src/stm32l4xx_hal_dma.o
 .debug_aranges
                0x00000678       0x58 ./Drivers/STM32L4xx_HAL_Driver/Src/stm32l4xx_hal_gpio.o
 .debug_aranges
                0x000006d0      0x160 ./Drivers/STM32L4xx_HAL_Driver/Src/stm32l4xx_hal_pwr_ex.o
 .debug_aranges
                0x00000830       0x90 ./Drivers/STM32L4xx_HAL_Driver/Src/stm32l4xx_hal_rcc.o
 .debug_aranges
                0x000008c0       0xc0 ./Drivers/STM32L4xx_HAL_Driver/Src/stm32l4xx_hal_rcc_ex.o
 .debug_aranges
                0x00000980      0x1d8 ./Drivers/STM32L4xx_HAL_Driver/Src/stm32l4xx_hal_spi.o
 .debug_aranges
                0x00000b58      0x3e0 ./Drivers/STM32L4xx_HAL_Driver/Src/stm32l4xx_hal_tim.o
 .debug_aranges
                0x00000f38      0x180 ./Drivers/STM32L4xx_HAL_Driver/Src/stm32l4xx_hal_tim_ex.o
 .debug_aranges
                0x000010b8      0x228 ./Drivers/STM32L4xx_HAL_Driver/Src/stm32l4xx_hal_uart.o
 .debug_aranges
                0x000012e0       0x80 ./Drivers/STM32L4xx_HAL_Driver/Src/stm32l4xx_hal_uart_ex.o

.debug_rnglists
                0x00000000      0xf15
 .debug_rnglists
                0x00000000       0x26 ./Core/Src/communication.o
 .debug_rnglists
                0x00000026       0x53 ./Core/Src/main.o
 .debug_rnglists
                0x00000079       0x49 ./Core/Src/stimControl.o
 .debug_rnglists
                0x000000c2       0x46 ./Core/Src/stm32l4xx_hal_msp.o
 .debug_rnglists
                0x00000108       0x4f ./Core/Src/stm32l4xx_it.o
 .debug_rnglists
                0x00000157       0x79 ./Core/Src/syscalls.o
 .debug_rnglists
                0x000001d0       0x13 ./Core/Src/sysmem.o
 .debug_rnglists
                0x000001e3       0x1a ./Core/Src/system_stm32l4xx.o
 .debug_rnglists
                0x000001fd       0x19 ./Core/Startup/startup_stm32l476rgtx.o
 .debug_rnglists
                0x00000216       0xdf ./Drivers/STM32L4xx_HAL_Driver/Src/stm32l4xx_hal.o
 .debug_rnglists
                0x000002f5       0xce ./Drivers/STM32L4xx_HAL_Driver/Src/stm32l4xx_hal_cortex.o
 .debug_rnglists
                0x000003c3       0x90 ./Drivers/STM32L4xx_HAL_Driver/Src/stm32l4xx_hal_dac.o
 .debug_rnglists
                0x00000453       0x64 ./Drivers/STM32L4xx_HAL_Driver/Src/stm32l4xx_hal_dma.o
 .debug_rnglists
                0x000004b7       0x3f ./Drivers/STM32L4xx_HAL_Driver/Src/stm32l4xx_hal_gpio.o
 .debug_rnglists
                0x000004f6      0x109 ./Drivers/STM32L4xx_HAL_Driver/Src/stm32l4xx_hal_pwr_ex.o
 .debug_rnglists
                0x000005ff       0x6d ./Drivers/STM32L4xx_HAL_Driver/Src/stm32l4xx_hal_rcc.o
 .debug_rnglists
                0x0000066c       0x95 ./Drivers/STM32L4xx_HAL_Driver/Src/stm32l4xx_hal_rcc_ex.o
 .debug_rnglists
                0x00000701      0x178 ./Drivers/STM32L4xx_HAL_Driver/Src/stm32l4xx_hal_spi.o
 .debug_rnglists
                0x00000879      0x328 ./Drivers/STM32L4xx_HAL_Driver/Src/stm32l4xx_hal_tim.o
 .debug_rnglists
                0x00000ba1      0x139 ./Drivers/STM32L4xx_HAL_Driver/Src/stm32l4xx_hal_tim_ex.o
 .debug_rnglists
                0x00000cda      0x1db ./Drivers/STM32L4xx_HAL_Driver/Src/stm32l4xx_hal_uart.o
 .debug_rnglists
                0x00000eb5       0x60 ./Drivers/STM32L4xx_HAL_Driver/Src/stm32l4xx_hal_uart_ex.o

.debug_macro    0x00000000    0x292e1
 .debug_macro   0x00000000      0x2dd ./Core/Src/communication.o
 .debug_macro   0x000002dd      0xab4 ./Core/Src/communication.o
 .debug_macro   0x00000d91      0x1b3 ./Core/Src/communication.o
 .debug_macro   0x00000f44       0x2e ./Core/Src/communication.o
 .debug_macro   0x00000f72       0x28 ./Core/Src/communication.o
 .debug_macro   0x00000f9a       0x22 ./Core/Src/communication.o
 .debug_macro   0x00000fbc       0x8e ./Core/Src/communication.o
 .debug_macro   0x0000104a       0x51 ./Core/Src/communication.o
 .debug_macro   0x0000109b      0x103 ./Core/Src/communication.o
 .debug_macro   0x0000119e       0x6a ./Core/Src/communication.o
 .debug_macro   0x00001208      0x1df ./Core/Src/communication.o
 .debug_macro   0x000013e7       0x1c ./Core/Src/communication.o
 .debug_macro   0x00001403       0x22 ./Core/Src/communication.o
 .debug_macro   0x00001425       0xfb ./Core/Src/communication.o
 .debug_macro   0x00001520     0x1011 ./Core/Src/communication.o
 .debug_macro   0x00002531      0x11f ./Core/Src/communication.o
 .debug_macro   0x00002650    0x1a17a ./Core/Src/communication.o
 .debug_macro   0x0001c7ca       0x6d ./Core/Src/communication.o
 .debug_macro   0x0001c837     0x38e6 ./Core/Src/communication.o
 .debug_macro   0x0002011d      0x189 ./Core/Src/communication.o
 .debug_macro   0x000202a6       0x5c ./Core/Src/communication.o
 .debug_macro   0x00020302     0x159e ./Core/Src/communication.o
 .debug_macro   0x000218a0      0x5a5 ./Core/Src/communication.o
 .debug_macro   0x00021e45      0x1b9 ./Core/Src/communication.o
 .debug_macro   0x00021ffe      0x18b ./Core/Src/communication.o
 .debug_macro   0x00022189      0x26b ./Core/Src/communication.o
 .debug_macro   0x000223f4      0x23d ./Core/Src/communication.o
 .debug_macro   0x00022631      0x153 ./Core/Src/communication.o
 .debug_macro   0x00022784       0xd8 ./Core/Src/communication.o
 .debug_macro   0x0002285c      0x241 ./Core/Src/communication.o
 .debug_macro   0x00022a9d      0x37c ./Core/Src/communication.o
 .debug_macro   0x00022e19       0xd6 ./Core/Src/communication.o
 .debug_macro   0x00022eef      0x122 ./Core/Src/communication.o
 .debug_macro   0x00023011      0x3ef ./Core/Src/communication.o
 .debug_macro   0x00023400      0x2fe ./Core/Src/communication.o
 .debug_macro   0x000236fe      0xa98 ./Core/Src/communication.o
 .debug_macro   0x00024196      0x1e6 ./Core/Src/communication.o
 .debug_macro   0x0002437c      0x5cf ./Core/Src/communication.o
 .debug_macro   0x0002494b       0x44 ./Core/Src/communication.o
 .debug_macro   0x0002498f      0x330 ./Core/Src/communication.o
 .debug_macro   0x00024cbf       0x61 ./Core/Src/communication.o
 .debug_macro   0x00024d20       0x2a ./Core/Src/communication.o
 .debug_macro   0x00024d4a       0x43 ./Core/Src/communication.o
 .debug_macro   0x00024d8d       0x34 ./Core/Src/communication.o
 .debug_macro   0x00024dc1       0x16 ./Core/Src/communication.o
 .debug_macro   0x00024dd7       0x35 ./Core/Src/communication.o
 .debug_macro   0x00024e0c      0x369 ./Core/Src/communication.o
 .debug_macro   0x00025175       0x10 ./Core/Src/communication.o
 .debug_macro   0x00025185       0x16 ./Core/Src/communication.o
 .debug_macro   0x0002519b       0x43 ./Core/Src/communication.o
 .debug_macro   0x000251de       0x34 ./Core/Src/communication.o
 .debug_macro   0x00025212       0x10 ./Core/Src/communication.o
 .debug_macro   0x00025222       0x58 ./Core/Src/communication.o
 .debug_macro   0x0002527a       0x8e ./Core/Src/communication.o
 .debug_macro   0x00025308       0x1c ./Core/Src/communication.o
 .debug_macro   0x00025324      0x177 ./Core/Src/communication.o
 .debug_macro   0x0002549b       0x16 ./Core/Src/communication.o
 .debug_macro   0x000254b1       0x16 ./Core/Src/communication.o
 .debug_macro   0x000254c7      0x146 ./Core/Src/communication.o
 .debug_macro   0x0002560d       0x22 ./Core/Src/communication.o
 .debug_macro   0x0002562f       0x2e ./Core/Src/communication.o
 .debug_macro   0x0002565d      0x2f8 ./Core/Src/main.o
 .debug_macro   0x00025955       0x10 ./Core/Src/main.o
 .debug_macro   0x00025965      0x19b ./Core/Src/main.o
 .debug_macro   0x00025b00       0x1c ./Core/Src/main.o
 .debug_macro   0x00025b1c       0x1c ./Core/Src/main.o
 .debug_macro   0x00025b38      0x2e9 ./Core/Src/main.o
 .debug_macro   0x00025e21      0x2ee ./Core/Src/stimControl.o
 .debug_macro   0x0002610f       0x5b ./Core/Src/stimControl.o
 .debug_macro   0x0002616a       0x94 ./Core/Src/stimControl.o
 .debug_macro   0x000261fe       0x57 ./Core/Src/stimControl.o
 .debug_macro   0x00026255       0x9e ./Core/Src/stimControl.o
 .debug_macro   0x000262f3      0x10b ./Core/Src/stimControl.o
 .debug_macro   0x000263fe       0x56 ./Core/Src/stimControl.o
 .debug_macro   0x00026454      0x1f8 ./Core/Src/stm32l4xx_hal_msp.o
 .debug_macro   0x0002664c      0x214 ./Core/Src/stm32l4xx_it.o
 .debug_macro   0x00026860      0x274 ./Core/Src/syscalls.o
 .debug_macro   0x00026ad4       0x10 ./Core/Src/syscalls.o
 .debug_macro   0x00026ae4       0x10 ./Core/Src/syscalls.o
 .debug_macro   0x00026af4       0x10 ./Core/Src/syscalls.o
 .debug_macro   0x00026b04       0x10 ./Core/Src/syscalls.o
 .debug_macro   0x00026b14       0x1c ./Core/Src/syscalls.o
 .debug_macro   0x00026b30       0x52 ./Core/Src/syscalls.o
 .debug_macro   0x00026b82       0x22 ./Core/Src/syscalls.o
 .debug_macro   0x00026ba4       0x10 ./Core/Src/syscalls.o
 .debug_macro   0x00026bb4       0x52 ./Core/Src/syscalls.o
 .debug_macro   0x00026c06       0xcf ./Core/Src/syscalls.o
 .debug_macro   0x00026cd5       0x1c ./Core/Src/syscalls.o
 .debug_macro   0x00026cf1       0x3d ./Core/Src/syscalls.o
 .debug_macro   0x00026d2e       0x35 ./Core/Src/syscalls.o
 .debug_macro   0x00026d63      0x12c ./Core/Src/syscalls.o
 .debug_macro   0x00026e8f       0x16 ./Core/Src/syscalls.o
 .debug_macro   0x00026ea5       0x16 ./Core/Src/syscalls.o
 .debug_macro   0x00026ebb       0x29 ./Core/Src/syscalls.o
 .debug_macro   0x00026ee4       0x10 ./Core/Src/syscalls.o
 .debug_macro   0x00026ef4      0x242 ./Core/Src/syscalls.o
 .debug_macro   0x00027136       0x10 ./Core/Src/syscalls.o
 .debug_macro   0x00027146      0x18a ./Core/Src/syscalls.o
 .debug_macro   0x000272d0       0x16 ./Core/Src/syscalls.o
 .debug_macro   0x000272e6       0xce ./Core/Src/syscalls.o
 .debug_macro   0x000273b4       0xff ./Core/Src/sysmem.o
 .debug_macro   0x000274b3      0x23c ./Core/Src/sysmem.o
 .debug_macro   0x000276ef      0x1e9 ./Core/Src/system_stm32l4xx.o
 .debug_macro   0x000278d8      0x237 ./Drivers/STM32L4xx_HAL_Driver/Src/stm32l4xx_hal.o
 .debug_macro   0x00027b0f      0x1e9 ./Drivers/STM32L4xx_HAL_Driver/Src/stm32l4xx_hal_cortex.o
 .debug_macro   0x00027cf8      0x1f8 ./Drivers/STM32L4xx_HAL_Driver/Src/stm32l4xx_hal_dac.o
 .debug_macro   0x00027ef0      0x1e9 ./Drivers/STM32L4xx_HAL_Driver/Src/stm32l4xx_hal_dma.o
 .debug_macro   0x000280d9      0x1f0 ./Drivers/STM32L4xx_HAL_Driver/Src/stm32l4xx_hal_gpio.o
 .debug_macro   0x000282c9      0x20d ./Drivers/STM32L4xx_HAL_Driver/Src/stm32l4xx_hal_pwr_ex.o
 .debug_macro   0x000284d6      0x22b ./Drivers/STM32L4xx_HAL_Driver/Src/stm32l4xx_hal_rcc.o
 .debug_macro   0x00028701      0x21f ./Drivers/STM32L4xx_HAL_Driver/Src/stm32l4xx_hal_rcc_ex.o
 .debug_macro   0x00028920      0x1f1 ./Drivers/STM32L4xx_HAL_Driver/Src/stm32l4xx_hal_spi.o
 .debug_macro   0x00028b11      0x1ea ./Drivers/STM32L4xx_HAL_Driver/Src/stm32l4xx_hal_tim.o
 .debug_macro   0x00028cfb      0x1e9 ./Drivers/STM32L4xx_HAL_Driver/Src/stm32l4xx_hal_tim_ex.o
 .debug_macro   0x00028ee4      0x214 ./Drivers/STM32L4xx_HAL_Driver/Src/stm32l4xx_hal_uart.o
 .debug_macro   0x000290f8      0x1e9 ./Drivers/STM32L4xx_HAL_Driver/Src/stm32l4xx_hal_uart_ex.o

.debug_line     0x00000000    0x17cf6
 .debug_line    0x00000000      0xbd8 ./Core/Src/communication.o
 .debug_line    0x00000bd8      0xbf5 ./Core/Src/main.o
 .debug_line    0x000017cd      0xec2 ./Core/Src/stimControl.o
 .debug_line    0x0000268f      0x906 ./Core/Src/stm32l4xx_hal_msp.o
 .debug_line    0x00002f95      0x8de ./Core/Src/stm32l4xx_it.o
 .debug_line    0x00003873      0x8b2 ./Core/Src/syscalls.o
 .debug_line    0x00004125      0x583 ./Core/Src/sysmem.o
 .debug_line    0x000046a8      0x84c ./Core/Src/system_stm32l4xx.o
 .debug_line    0x00004ef4       0x7a ./Core/Startup/startup_stm32l476rgtx.o
 .debug_line    0x00004f6e      0xba7 ./Drivers/STM32L4xx_HAL_Driver/Src/stm32l4xx_hal.o
 .debug_line    0x00005b15      0xd46 ./Drivers/STM32L4xx_HAL_Driver/Src/stm32l4xx_hal_cortex.o
 .debug_line    0x0000685b      0xc8d ./Drivers/STM32L4xx_HAL_Driver/Src/stm32l4xx_hal_dac.o
 .debug_line    0x000074e8      0xdac ./Drivers/STM32L4xx_HAL_Driver/Src/stm32l4xx_hal_dma.o
 .debug_line    0x00008294      0xc33 ./Drivers/STM32L4xx_HAL_Driver/Src/stm32l4xx_hal_gpio.o
 .debug_line    0x00008ec7      0xd99 ./Drivers/STM32L4xx_HAL_Driver/Src/stm32l4xx_hal_pwr_ex.o
 .debug_line    0x00009c60     0x101e ./Drivers/STM32L4xx_HAL_Driver/Src/stm32l4xx_hal_rcc.o
 .debug_line    0x0000ac7e     0x1592 ./Drivers/STM32L4xx_HAL_Driver/Src/stm32l4xx_hal_rcc_ex.o
 .debug_line    0x0000c210     0x2059 ./Drivers/STM32L4xx_HAL_Driver/Src/stm32l4xx_hal_spi.o
 .debug_line    0x0000e269     0x3e9f ./Drivers/STM32L4xx_HAL_Driver/Src/stm32l4xx_hal_tim.o
 .debug_line    0x00012108     0x1cb0 ./Drivers/STM32L4xx_HAL_Driver/Src/stm32l4xx_hal_tim_ex.o
 .debug_line    0x00013db8     0x3291 ./Drivers/STM32L4xx_HAL_Driver/Src/stm32l4xx_hal_uart.o
 .debug_line    0x00017049      0xcad ./Drivers/STM32L4xx_HAL_Driver/Src/stm32l4xx_hal_uart_ex.o

.debug_str      0x00000000    0xf9f2a
 .debug_str     0x00000000    0xf13ba ./Core/Src/communication.o
                              0xf179e (size before relaxing)
 .debug_str     0x000f13ba     0x25ce ./Core/Src/main.o
                              0xf3b32 (size before relaxing)
 .debug_str     0x000f3988       0xea ./Core/Src/stimControl.o
                              0xf1d27 (size before relaxing)
 .debug_str     0x000f3a72      0x388 ./Core/Src/stm32l4xx_hal_msp.o
                              0xee816 (size before relaxing)
 .debug_str     0x000f3dfa      0x11b ./Core/Src/stm32l4xx_it.o
                              0xeda09 (size before relaxing)
 .debug_str     0x000f3f15     0x20b0 ./Core/Src/syscalls.o
                               0x98b4 (size before relaxing)
 .debug_str     0x000f5fc5       0x6b ./Core/Src/sysmem.o
                               0x60cc (size before relaxing)
 .debug_str     0x000f6030       0x9e ./Core/Src/system_stm32l4xx.o
                              0xed53c (size before relaxing)
 .debug_str     0x000f60ce       0x44 ./Core/Startup/startup_stm32l476rgtx.o
                                 0x7f (size before relaxing)
 .debug_str     0x000f6112      0x62d ./Drivers/STM32L4xx_HAL_Driver/Src/stm32l4xx_hal.o
                              0xee0cf (size before relaxing)
 .debug_str     0x000f673f      0x317 ./Drivers/STM32L4xx_HAL_Driver/Src/stm32l4xx_hal_cortex.o
                              0xedd83 (size before relaxing)
 .debug_str     0x000f6a56      0x23d ./Drivers/STM32L4xx_HAL_Driver/Src/stm32l4xx_hal_dac.o
                              0xeda08 (size before relaxing)
 .debug_str     0x000f6c93      0x205 ./Drivers/STM32L4xx_HAL_Driver/Src/stm32l4xx_hal_dma.o
                              0xed7a6 (size before relaxing)
 .debug_str     0x000f6e98      0x123 ./Drivers/STM32L4xx_HAL_Driver/Src/stm32l4xx_hal_gpio.o
                              0xed6b5 (size before relaxing)
 .debug_str     0x000f6fbb      0x4e3 ./Drivers/STM32L4xx_HAL_Driver/Src/stm32l4xx_hal_pwr_ex.o
                              0xeda97 (size before relaxing)
 .debug_str     0x000f749e      0x3ac ./Drivers/STM32L4xx_HAL_Driver/Src/stm32l4xx_hal_rcc.o