../Core/Src/main.c:85:1:__io_putchar	16	static
../Core/Src/main.c:121:5:main	16	static
../Core/Src/main.c:237:6:SystemClock_Config	96	static
../Core/Src/main.c:286:13:MX_DAC1_Init	48	static
../Core/Src/main.c:329:13:MX_SPI1_Init	8	static
../Core/Src/main.c:369:13:MX_TIM2_Init	40	static
../Core/Src/main.c:414:13:MX_USART2_UART_Init	8	static
../Core/Src/main.c:447:13:MX_DMA_Init	16	static
../Core/Src/main.c:465:13:MX_GPIO_Init	48	static
../Core/Src/main.c:524:6:HAL_UART_RxCpltCallback	16	static
../Core/Src/main.c:551:6:Error_Handler	4	static,ignoring_inline_asm
