../Core/Src/main.c:91:1:__io_putchar	16	static
../Core/Src/main.c:129:5:main	16	static
../Core/Src/main.c:267:6:SystemClock_Config	96	static
../Core/Src/main.c:316:13:MX_DAC1_Init	48	static
../Core/Src/main.c:359:13:MX_SPI1_Init	8	static
../Core/Src/main.c:399:13:MX_TIM2_Init	40	static
../Core/Src/main.c:444:13:MX_USART1_UART_Init	8	static
../Core/Src/main.c:479:13:MX_USART2_UART_Init	8	static
../Core/Src/main.c:512:13:MX_DMA_Init	16	static
../Core/Src/main.c:530:13:MX_GPIO_Init	48	static
../Core/Src/main.c:589:6:HAL_UART_RxCpltCallback	16	static
../Core/Src/main.c:635:6:Error_Handler	4	static,ignoring_inline_asm
