../Core/Src/stimControl.c:26:6:initializeTimerSettings	4	static
../Core/Src/stimControl.c:35:6:initializeStimparams	16	static
../Core/Src/stimControl.c:71:6:offsetData	552	static
../Core/Src/stimControl.c:86:6:fillWithBell	192	static
../Core/Src/stimControl.c:146:10:swapBits	40	static
../Core/Src/stimControl.c:175:6:generateStimulationPattern	24	static
../Core/Src/stimControl.c:216:6:start_DMA	8	static
../Core/Src/stimControl.c:224:6:enablePanel	16	static
../Core/Src/stimControl.c:235:6:handleStimulation	4	static
